# ******************************************************
# PLUTO 4.4-patch2 Grid File
# Generated on  Mon Jan 26 00:53:44 2026
# 
# DIMENSIONS: 2
# GEOMETRY:   POLAR
# X1: [ 0.750000,  1.250000], 150 point(s), 2 ghosts
# X2: [ 0.000000,  6.283185], 180 point(s), 2 ghosts
# ******************************************************
150 
 1   7.500000000000e-01    7.525584821069e-01
 2   7.525584821069e-01    7.551256919881e-01
 3   7.551256919881e-01    7.577016594166e-01
 4   7.577016594166e-01    7.602864142673e-01
 5   7.602864142673e-01    7.628799865166e-01
 6   7.628799865166e-01    7.654824062436e-01
 7   7.654824062436e-01    7.680937036296e-01
 8   7.680937036296e-01    7.707139089591e-01
 9   7.707139089591e-01    7.733430526200e-01
 10   7.733430526200e-01    7.759811651035e-01
 11   7.759811651035e-01    7.786282770051e-01
 12   7.786282770051e-01    7.812844190246e-01
 13   7.812844190246e-01    7.839496219666e-01
 14   7.839496219666e-01    7.866239167406e-01
 15   7.866239167406e-01    7.893073343617e-01
 16   7.893073343617e-01    7.919999059508e-01
 17   7.919999059508e-01    7.947016627348e-01
 18   7.947016627348e-01    7.974126360474e-01
 19   7.974126360474e-01    8.001328573289e-01
 20   8.001328573289e-01    8.028623581271e-01
 21   8.028623581271e-01    8.056011700972e-01
 22   8.056011700972e-01    8.083493250025e-01
 23   8.083493250025e-01    8.111068547147e-01
 24   8.111068547147e-01    8.138737912141e-01
 25   8.138737912141e-01    8.166501665903e-01
 26   8.166501665903e-01    8.194360130420e-01
 27   8.194360130420e-01    8.222313628782e-01
 28   8.222313628782e-01    8.250362485177e-01
 29   8.250362485177e-01    8.278507024902e-01
 30   8.278507024902e-01    8.306747574362e-01
 31   8.306747574362e-01    8.335084461076e-01
 32   8.335084461076e-01    8.363518013680e-01
 33   8.363518013680e-01    8.392048561932e-01
 34   8.392048561932e-01    8.420676436713e-01
 35   8.420676436713e-01    8.449401970035e-01
 36   8.449401970035e-01    8.478225495041e-01
 37   8.478225495041e-01    8.507147346011e-01
 38   8.507147346011e-01    8.536167858365e-01
 39   8.536167858365e-01    8.565287368668e-01
 40   8.565287368668e-01    8.594506214632e-01
 41   8.594506214632e-01    8.623824735122e-01
 42   8.623824735122e-01    8.653243270159e-01
 43   8.653243270159e-01    8.682762160924e-01
 44   8.682762160924e-01    8.712381749760e-01
 45   8.712381749760e-01    8.742102380180e-01
 46   8.742102380180e-01    8.771924396869e-01
 47   8.771924396869e-01    8.801848145685e-01
 48   8.801848145685e-01    8.831873973670e-01
 49   8.831873973670e-01    8.862002229046e-01
 50   8.862002229046e-01    8.892233261225e-01
 51   8.892233261225e-01    8.922567420811e-01
 52   8.922567420811e-01    8.953005059602e-01
 53   8.953005059602e-01    8.983546530600e-01
 54   8.983546530600e-01    9.014192188006e-01
 55   9.014192188006e-01    9.044942387235e-01
 56   9.044942387235e-01    9.075797484909e-01
 57   9.075797484909e-01    9.106757838870e-01
 58   9.106757838870e-01    9.137823808180e-01
 59   9.137823808180e-01    9.168995753126e-01
 60   9.168995753126e-01    9.200274035223e-01
 61   9.200274035223e-01    9.231659017220e-01
 62   9.231659017220e-01    9.263151063103e-01
 63   9.263151063103e-01    9.294750538101e-01
 64   9.294750538101e-01    9.326457808688e-01
 65   9.326457808688e-01    9.358273242587e-01
 66   9.358273242587e-01    9.390197208777e-01
 67   9.390197208777e-01    9.422230077495e-01
 68   9.422230077495e-01    9.454372220243e-01
 69   9.454372220243e-01    9.486624009786e-01
 70   9.486624009786e-01    9.518985820164e-01
 71   9.518985820164e-01    9.551458026693e-01
 72   9.551458026693e-01    9.584041005968e-01
 73   9.584041005968e-01    9.616735135869e-01
 74   9.616735135869e-01    9.649540795565e-01
 75   9.649540795565e-01    9.682458365519e-01
 76   9.682458365519e-01    9.715488227491e-01
 77   9.715488227491e-01    9.748630764544e-01
 78   9.748630764544e-01    9.781886361047e-01
 79   9.781886361047e-01    9.815255402683e-01
 80   9.815255402683e-01    9.848738276446e-01
 81   9.848738276446e-01    9.882335370654e-01
 82   9.882335370654e-01    9.916047074947e-01
 83   9.916047074947e-01    9.949873780297e-01
 84   9.949873780297e-01    9.983815879008e-01
 85   9.983815879008e-01    1.001787376472e+00
 86   1.001787376472e+00    1.005204783242e+00
 87   1.005204783242e+00    1.008633847845e+00
 88   1.008633847845e+00    1.012074610047e+00
 89   1.012074610047e+00    1.015527109755e+00
 90   1.015527109755e+00    1.018991387007e+00
 91   1.018991387007e+00    1.022467481982e+00
 92   1.022467481982e+00    1.025955434992e+00
 93   1.025955434992e+00    1.029455286489e+00
 94   1.029455286489e+00    1.032967077063e+00
 95   1.032967077063e+00    1.036490847441e+00
 96   1.036490847441e+00    1.040026638491e+00
 97   1.040026638491e+00    1.043574491218e+00
 98   1.043574491218e+00    1.047134446768e+00
 99   1.047134446768e+00    1.050706546429e+00
 100   1.050706546429e+00    1.054290831627e+00
 101   1.054290831627e+00    1.057887343931e+00
 102   1.057887343931e+00    1.061496125052e+00
 103   1.061496125052e+00    1.065117216842e+00
 104   1.065117216842e+00    1.068750661297e+00
 105   1.068750661297e+00    1.072396500555e+00
 106   1.072396500555e+00    1.076054776899e+00
 107   1.076054776899e+00    1.079725532756e+00
 108   1.079725532756e+00    1.083408810698e+00
 109   1.083408810698e+00    1.087104653440e+00
 110   1.087104653440e+00    1.090813103845e+00
 111   1.090813103845e+00    1.094534204923e+00
 112   1.094534204923e+00    1.098267999828e+00
 113   1.098267999828e+00    1.102014531863e+00
 114   1.102014531863e+00    1.105773844478e+00
 115   1.105773844478e+00    1.109545981272e+00
 116   1.109545981272e+00    1.113330985991e+00
 117   1.113330985991e+00    1.117128902534e+00
 118   1.117128902534e+00    1.120939774945e+00
 119   1.120939774945e+00    1.124763647421e+00
 120   1.124763647421e+00    1.128600564309e+00
 121   1.128600564309e+00    1.132450570109e+00
 122   1.132450570109e+00    1.136313709470e+00
 123   1.136313709470e+00    1.140190027194e+00
 124   1.140190027194e+00    1.144079568238e+00
 125   1.144079568238e+00    1.147982377711e+00
 126   1.147982377711e+00    1.151898500874e+00
 127   1.151898500874e+00    1.155827983145e+00
 128   1.155827983145e+00    1.159770870096e+00
 129   1.159770870096e+00    1.163727207455e+00
 130   1.163727207455e+00    1.167697041106e+00
 131   1.167697041106e+00    1.171680417087e+00
 132   1.171680417087e+00    1.175677381596e+00
 133   1.175677381596e+00    1.179687980989e+00
 134   1.179687980989e+00    1.183712261777e+00
 135   1.183712261777e+00    1.187750270632e+00
 136   1.187750270632e+00    1.191802054385e+00
 137   1.191802054385e+00    1.195867660027e+00
 138   1.195867660027e+00    1.199947134707e+00
 139   1.199947134707e+00    1.204040525738e+00
 140   1.204040525738e+00    1.208147880593e+00
 141   1.208147880593e+00    1.212269246907e+00
 142   1.212269246907e+00    1.216404672476e+00
 143   1.216404672476e+00    1.220554205262e+00
 144   1.220554205262e+00    1.224717893388e+00
 145   1.224717893388e+00    1.228895785143e+00
 146   1.228895785143e+00    1.233087928979e+00
 147   1.233087928979e+00    1.237294373516e+00
 148   1.237294373516e+00    1.241515167537e+00
 149   1.241515167537e+00    1.245750359992e+00
 150   1.245750359992e+00    1.250000000000e+00
180 
 1   0.000000000000e+00    3.490658503889e-02
 2   3.490658503889e-02    6.981317007778e-02
 3   6.981317007778e-02    1.047197551167e-01
 4   1.047197551167e-01    1.396263401556e-01
 5   1.396263401556e-01    1.745329251944e-01
 6   1.745329251944e-01    2.094395102333e-01
 7   2.094395102333e-01    2.443460952722e-01
 8   2.443460952722e-01    2.792526803111e-01
 9   2.792526803111e-01    3.141592653500e-01
 10   3.141592653500e-01    3.490658503889e-01
 11   3.490658503889e-01    3.839724354278e-01
 12   3.839724354278e-01    4.188790204667e-01
 13   4.188790204667e-01    4.537856055056e-01
 14   4.537856055056e-01    4.886921905444e-01
 15   4.886921905444e-01    5.235987755833e-01
 16   5.235987755833e-01    5.585053606222e-01
 17   5.585053606222e-01    5.934119456611e-01
 18   5.934119456611e-01    6.283185307000e-01
 19   6.283185307000e-01    6.632251157389e-01
 20   6.632251157389e-01    6.981317007778e-01
 21   6.981317007778e-01    7.330382858167e-01
 22   7.330382858167e-01    7.679448708556e-01
 23   7.679448708556e-01    8.028514558944e-01
 24   8.028514558944e-01    8.377580409333e-01
 25   8.377580409333e-01    8.726646259722e-01
 26   8.726646259722e-01    9.075712110111e-01
 27   9.075712110111e-01    9.424777960500e-01
 28   9.424777960500e-01    9.773843810889e-01
 29   9.773843810889e-01    1.012290966128e+00
 30   1.012290966128e+00    1.047197551167e+00
 31   1.047197551167e+00    1.082104136206e+00
 32   1.082104136206e+00    1.117010721244e+00
 33   1.117010721244e+00    1.151917306283e+00
 34   1.151917306283e+00    1.186823891322e+00
 35   1.186823891322e+00    1.221730476361e+00
 36   1.221730476361e+00    1.256637061400e+00
 37   1.256637061400e+00    1.291543646439e+00
 38   1.291543646439e+00    1.326450231478e+00
 39   1.326450231478e+00    1.361356816517e+00
 40   1.361356816517e+00    1.396263401556e+00
 41   1.396263401556e+00    1.431169986594e+00
 42   1.431169986594e+00    1.466076571633e+00
 43   1.466076571633e+00    1.500983156672e+00
 44   1.500983156672e+00    1.535889741711e+00
 45   1.535889741711e+00    1.570796326750e+00
 46   1.570796326750e+00    1.605702911789e+00
 47   1.605702911789e+00    1.640609496828e+00
 48   1.640609496828e+00    1.675516081867e+00
 49   1.675516081867e+00    1.710422666906e+00
 50   1.710422666906e+00    1.745329251944e+00
 51   1.745329251944e+00    1.780235836983e+00
 52   1.780235836983e+00    1.815142422022e+00
 53   1.815142422022e+00    1.850049007061e+00
 54   1.850049007061e+00    1.884955592100e+00
 55   1.884955592100e+00    1.919862177139e+00
 56   1.919862177139e+00    1.954768762178e+00
 57   1.954768762178e+00    1.989675347217e+00
 58   1.989675347217e+00    2.024581932256e+00
 59   2.024581932256e+00    2.059488517294e+00
 60   2.059488517294e+00    2.094395102333e+00
 61   2.094395102333e+00    2.129301687372e+00
 62   2.129301687372e+00    2.164208272411e+00
 63   2.164208272411e+00    2.199114857450e+00
 64   2.199114857450e+00    2.234021442489e+00
 65   2.234021442489e+00    2.268928027528e+00
 66   2.268928027528e+00    2.303834612567e+00
 67   2.303834612567e+00    2.338741197606e+00
 68   2.338741197606e+00    2.373647782644e+00
 69   2.373647782644e+00    2.408554367683e+00
 70   2.408554367683e+00    2.443460952722e+00
 71   2.443460952722e+00    2.478367537761e+00
 72   2.478367537761e+00    2.513274122800e+00
 73   2.513274122800e+00    2.548180707839e+00
 74   2.548180707839e+00    2.583087292878e+00
 75   2.583087292878e+00    2.617993877917e+00
 76   2.617993877917e+00    2.652900462956e+00
 77   2.652900462956e+00    2.687807047994e+00
 78   2.687807047994e+00    2.722713633033e+00
 79   2.722713633033e+00    2.757620218072e+00
 80   2.757620218072e+00    2.792526803111e+00
 81   2.792526803111e+00    2.827433388150e+00
 82   2.827433388150e+00    2.862339973189e+00
 83   2.862339973189e+00    2.897246558228e+00
 84   2.897246558228e+00    2.932153143267e+00
 85   2.932153143267e+00    2.967059728306e+00
 86   2.967059728306e+00    3.001966313344e+00
 87   3.001966313344e+00    3.036872898383e+00
 88   3.036872898383e+00    3.071779483422e+00
 89   3.071779483422e+00    3.106686068461e+00
 90   3.106686068461e+00    3.141592653500e+00
 91   3.141592653500e+00    3.176499238539e+00
 92   3.176499238539e+00    3.211405823578e+00
 93   3.211405823578e+00    3.246312408617e+00
 94   3.246312408617e+00    3.281218993656e+00
 95   3.281218993656e+00    3.316125578694e+00
 96   3.316125578694e+00    3.351032163733e+00
 97   3.351032163733e+00    3.385938748772e+00
 98   3.385938748772e+00    3.420845333811e+00
 99   3.420845333811e+00    3.455751918850e+00
 100   3.455751918850e+00    3.490658503889e+00
 101   3.490658503889e+00    3.525565088928e+00
 102   3.525565088928e+00    3.560471673967e+00
 103   3.560471673967e+00    3.595378259006e+00
 104   3.595378259006e+00    3.630284844044e+00
 105   3.630284844044e+00    3.665191429083e+00
 106   3.665191429083e+00    3.700098014122e+00
 107   3.700098014122e+00    3.735004599161e+00
 108   3.735004599161e+00    3.769911184200e+00
 109   3.769911184200e+00    3.804817769239e+00
 110   3.804817769239e+00    3.839724354278e+00
 111   3.839724354278e+00    3.874630939317e+00
 112   3.874630939317e+00    3.909537524356e+00
 113   3.909537524356e+00    3.944444109394e+00
 114   3.944444109394e+00    3.979350694433e+00
 115   3.979350694433e+00    4.014257279472e+00
 116   4.014257279472e+00    4.049163864511e+00
 117   4.049163864511e+00    4.084070449550e+00
 118   4.084070449550e+00    4.118977034589e+00
 119   4.118977034589e+00    4.153883619628e+00
 120   4.153883619628e+00    4.188790204667e+00
 121   4.188790204667e+00    4.223696789706e+00
 122   4.223696789706e+00    4.258603374744e+00
 123   4.258603374744e+00    4.293509959783e+00
 124   4.293509959783e+00    4.328416544822e+00
 125   4.328416544822e+00    4.363323129861e+00
 126   4.363323129861e+00    4.398229714900e+00
 127   4.398229714900e+00    4.433136299939e+00
 128   4.433136299939e+00    4.468042884978e+00
 129   4.468042884978e+00    4.502949470017e+00
 130   4.502949470017e+00    4.537856055056e+00
 131   4.537856055056e+00    4.572762640094e+00
 132   4.572762640094e+00    4.607669225133e+00
 133   4.607669225133e+00    4.642575810172e+00
 134   4.642575810172e+00    4.677482395211e+00
 135   4.677482395211e+00    4.712388980250e+00
 136   4.712388980250e+00    4.747295565289e+00
 137   4.747295565289e+00    4.782202150328e+00
 138   4.782202150328e+00    4.817108735367e+00
 139   4.817108735367e+00    4.852015320406e+00
 140   4.852015320406e+00    4.886921905444e+00
 141   4.886921905444e+00    4.921828490483e+00
 142   4.921828490483e+00    4.956735075522e+00
 143   4.956735075522e+00    4.991641660561e+00
 144   4.991641660561e+00    5.026548245600e+00
 145   5.026548245600e+00    5.061454830639e+00
 146   5.061454830639e+00    5.096361415678e+00
 147   5.096361415678e+00    5.131268000717e+00
 148   5.131268000717e+00    5.166174585756e+00
 149   5.166174585756e+00    5.201081170794e+00
 150   5.201081170794e+00    5.235987755833e+00
 151   5.235987755833e+00    5.270894340872e+00
 152   5.270894340872e+00    5.305800925911e+00
 153   5.305800925911e+00    5.340707510950e+00
 154   5.340707510950e+00    5.375614095989e+00
 155   5.375614095989e+00    5.410520681028e+00
 156   5.410520681028e+00    5.445427266067e+00
 157   5.445427266067e+00    5.480333851106e+00
 158   5.480333851106e+00    5.515240436144e+00
 159   5.515240436144e+00    5.550147021183e+00
 160   5.550147021183e+00    5.585053606222e+00
 161   5.585053606222e+00    5.619960191261e+00
 162   5.619960191261e+00    5.654866776300e+00
 163   5.654866776300e+00    5.689773361339e+00
 164   5.689773361339e+00    5.724679946378e+00
 165   5.724679946378e+00    5.759586531417e+00
 166   5.759586531417e+00    5.794493116456e+00
 167   5.794493116456e+00    5.829399701494e+00
 168   5.829399701494e+00    5.864306286533e+00
 169   5.864306286533e+00    5.899212871572e+00
 170   5.899212871572e+00    5.934119456611e+00
 171   5.934119456611e+00    5.969026041650e+00
 172   5.969026041650e+00    6.003932626689e+00
 173   6.003932626689e+00    6.038839211728e+00
 174   6.038839211728e+00    6.073745796767e+00
 175   6.073745796767e+00    6.108652381806e+00
 176   6.108652381806e+00    6.143558966844e+00
 177   6.143558966844e+00    6.178465551883e+00
 178   6.178465551883e+00    6.213372136922e+00
 179   6.213372136922e+00    6.248278721961e+00
 180   6.248278721961e+00    6.283185307000e+00
1 
 1   -1.000000000000e+00    1.000000000000e+00
