# ******************************************************
# PLUTO 4.4-patch2 Grid File
# Generated on  Thu Mar 19 17:16:52 2026
# 
# DIMENSIONS: 2
# GEOMETRY:   POLAR
# X1: [ 0.300000,  5.000000], 160 point(s), 2 ghosts
# X2: [ 0.000000,  6.283185], 180 point(s), 2 ghosts
# ******************************************************
160 
 1   3.000000000000e-01    3.053217967236e-01
 2   3.053217967236e-01    3.107379985151e-01
 3   3.107379985151e-01    3.162502800565e-01
 4   3.162502800565e-01    3.218603457373e-01
 5   3.218603457373e-01    3.275699301820e-01
 6   3.275699301820e-01    3.333807987860e-01
 7   3.333807987860e-01    3.392947482617e-01
 8   3.392947482617e-01    3.453136071938e-01
 9   3.453136071938e-01    3.514392366051e-01
 10   3.514392366051e-01    3.576735305315e-01
 11   3.576735305315e-01    3.640184166079e-01
 12   3.640184166079e-01    3.704758566640e-01
 13   3.704758566640e-01    3.770478473313e-01
 14   3.770478473313e-01    3.837364206599e-01
 15   3.837364206599e-01    3.905436447472e-01
 16   3.905436447472e-01    3.974716243774e-01
 17   3.974716243774e-01    4.045225016719e-01
 18   4.045225016719e-01    4.116984567520e-01
 19   4.116984567520e-01    4.190017084128e-01
 20   4.190017084128e-01    4.264345148096e-01
 21   4.264345148096e-01    4.339991741554e-01
 22   4.339991741554e-01    4.416980254324e-01
 23   4.416980254324e-01    4.495334491143e-01
 24   4.495334491143e-01    4.575078679031e-01
 25   4.575078679031e-01    4.656237474779e-01
 26   4.656237474779e-01    4.738835972572e-01
 27   4.738835972572e-01    4.822899711747e-01
 28   4.822899711747e-01    4.908454684695e-01
 29   4.908454684695e-01    4.995527344892e-01
 30   4.995527344892e-01    5.084144615081e-01
 31   5.084144615081e-01    5.174333895598e-01
 32   5.174333895598e-01    5.266123072840e-01
 33   5.266123072840e-01    5.359540527891e-01
 34   5.359540527891e-01    5.454615145295e-01
 35   5.454615145295e-01    5.551376321992e-01
 36   5.551376321992e-01    5.649853976398e-01
 37   5.649853976398e-01    5.750078557667e-01
 38   5.750078557667e-01    5.852081055096e-01
 39   5.852081055096e-01    5.955893007714e-01
 40   5.955893007714e-01    6.061546514030e-01
 41   6.061546514030e-01    6.169074241958e-01
 42   6.169074241958e-01    6.278509438920e-01
 43   6.278509438920e-01    6.389885942125e-01
 44   6.389885942125e-01    6.503238189028e-01
 45   6.503238189028e-01    6.618601227986e-01
 46   6.618601227986e-01    6.736010729086e-01
 47   6.736010729086e-01    6.855502995181e-01
 48   6.855502995181e-01    6.977114973109e-01
 49   6.977114973109e-01    7.100884265124e-01
 50   7.100884265124e-01    7.226849140514e-01
 51   7.226849140514e-01    7.355048547441e-01
 52   7.355048547441e-01    7.485522124980e-01
 53   7.485522124980e-01    7.618310215378e-01
 54   7.618310215378e-01    7.753453876524e-01
 55   7.753453876524e-01    7.890994894647e-01
 56   7.890994894647e-01    8.030975797235e-01
 57   8.030975797235e-01    8.173439866186e-01
 58   8.173439866186e-01    8.318431151188e-01
 59   8.318431151188e-01    8.465994483341e-01
 60   8.465994483341e-01    8.616175489020e-01
 61   8.616175489020e-01    8.769020603979e-01
 62   8.769020603979e-01    8.924577087711e-01
 63   8.924577087711e-01    9.082893038062e-01
 64   9.082893038062e-01    9.244017406098e-01
 65   9.244017406098e-01    9.408000011248e-01
 66   9.408000011248e-01    9.574891556701e-01
 67   9.574891556701e-01    9.744743645086e-01
 68   9.744743645086e-01    9.917608794429e-01
 69   9.917608794429e-01    1.009354045439e+00
 70   1.009354045439e+00    1.027259302279e+00
 71   1.027259302279e+00    1.045482186243e+00
 72   1.045482186243e+00    1.064028331821e+00
 73   1.064028331821e+00    1.082903473455e+00
 74   1.082903473455e+00    1.102113447311e+00
 75   1.102113447311e+00    1.121664193088e+00
 76   1.121664193088e+00    1.141561755847e+00
 77   1.141561755847e+00    1.161812287887e+00
 78   1.161812287887e+00    1.182422050645e+00
 79   1.182422050645e+00    1.203397416628e+00
 80   1.203397416628e+00    1.224744871392e+00
 81   1.224744871392e+00    1.246471015538e+00
 82   1.246471015538e+00    1.268582566760e+00
 83   1.268582566760e+00    1.291086361918e+00
 84   1.291086361918e+00    1.313989359154e+00
 85   1.313989359154e+00    1.337298640042e+00
 86   1.337298640042e+00    1.361021411779e+00
 87   1.361021411779e+00    1.385165009412e+00
 88   1.385165009412e+00    1.409736898108e+00
 89   1.409736898108e+00    1.434744675460e+00
 90   1.434744675460e+00    1.460196073837e+00
 91   1.460196073837e+00    1.486098962775e+00
 92   1.486098962775e+00    1.512461351412e+00
 93   1.512461351412e+00    1.539291390961e+00
 94   1.539291390961e+00    1.566597377231e+00
 95   1.566597377231e+00    1.594387753196e+00
 96   1.594387753196e+00    1.622671111600e+00
 97   1.622671111600e+00    1.651456197617e+00
 98   1.651456197617e+00    1.680751911556e+00
 99   1.680751911556e+00    1.710567311610e+00
 100   1.710567311610e+00    1.740911616658e+00
 101   1.740911616658e+00    1.771794209117e+00
 102   1.771794209117e+00    1.803224637840e+00
 103   1.803224637840e+00    1.835212621072e+00
 104   1.835212621072e+00    1.867768049452e+00
 105   1.867768049452e+00    1.900900989072e+00
 106   1.900900989072e+00    1.934621684591e+00
 107   1.934621684591e+00    1.968940562399e+00
 108   1.968940562399e+00    2.003868233846e+00
 109   2.003868233846e+00    2.039415498518e+00
 110   2.039415498518e+00    2.075593347578e+00
 111   2.075593347578e+00    2.112412967167e+00
 112   2.112412967167e+00    2.149885741859e+00
 113   2.149885741859e+00    2.188023258183e+00
 114   2.188023258183e+00    2.226837308205e+00
 115   2.226837308205e+00    2.266339893175e+00
 116   2.266339893175e+00    2.306543227235e+00
 117   2.306543227235e+00    2.347459741200e+00
 118   2.347459741200e+00    2.389102086399e+00
 119   2.389102086399e+00    2.431483138585e+00
 120   2.431483138585e+00    2.474616001920e+00
 121   2.474616001920e+00    2.518514013024e+00
 122   2.518514013024e+00    2.563190745100e+00
 123   2.563190745100e+00    2.608660012131e+00
 124   2.608660012131e+00    2.654935873150e+00
 125   2.654935873150e+00    2.702032636587e+00
 126   2.702032636587e+00    2.749964864696e+00
 127   2.749964864696e+00    2.798747378052e+00
 128   2.798747378052e+00    2.848395260142e+00
 129   2.848395260142e+00    2.898923862018e+00
 130   2.898923862018e+00    2.950348807055e+00
 131   2.950348807055e+00    3.002685995771e+00
 132   3.002685995771e+00    3.055951610753e+00
 133   3.055951610753e+00    3.110162121651e+00
 134   3.110162121651e+00    3.165334290281e+00
 135   3.165334290281e+00    3.221485175799e+00
 136   3.221485175799e+00    3.278632139978e+00
 137   3.278632139978e+00    3.336792852580e+00
 138   3.336792852580e+00    3.395985296814e+00
 139   3.395985296814e+00    3.456227774901e+00
 140   3.456227774901e+00    3.517538913729e+00
 141   3.517538913729e+00    3.579937670617e+00
 142   3.579937670617e+00    3.643443339171e+00
 143   3.643443339171e+00    3.708075555255e+00
 144   3.708075555255e+00    3.773854303058e+00
 145   3.773854303058e+00    3.840799921276e+00
 146   3.840799921276e+00    3.908933109400e+00
 147   3.908933109400e+00    3.978274934115e+00
 148   3.978274934115e+00    4.048846835815e+00
 149   4.048846835815e+00    4.120670635233e+00
 150   4.120670635233e+00    4.193768540185e+00
 151   4.193768540185e+00    4.268163152441e+00
 152   4.268163152441e+00    4.343877474710e+00
 153   4.343877474710e+00    4.420934917752e+00
 154   4.420934917752e+00    4.499359307621e+00
 155   4.499359307621e+00    4.579174893027e+00
 156   4.579174893027e+00    4.660406352835e+00
 157   4.660406352835e+00    4.743078803700e+00
 158   4.743078803700e+00    4.827217807824e+00
 159   4.827217807824e+00    4.912849380871e+00
 160   4.912849380871e+00    5.000000000000e+00
180 
 1   0.000000000000e+00    3.490658503889e-02
 2   3.490658503889e-02    6.981317007778e-02
 3   6.981317007778e-02    1.047197551167e-01
 4   1.047197551167e-01    1.396263401556e-01
 5   1.396263401556e-01    1.745329251944e-01
 6   1.745329251944e-01    2.094395102333e-01
 7   2.094395102333e-01    2.443460952722e-01
 8   2.443460952722e-01    2.792526803111e-01
 9   2.792526803111e-01    3.141592653500e-01
 10   3.141592653500e-01    3.490658503889e-01
 11   3.490658503889e-01    3.839724354278e-01
 12   3.839724354278e-01    4.188790204667e-01
 13   4.188790204667e-01    4.537856055056e-01
 14   4.537856055056e-01    4.886921905444e-01
 15   4.886921905444e-01    5.235987755833e-01
 16   5.235987755833e-01    5.585053606222e-01
 17   5.585053606222e-01    5.934119456611e-01
 18   5.934119456611e-01    6.283185307000e-01
 19   6.283185307000e-01    6.632251157389e-01
 20   6.632251157389e-01    6.981317007778e-01
 21   6.981317007778e-01    7.330382858167e-01
 22   7.330382858167e-01    7.679448708556e-01
 23   7.679448708556e-01    8.028514558944e-01
 24   8.028514558944e-01    8.377580409333e-01
 25   8.377580409333e-01    8.726646259722e-01
 26   8.726646259722e-01    9.075712110111e-01
 27   9.075712110111e-01    9.424777960500e-01
 28   9.424777960500e-01    9.773843810889e-01
 29   9.773843810889e-01    1.012290966128e+00
 30   1.012290966128e+00    1.047197551167e+00
 31   1.047197551167e+00    1.082104136206e+00
 32   1.082104136206e+00    1.117010721244e+00
 33   1.117010721244e+00    1.151917306283e+00
 34   1.151917306283e+00    1.186823891322e+00
 35   1.186823891322e+00    1.221730476361e+00
 36   1.221730476361e+00    1.256637061400e+00
 37   1.256637061400e+00    1.291543646439e+00
 38   1.291543646439e+00    1.326450231478e+00
 39   1.326450231478e+00    1.361356816517e+00
 40   1.361356816517e+00    1.396263401556e+00
 41   1.396263401556e+00    1.431169986594e+00
 42   1.431169986594e+00    1.466076571633e+00
 43   1.466076571633e+00    1.500983156672e+00
 44   1.500983156672e+00    1.535889741711e+00
 45   1.535889741711e+00    1.570796326750e+00
 46   1.570796326750e+00    1.605702911789e+00
 47   1.605702911789e+00    1.640609496828e+00
 48   1.640609496828e+00    1.675516081867e+00
 49   1.675516081867e+00    1.710422666906e+00
 50   1.710422666906e+00    1.745329251944e+00
 51   1.745329251944e+00    1.780235836983e+00
 52   1.780235836983e+00    1.815142422022e+00
 53   1.815142422022e+00    1.850049007061e+00
 54   1.850049007061e+00    1.884955592100e+00
 55   1.884955592100e+00    1.919862177139e+00
 56   1.919862177139e+00    1.954768762178e+00
 57   1.954768762178e+00    1.989675347217e+00
 58   1.989675347217e+00    2.024581932256e+00
 59   2.024581932256e+00    2.059488517294e+00
 60   2.059488517294e+00    2.094395102333e+00
 61   2.094395102333e+00    2.129301687372e+00
 62   2.129301687372e+00    2.164208272411e+00
 63   2.164208272411e+00    2.199114857450e+00
 64   2.199114857450e+00    2.234021442489e+00
 65   2.234021442489e+00    2.268928027528e+00
 66   2.268928027528e+00    2.303834612567e+00
 67   2.303834612567e+00    2.338741197606e+00
 68   2.338741197606e+00    2.373647782644e+00
 69   2.373647782644e+00    2.408554367683e+00
 70   2.408554367683e+00    2.443460952722e+00
 71   2.443460952722e+00    2.478367537761e+00
 72   2.478367537761e+00    2.513274122800e+00
 73   2.513274122800e+00    2.548180707839e+00
 74   2.548180707839e+00    2.583087292878e+00
 75   2.583087292878e+00    2.617993877917e+00
 76   2.617993877917e+00    2.652900462956e+00
 77   2.652900462956e+00    2.687807047994e+00
 78   2.687807047994e+00    2.722713633033e+00
 79   2.722713633033e+00    2.757620218072e+00
 80   2.757620218072e+00    2.792526803111e+00
 81   2.792526803111e+00    2.827433388150e+00
 82   2.827433388150e+00    2.862339973189e+00
 83   2.862339973189e+00    2.897246558228e+00
 84   2.897246558228e+00    2.932153143267e+00
 85   2.932153143267e+00    2.967059728306e+00
 86   2.967059728306e+00    3.001966313344e+00
 87   3.001966313344e+00    3.036872898383e+00
 88   3.036872898383e+00    3.071779483422e+00
 89   3.071779483422e+00    3.106686068461e+00
 90   3.106686068461e+00    3.141592653500e+00
 91   3.141592653500e+00    3.176499238539e+00
 92   3.176499238539e+00    3.211405823578e+00
 93   3.211405823578e+00    3.246312408617e+00
 94   3.246312408617e+00    3.281218993656e+00
 95   3.281218993656e+00    3.316125578694e+00
 96   3.316125578694e+00    3.351032163733e+00
 97   3.351032163733e+00    3.385938748772e+00
 98   3.385938748772e+00    3.420845333811e+00
 99   3.420845333811e+00    3.455751918850e+00
 100   3.455751918850e+00    3.490658503889e+00
 101   3.490658503889e+00    3.525565088928e+00
 102   3.525565088928e+00    3.560471673967e+00
 103   3.560471673967e+00    3.595378259006e+00
 104   3.595378259006e+00    3.630284844044e+00
 105   3.630284844044e+00    3.665191429083e+00
 106   3.665191429083e+00    3.700098014122e+00
 107   3.700098014122e+00    3.735004599161e+00
 108   3.735004599161e+00    3.769911184200e+00
 109   3.769911184200e+00    3.804817769239e+00
 110   3.804817769239e+00    3.839724354278e+00
 111   3.839724354278e+00    3.874630939317e+00
 112   3.874630939317e+00    3.909537524356e+00
 113   3.909537524356e+00    3.944444109394e+00
 114   3.944444109394e+00    3.979350694433e+00
 115   3.979350694433e+00    4.014257279472e+00
 116   4.014257279472e+00    4.049163864511e+00
 117   4.049163864511e+00    4.084070449550e+00
 118   4.084070449550e+00    4.118977034589e+00
 119   4.118977034589e+00    4.153883619628e+00
 120   4.153883619628e+00    4.188790204667e+00
 121   4.188790204667e+00    4.223696789706e+00
 122   4.223696789706e+00    4.258603374744e+00
 123   4.258603374744e+00    4.293509959783e+00
 124   4.293509959783e+00    4.328416544822e+00
 125   4.328416544822e+00    4.363323129861e+00
 126   4.363323129861e+00    4.398229714900e+00
 127   4.398229714900e+00    4.433136299939e+00
 128   4.433136299939e+00    4.468042884978e+00
 129   4.468042884978e+00    4.502949470017e+00
 130   4.502949470017e+00    4.537856055056e+00
 131   4.537856055056e+00    4.572762640094e+00
 132   4.572762640094e+00    4.607669225133e+00
 133   4.607669225133e+00    4.642575810172e+00
 134   4.642575810172e+00    4.677482395211e+00
 135   4.677482395211e+00    4.712388980250e+00
 136   4.712388980250e+00    4.747295565289e+00
 137   4.747295565289e+00    4.782202150328e+00
 138   4.782202150328e+00    4.817108735367e+00
 139   4.817108735367e+00    4.852015320406e+00
 140   4.852015320406e+00    4.886921905444e+00
 141   4.886921905444e+00    4.921828490483e+00
 142   4.921828490483e+00    4.956735075522e+00
 143   4.956735075522e+00    4.991641660561e+00
 144   4.991641660561e+00    5.026548245600e+00
 145   5.026548245600e+00    5.061454830639e+00
 146   5.061454830639e+00    5.096361415678e+00
 147   5.096361415678e+00    5.131268000717e+00
 148   5.131268000717e+00    5.166174585756e+00
 149   5.166174585756e+00    5.201081170794e+00
 150   5.201081170794e+00    5.235987755833e+00
 151   5.235987755833e+00    5.270894340872e+00
 152   5.270894340872e+00    5.305800925911e+00
 153   5.305800925911e+00    5.340707510950e+00
 154   5.340707510950e+00    5.375614095989e+00
 155   5.375614095989e+00    5.410520681028e+00
 156   5.410520681028e+00    5.445427266067e+00
 157   5.445427266067e+00    5.480333851106e+00
 158   5.480333851106e+00    5.515240436144e+00
 159   5.515240436144e+00    5.550147021183e+00
 160   5.550147021183e+00    5.585053606222e+00
 161   5.585053606222e+00    5.619960191261e+00
 162   5.619960191261e+00    5.654866776300e+00
 163   5.654866776300e+00    5.689773361339e+00
 164   5.689773361339e+00    5.724679946378e+00
 165   5.724679946378e+00    5.759586531417e+00
 166   5.759586531417e+00    5.794493116456e+00
 167   5.794493116456e+00    5.829399701494e+00
 168   5.829399701494e+00    5.864306286533e+00
 169   5.864306286533e+00    5.899212871572e+00
 170   5.899212871572e+00    5.934119456611e+00
 171   5.934119456611e+00    5.969026041650e+00
 172   5.969026041650e+00    6.003932626689e+00
 173   6.003932626689e+00    6.038839211728e+00
 174   6.038839211728e+00    6.073745796767e+00
 175   6.073745796767e+00    6.108652381806e+00
 176   6.108652381806e+00    6.143558966844e+00
 177   6.143558966844e+00    6.178465551883e+00
 178   6.178465551883e+00    6.213372136922e+00
 179   6.213372136922e+00    6.248278721961e+00
 180   6.248278721961e+00    6.283185307000e+00
1 
 1   -1.000000000000e+00    1.000000000000e+00
