0 1  9.999999999999991e-01  5.554967761975130e-16  0.000000000000000e+00  0.000000000000000e+00  0.000000000000000e+00  4.999999999999999e-01  9.999950000374983e-01  4.999999999999997e-01  4.999999999999994e-01
1 1  9.999724923698745e-01  1.006233182395568e-05  0.000000000000000e+00  0.000000000000000e+00  5.043263178870736e-01  2.424968685491996e-02  9.999537390823681e-01  2.424944287166717e-02  2.424919888963977e-02
1 1  9.999724923698745e-01  1.006233182395568e-05  0.000000000000000e+00  0.000000000000000e+00  5.043263178870736e-01  2.424968685491996e-02  9.999537390823681e-01  2.424944287166717e-02  2.424919888963977e-02
2 1  9.999439595165972e-01  1.006112965216345e-05  0.000000000000000e+00  0.000000000000000e+00  5.045327026053456e-01  1.102876660988403e-01  9.999109409104020e-01  1.102865587339519e-01  1.102854513746002e-01
2 1  9.999439595165972e-01  1.006112965216345e-05  0.000000000000000e+00  0.000000000000000e+00  5.045327026053456e-01  1.102876660988403e-01  9.999109409104020e-01  1.102865587339519e-01  1.102854513746002e-01
3 1  9.999153464643251e-01  1.005858823131215e-05  0.000000000000000e+00  0.000000000000000e+00  5.047596070011706e-01  2.481129268892272e-01  9.998680230562415e-01  2.481104567623463e-01  2.481079866475075e-01
3 1  9.999153464643251e-01  1.005858823131215e-05  0.000000000000000e+00  0.000000000000000e+00  5.047596070011706e-01  2.481129268892272e-01  9.998680230562415e-01  2.481104567623463e-01  2.481079866475075e-01
4 1  9.998866896056772e-01  1.005404834564154e-05  0.000000000000000e+00  0.000000000000000e+00  5.049719795057541e-01  4.421363773996138e-01  9.998250401106209e-01  4.421320755795934e-01  4.421277737791189e-01
4 1  9.998866896056772e-01  1.005404834564154e-05  0.000000000000000e+00  0.000000000000000e+00  5.049719795057541e-01  4.421363773996138e-01  9.998250401106209e-01  4.421320755795934e-01  4.421277737791189e-01
5 1  9.998580336341967e-01  1.004751890569912e-05  0.000000000000000e+00  0.000000000000000e+00  5.051069322533609e-01  6.882005902821703e-01  9.997820591115938e-01  6.881942086417288e-01  6.881878270260502e-01
5 1  9.998580336341967e-01  1.004751890569912e-05  0.000000000000000e+00  0.000000000000000e+00  5.051069322533609e-01  6.882005902821703e-01  9.997820591115938e-01  6.881942086417288e-01  6.881878270260502e-01
6 1  9.998294022508777e-01  1.003887582548508e-05  0.000000000000000e+00  0.000000000000000e+00  5.050040349604326e-01  9.885777661828139e-01  9.997391156073925e-01  9.885693812874463e-01  9.885609964152222e-01
6 1  9.998294022508777e-01  1.003887582548508e-05  0.000000000000000e+00  0.000000000000000e+00  5.050040349604326e-01  9.885777661828139e-01  9.997391156073925e-01  9.885693812874463e-01  9.885609964152222e-01
7 1  9.998008075531062e-01  1.002959325440633e-05  0.000000000000000e+00  0.000000000000000e+00  5.045310301357803e-01  1.345482346863929e+00  9.996962277406223e-01  1.345472570789545e+00  1.345462794726114e+00
7 1  9.998008075531062e-01  1.002959325440633e-05  0.000000000000000e+00  0.000000000000000e+00  5.045310301357803e-01  1.345482346863929e+00  9.996962277406223e-01  1.345472570789545e+00  1.345462794726114e+00
8 1  9.997722549456741e-01  1.002188561448248e-05  0.000000000000000e+00  0.000000000000000e+00  5.035888631972666e-01  1.754677957559330e+00  9.996534036151559e-01  1.754668104620089e+00  1.754658251671822e+00
8 1  9.997722549456741e-01  1.002188561448248e-05  0.000000000000000e+00  0.000000000000000e+00  5.035888631972666e-01  1.754677957559330e+00  9.996534036151559e-01  1.754668104620089e+00  1.754658251671822e+00
9 1  9.997437465980684e-01  1.001870548557279e-05  0.000000000000000e+00  0.000000000000000e+00  5.021778384100533e-01  2.218219448317134e+00  9.996106464820943e-01  2.218211456966278e+00  2.218203465591279e+00
9 1  9.997437465980684e-01  1.001870548557279e-05  0.000000000000000e+00  0.000000000000000e+00  5.021778384100533e-01  2.218219448317134e+00  9.996106464820943e-01  2.218211456966278e+00  2.218203465591279e+00
10 1  9.997152839876519e-01  1.002267484080429e-05  0.000000000000000e+00  0.000000000000000e+00  5.005033429652498e-01  2.737889003801142e+00  9.995679585543251e-01  2.737885066606198e+00  2.737881129393110e+00
10 1  9.997152839876519e-01  1.002267484080429e-05  0.000000000000000e+00  0.000000000000000e+00  5.005033429652498e-01  2.737889003801142e+00  9.995679585543251e-01  2.737885066606198e+00  2.737881129393110e+00
