0 0  1.000000000000000e+00  0.000000000000000e+00  0.000000000000000e+00  0.000000000000000e+00  0.000000000000000e+00  0.000000000000000e+00  0.000000000000000e+00 1
0 1  1.000000000000000e-05  8.775825618903725e-01  4.794255386042029e-01  0.000000000000000e+00 -3.012334561604431e+00  5.514041428706972e+00  0.000000000000000e+00 0
1 0  1.000000000000000e+00  0.000000000000000e+00  0.000000000000000e+00  0.000000000000000e+00  0.000000000000000e+00  0.000000000000000e+00  0.000000000000000e+00 1
1 1  1.000000000000000e-05  8.634936327202226e-01  5.042852508344168e-01  0.000000000000000e+00 -3.168726690532599e+00  5.425851439337102e+00  0.000000000000000e+00 0
2 0  1.000000000000000e+00  0.000000000000000e+00  0.000000000000000e+00  0.000000000000000e+00  0.000000000000000e+00  0.000000000000000e+00  0.000000000000000e+00 1
2 1  1.000000000000000e-05  8.168231270271641e-01  5.767737022960803e-01  0.000000000000000e+00 -3.624365631633616e+00  5.132814853588563e+00  0.000000000000000e+00 0
3 0  1.000000000000000e+00  0.000000000000000e+00  0.000000000000000e+00  0.000000000000000e+00  0.000000000000000e+00  0.000000000000000e+00  0.000000000000000e+00 1
3 1  1.000000000000000e-05  7.296589336776661e-01  6.836731988633851e-01  0.000000000000000e+00 -4.296284854930647e+00  4.585287460216131e+00  0.000000000000000e+00 0
4 0  1.000000000000000e+00  0.000000000000000e+00  0.000000000000000e+00  0.000000000000000e+00  0.000000000000000e+00  0.000000000000000e+00  0.000000000000000e+00 1
4 1  1.000000000000000e-05  5.839612779724511e-01  8.116307334919707e-01  0.000000000000000e+00 -5.100595599317705e+00  3.669867624894455e+00  0.000000000000000e+00 0
5 0  1.000000000000000e+00  0.000000000000000e+00  0.000000000000000e+00  0.000000000000000e+00  0.000000000000000e+00  0.000000000000000e+00  0.000000000000000e+00 1
5 1  1.000000000000000e-05  3.685320565954759e-01  9.294539761926844e-01  0.000000000000000e+00 -5.841280487596518e+00  2.316133192835703e+00  0.000000000000000e+00 0
6 0  1.000000000000000e+00  0.000000000000000e+00  0.000000000000000e+00  0.000000000000000e+00  0.000000000000000e+00  0.000000000000000e+00  0.000000000000000e+00 1
6 1  1.000000000000000e-05  7.712423666810336e-02  9.968448470347089e-01  0.000000000000000e+00 -6.265060440327971e+00  4.847702077736722e-01  0.000000000000000e+00 0
7 0  1.000000000000000e+00  0.000000000000000e+00  0.000000000000000e+00  0.000000000000000e+00  0.000000000000000e+00  0.000000000000000e+00  0.000000000000000e+00 1
7 1  1.000000000000000e-05 -2.755475902639214e-01  9.610778846750012e-01  0.000000000000000e+00 -6.040509371652035e+00 -1.731791365567595e+00  0.000000000000000e+00 0
8 0  1.000000000000000e+00  0.000000000000000e+00  0.000000000000000e+00  0.000000000000000e+00  0.000000000000000e+00  0.000000000000000e+00  0.000000000000000e+00 1
8 1  1.000000000000000e-05 -6.344409155431520e-01  7.726790727916454e-01  0.000000000000000e+00 -4.856590558673526e+00 -3.987629493020603e+00  0.000000000000000e+00 0
9 0  1.000000000000000e+00  0.000000000000000e+00  0.000000000000000e+00  0.000000000000000e+00  0.000000000000000e+00  0.000000000000000e+00  0.000000000000000e+00 1
9 1  1.000000000000000e-05 -9.123725206828792e-01  4.087493379861584e-01  0.000000000000000e+00 -2.569262959804670e+00 -5.734748658862257e+00  0.000000000000000e+00 0
10 0  1.000000000000000e+00  0.000000000000000e+00  0.000000000000000e+00  0.000000000000000e+00  0.000000000000000e+00  0.000000000000000e+00  0.000000000000000e+00 1
10 1  1.000000000000000e-05 -9.950443549699634e-01 -9.662196536917585e-02  0.000000000000000e+00  6.073202945111815e-01 -6.254637475486525e+00  0.000000000000000e+00 0
