0 1  9.999999999999991e-01  5.564461800918371e-16  0.000000000000000e+00  0.000000000000000e+00  0.000000000000000e+00  4.999999999999999e-01  9.999999999999987e-01  4.999999999999997e-01  4.999999999999994e-01
1 1  9.999999971121001e-01  1.971278592364750e-10  0.000000000000000e+00  0.000000000000000e+00  0.000000000000000e+00  4.983772209138398e-01  9.999999956181501e-01  4.983772208196125e-01  4.983772207253852e-01
1 1  9.999999971121001e-01  1.971278592364750e-10  0.000000000000000e+00  0.000000000000000e+00  0.000000000000000e+00  4.983772209138398e-01  9.999999956181501e-01  4.983772208196125e-01  4.983772207253852e-01
2 1  9.999999943265421e-01  3.157548555947061e-10  0.000000000000000e+00  0.000000000000000e+00  0.000000000000000e+00  4.993892082125541e-01  9.999999914398132e-01  4.993892080613425e-01  4.993892079101309e-01
2 1  9.999999943265421e-01  3.157548555947061e-10  0.000000000000000e+00  0.000000000000000e+00  0.000000000000000e+00  4.993892082125541e-01  9.999999914398132e-01  4.993892080613425e-01  4.993892079101309e-01
3 1  9.999999915381276e-01  4.390799753193588e-10  0.000000000000000e+00  0.000000000000000e+00  0.000000000000000e+00  4.925409050724638e-01  9.999999872571914e-01  4.925409048648375e-01  4.925409046572114e-01
3 1  9.999999915381276e-01  4.390799753193588e-10  0.000000000000000e+00  0.000000000000000e+00  0.000000000000000e+00  4.925409050724638e-01  9.999999872571914e-01  4.925409048648375e-01  4.925409046572114e-01
4 1  9.999999887430534e-01  5.634891935577025e-10  0.000000000000000e+00  0.000000000000000e+00  0.000000000000000e+00  4.935822087128547e-01  9.999999830645802e-01  4.935822084458830e-01  4.935822081789111e-01
4 1  9.999999887430534e-01  5.634891935577025e-10  0.000000000000000e+00  0.000000000000000e+00  0.000000000000000e+00  4.935822087128547e-01  9.999999830645802e-01  4.935822084458830e-01  4.935822081789111e-01
5 1  9.999999859515820e-01  6.885931587246942e-10  0.000000000000000e+00  0.000000000000000e+00  0.000000000000000e+00  4.946374135702153e-01  9.999999788773730e-01  4.946374132433315e-01  4.946374129164477e-01
5 1  9.999999859515820e-01  6.885931587246942e-10  0.000000000000000e+00  0.000000000000000e+00  0.000000000000000e+00  4.946374135702153e-01  9.999999788773730e-01  4.946374132433315e-01  4.946374129164477e-01
6 1  9.999999831619862e-01  8.140513348327919e-10  0.000000000000000e+00  0.000000000000000e+00  0.000000000000000e+00  4.957061955204294e-01  9.999999746929795e-01  4.957061951332236e-01  4.957061947460177e-01
6 1  9.999999831619862e-01  8.140513348327919e-10  0.000000000000000e+00  0.000000000000000e+00  0.000000000000000e+00  4.957061955204294e-01  9.999999746929795e-01  4.957061951332236e-01  4.957061947460177e-01
7 1  9.999999803735152e-01  9.397340372503905e-10  0.000000000000000e+00  0.000000000000000e+00  0.000000000000000e+00  4.967883661580217e-01  9.999999705102730e-01  4.967883657101403e-01  4.967883652622587e-01
7 1  9.999999803735152e-01  9.397340372503905e-10  0.000000000000000e+00  0.000000000000000e+00  0.000000000000000e+00  4.967883661580217e-01  9.999999705102730e-01  4.967883657101403e-01  4.967883652622587e-01
8 1  9.999999775856420e-01  1.065664310300136e-09  0.000000000000000e+00  0.000000000000000e+00  0.000000000000000e+00  4.978838170441702e-01  9.999999663284631e-01  4.978838165352436e-01  4.978838160263171e-01
8 1  9.999999775856420e-01  1.065664310300136e-09  0.000000000000000e+00  0.000000000000000e+00  0.000000000000000e+00  4.978838170441702e-01  9.999999663284631e-01  4.978838165352436e-01  4.978838160263171e-01
9 1  9.999999747980051e-01  1.191628642503749e-09  0.000000000000000e+00  0.000000000000000e+00  0.000000000000000e+00  4.989924861055546e-01  9.999999621470078e-01  4.989924855353109e-01  4.989924849650676e-01
9 1  9.999999747980051e-01  1.191628642503749e-09  0.000000000000000e+00  0.000000000000000e+00  0.000000000000000e+00  4.989924861055546e-01  9.999999621470078e-01  4.989924855353109e-01  4.989924849650676e-01
10 1  9.999999720106926e-01  1.317583704628644e-09  0.000000000000000e+00  0.000000000000000e+00  0.000000000000000e+00  5.001143371173967e-01  9.999999579660392e-01  5.001143364855812e-01  5.001143358537657e-01
10 1  9.999999720106926e-01  1.317583704628644e-09  0.000000000000000e+00  0.000000000000000e+00  0.000000000000000e+00  5.001143371173967e-01  9.999999579660392e-01  5.001143364855812e-01  5.001143358537657e-01
11 1  9.999999692232625e-01  1.444163471491866e-09  0.000000000000000e+00  0.000000000000000e+00  0.000000000000000e+00  4.933741619582996e-01  9.999999537848943e-01  4.933741612743434e-01  4.933741605903871e-01
11 1  9.999999692232625e-01  1.444163471491866e-09  0.000000000000000e+00  0.000000000000000e+00  0.000000000000000e+00  4.933741619582996e-01  9.999999537848943e-01  4.933741612743434e-01  4.933741605903871e-01
12 1  9.999999664359549e-01  1.570343968463303e-09  0.000000000000000e+00  0.000000000000000e+00  0.000000000000000e+00  4.945223257618922e-01  9.999999496039327e-01  4.945223250165893e-01  4.945223242712863e-01
12 1  9.999999664359549e-01  1.570343968463303e-09  0.000000000000000e+00  0.000000000000000e+00  0.000000000000000e+00  4.945223257618922e-01  9.999999496039327e-01  4.945223250165893e-01  4.945223242712863e-01
13 1  9.999999636487904e-01  1.696476301624682e-09  0.000000000000000e+00  0.000000000000000e+00  0.000000000000000e+00  4.956836328323281e-01  9.999999454231860e-01  4.956836320254278e-01  4.956836312185274e-01
13 1  9.999999636487904e-01  1.696476301624682e-09  0.000000000000000e+00  0.000000000000000e+00  0.000000000000000e+00  4.956836328323281e-01  9.999999454231860e-01  4.956836320254278e-01  4.956836312185274e-01
14 1  9.999999608615850e-01  1.822785328784530e-09  0.000000000000000e+00  0.000000000000000e+00  0.000000000000000e+00  4.968580791619024e-01  9.999999412423782e-01  4.968580782930428e-01  4.968580774241833e-01
14 1  9.999999608615850e-01  1.822785328784530e-09  0.000000000000000e+00  0.000000000000000e+00  0.000000000000000e+00  4.968580791619024e-01  9.999999412423782e-01  4.968580782930428e-01  4.968580774241833e-01
15 1  9.999999580745029e-01  1.948950878345604e-09  0.000000000000000e+00  0.000000000000000e+00  0.000000000000000e+00  4.980456627817381e-01  9.999999370617551e-01  4.980456618507058e-01  4.980456609196733e-01
15 1  9.999999580745029e-01  1.948950878345604e-09  0.000000000000000e+00  0.000000000000000e+00  0.000000000000000e+00  4.980456627817381e-01  9.999999370617551e-01  4.980456618507058e-01  4.980456609196733e-01
16 1  9.999999552874377e-01  2.075155350320705e-09  0.000000000000000e+00  0.000000000000000e+00  0.000000000000000e+00  4.992463818725919e-01  9.999999328811573e-01  4.992463808790819e-01  4.992463798855721e-01
16 1  9.999999552874377e-01  2.075155350320705e-09  0.000000000000000e+00  0.000000000000000e+00  0.000000000000000e+00  4.992463818725919e-01  9.999999328811573e-01  4.992463808790819e-01  4.992463798855721e-01
17 1  9.999999525003076e-01  2.201351715475712e-09  0.000000000000000e+00  0.000000000000000e+00  0.000000000000000e+00  5.004602358926421e-01  9.999999287004623e-01  5.004602348363687e-01  5.004602337800955e-01
17 1  9.999999525003076e-01  2.201351715475712e-09  0.000000000000000e+00  0.000000000000000e+00  0.000000000000000e+00  5.004602358926421e-01  9.999999287004623e-01  5.004602348363687e-01  5.004602337800955e-01
18 1  9.999999497132374e-01  2.327563180953297e-09  0.000000000000000e+00  0.000000000000000e+00  0.000000000000000e+00  5.016872242101517e-01  9.999999245198571e-01  5.016872230908136e-01  5.016872219714755e-01
18 1  9.999999497132374e-01  2.327563180953297e-09  0.000000000000000e+00  0.000000000000000e+00  0.000000000000000e+00  5.016872242101517e-01  9.999999245198571e-01  5.016872230908136e-01  5.016872219714755e-01
19 1  9.999999469261197e-01  2.454244251750360e-09  0.000000000000000e+00  0.000000000000000e+00  0.000000000000000e+00  4.950521580234951e-01  9.999999203391806e-01  4.950521568575387e-01  4.950521556915824e-01
19 1  9.999999469261197e-01  2.454244251750360e-09  0.000000000000000e+00  0.000000000000000e+00  0.000000000000000e+00  4.950521580234951e-01  9.999999203391806e-01  4.950521568575387e-01  4.950521556915824e-01
20 1  9.999999441391239e-01  2.580500978312957e-09  0.000000000000000e+00  0.000000000000000e+00  0.000000000000000e+00  4.963054142222604e-01  9.999999161586869e-01  4.963054129934777e-01  4.963054117646948e-01
20 1  9.999999441391239e-01  2.580500978312957e-09  0.000000000000000e+00  0.000000000000000e+00  0.000000000000000e+00  4.963054142222604e-01  9.999999161586869e-01  4.963054129934777e-01  4.963054117646948e-01
21 1  9.999999413520652e-01  2.706848280777403e-09  0.000000000000000e+00  0.000000000000000e+00  0.000000000000000e+00  4.975718044491539e-01  9.999999119780991e-01  4.975718031571939e-01  4.975718018652336e-01
21 1  9.999999413520652e-01  2.706848280777403e-09  0.000000000000000e+00  0.000000000000000e+00  0.000000000000000e+00  4.975718044491539e-01  9.999999119780991e-01  4.975718031571939e-01  4.975718018652336e-01
22 1  9.999999385648115e-01  2.833076045636841e-09  0.000000000000000e+00  0.000000000000000e+00  0.000000000000000e+00  4.988513288155070e-01  9.999999077972187e-01  4.988513274601148e-01  4.988513261047226e-01
22 1  9.999999385648115e-01  2.833076045636841e-09  0.000000000000000e+00  0.000000000000000e+00  0.000000000000000e+00  4.988513288155070e-01  9.999999077972187e-01  4.988513274601148e-01  4.988513261047226e-01
23 1  9.999999357777646e-01  2.959285561375291e-09  0.000000000000000e+00  0.000000000000000e+00  0.000000000000000e+00  5.001439873568908e-01  9.999999036166484e-01  5.001439859377597e-01  5.001439845186286e-01
23 1  9.999999357777646e-01  2.959285561375291e-09  0.000000000000000e+00  0.000000000000000e+00  0.000000000000000e+00  5.001439873568908e-01  9.999999036166484e-01  5.001439859377597e-01  5.001439845186286e-01
24 1  9.999999329907050e-01  3.085538609974401e-09  0.000000000000000e+00  0.000000000000000e+00  0.000000000000000e+00  5.014497796834129e-01  9.999998994360592e-01  5.014497782002029e-01  5.014497767169926e-01
24 1  9.999999329907050e-01  3.085538609974401e-09  0.000000000000000e+00  0.000000000000000e+00  0.000000000000000e+00  5.014497796834129e-01  9.999998994360592e-01  5.014497782002029e-01  5.014497767169926e-01
25 1  9.999999302035789e-01  3.211806134518369e-09  0.000000000000000e+00  0.000000000000000e+00  0.000000000000000e+00  5.027687056571489e-01  9.999998952553703e-01  5.027687041095290e-01  5.027687025619091e-01
25 1  9.999999302035789e-01  3.211806134518369e-09  0.000000000000000e+00  0.000000000000000e+00  0.000000000000000e+00  5.027687056571489e-01  9.999998952553703e-01  5.027687041095290e-01  5.027687025619091e-01
26 1  9.999999274164538e-01  3.338051903218005e-09  0.000000000000000e+00  0.000000000000000e+00  0.000000000000000e+00  5.041007656038665e-01  9.999998910746827e-01  5.041007639915198e-01  5.041007623791731e-01
26 1  9.999999274164538e-01  3.338051903218005e-09  0.000000000000000e+00  0.000000000000000e+00  0.000000000000000e+00  5.041007656038665e-01  9.999998910746827e-01  5.041007639915198e-01  5.041007623791731e-01
27 1  9.999999246292853e-01  3.464770933509013e-09  0.000000000000000e+00  0.000000000000000e+00  0.000000000000000e+00  4.975707709551699e-01  9.999998868939302e-01  4.975707693014614e-01  4.975707676477530e-01
27 1  9.999999246292853e-01  3.464770933509013e-09  0.000000000000000e+00  0.000000000000000e+00  0.000000000000000e+00  4.975707709551699e-01  9.999998868939302e-01  4.975707693014614e-01  4.975707676477530e-01
28 1  9.999999218419590e-01  3.591087862705280e-09  0.000000000000000e+00  0.000000000000000e+00  0.000000000000000e+00  4.989290997549068e-01  9.999998827129407e-01  4.989290980366236e-01  4.989290963183403e-01
28 1  9.999999218419590e-01  3.591087862705280e-09  0.000000000000000e+00  0.000000000000000e+00  0.000000000000000e+00  4.989290997549068e-01  9.999998827129407e-01  4.989290980366236e-01  4.989290963183403e-01
29 1  9.999999190549068e-01  3.717236896586784e-09  0.000000000000000e+00  0.000000000000000e+00  0.000000000000000e+00  5.003005629770010e-01  9.999998785323627e-01  5.003005611938823e-01  5.003005594107637e-01
29 1  9.999999190549068e-01  3.717236896586784e-09  0.000000000000000e+00  0.000000000000000e+00  0.000000000000000e+00  5.003005629770010e-01  9.999998785323627e-01  5.003005611938823e-01  5.003005594107637e-01
30 1  9.999999162677510e-01  3.843559190335441e-09  0.000000000000000e+00  0.000000000000000e+00  0.000000000000000e+00  5.016851602120339e-01  9.999998743516291e-01  5.016851583636522e-01  5.016851565152703e-01
30 1  9.999999162677510e-01  3.843559190335441e-09  0.000000000000000e+00  0.000000000000000e+00  0.000000000000000e+00  5.016851602120339e-01  9.999998743516291e-01  5.016851583636522e-01  5.016851565152703e-01
31 1  9.999999134804046e-01  3.969733437911215e-09  0.000000000000000e+00  0.000000000000000e+00  0.000000000000000e+00  5.030828921889239e-01  9.999998701706098e-01  5.030828902750011e-01  5.030828883610785e-01
31 1  9.999999134804046e-01  3.969733437911215e-09  0.000000000000000e+00  0.000000000000000e+00  0.000000000000000e+00  5.030828921889239e-01  9.999998701706098e-01  5.030828902750011e-01  5.030828883610785e-01
32 1  9.999999106931705e-01  4.095930318440683e-09  0.000000000000000e+00  0.000000000000000e+00  0.000000000000000e+00  5.044937587900667e-01  9.999998659897588e-01  5.044937568102401e-01  5.044937548304135e-01
32 1  9.999999106931705e-01  4.095930318440683e-09  0.000000000000000e+00  0.000000000000000e+00  0.000000000000000e+00  5.044937587900667e-01  9.999998659897588e-01  5.044937568102401e-01  5.044937548304135e-01
33 1  9.999999079059203e-01  4.222107286210127e-09  0.000000000000000e+00  0.000000000000000e+00  0.000000000000000e+00  5.059177598895467e-01  9.999998618088836e-01  5.059177578434692e-01  5.059177557973920e-01
33 1  9.999999079059203e-01  4.222107286210127e-09  0.000000000000000e+00  0.000000000000000e+00  0.000000000000000e+00  5.059177598895467e-01  9.999998618088836e-01  5.059177578434692e-01  5.059177557973920e-01
34 1  9.999999051186165e-01  4.348340765504197e-09  0.000000000000000e+00  0.000000000000000e+00  0.000000000000000e+00  5.073548959608500e-01  9.999998576279282e-01  5.073548938481344e-01  5.073548917354189e-01
34 1  9.999999051186165e-01  4.348340765504197e-09  0.000000000000000e+00  0.000000000000000e+00  0.000000000000000e+00  5.073548959608500e-01  9.999998576279282e-01  5.073548938481344e-01  5.073548917354189e-01
35 1  9.999999023314514e-01  4.475058618800276e-09  0.000000000000000e+00  0.000000000000000e+00  0.000000000000000e+00  5.009299772212606e-01  9.999998534471807e-01  5.009299750721520e-01  5.009299729230433e-01
35 1  9.999999023314514e-01  4.475058618800276e-09  0.000000000000000e+00  0.000000000000000e+00  0.000000000000000e+00  5.009299772212606e-01  9.999998534471807e-01  5.009299750721520e-01  5.009299729230433e-01
36 1  9.999998995442992e-01  4.601314304178539e-09  0.000000000000000e+00  0.000000000000000e+00  0.000000000000000e+00  5.023933817425256e-01  9.999998492664527e-01  5.023933795268799e-01  5.023933773112341e-01
36 1  9.999998995442992e-01  4.601314304178539e-09  0.000000000000000e+00  0.000000000000000e+00  0.000000000000000e+00  5.023933817425256e-01  9.999998492664527e-01  5.023933795268799e-01  5.023933773112341e-01
37 1  9.999998967572610e-01  4.727563048555270e-09  0.000000000000000e+00  0.000000000000000e+00  0.000000000000000e+00  5.038699201519554e-01  9.999998450858953e-01  5.038699178694023e-01  5.038699155868492e-01
37 1  9.999998967572610e-01  4.727563048555270e-09  0.000000000000000e+00  0.000000000000000e+00  0.000000000000000e+00  5.038699201519554e-01  9.999998450858953e-01  5.038699178694023e-01  5.038699155868492e-01
38 1  9.999998939701885e-01  4.853795223990148e-09  0.000000000000000e+00  0.000000000000000e+00  0.000000000000000e+00  5.053595925133304e-01  9.999998409052870e-01  5.053595901635006e-01  5.053595878136711e-01
38 1  9.999998939701885e-01  4.853795223990148e-09  0.000000000000000e+00  0.000000000000000e+00  0.000000000000000e+00  5.053595925133304e-01  9.999998409052870e-01  5.053595901635006e-01  5.053595878136711e-01
39 1  9.999998911831262e-01  4.980068756265586e-09  0.000000000000000e+00  0.000000000000000e+00  0.000000000000000e+00  5.068623983694589e-01  9.999998367246937e-01  5.068623959519518e-01  5.068623935344445e-01
39 1  9.999998911831262e-01  4.980068756265586e-09  0.000000000000000e+00  0.000000000000000e+00  0.000000000000000e+00  5.068623983694589e-01  9.999998367246937e-01  5.068623959519518e-01  5.068623935344445e-01
40 1  9.999998883959043e-01  5.106301137946289e-09  0.000000000000000e+00  0.000000000000000e+00  0.000000000000000e+00  5.105227731044985e-01  9.999998325438610e-01  5.105227706093888e-01  5.105227681142793e-01
40 1  9.999998883959043e-01  5.106301137946289e-09  0.000000000000000e+00  0.000000000000000e+00  0.000000000000000e+00  5.105227731044985e-01  9.999998325438610e-01  5.105227706093888e-01  5.105227681142793e-01
