0 0  1.000000000000000e+00  0.000000000000000e+00  0.000000000000000e+00  0.000000000000000e+00  0.000000000000000e+00  0.000000000000000e+00  0.000000000000000e+00 1
0 1  1.000000000000000e-25  8.775825618903725e-01  4.794255386042029e-01  0.000000000000000e+00 -3.012319500044585e+00  5.514013858706603e+00  0.000000000000000e+00 0
1 0  1.000000000000000e+00  0.000000000000000e+00  0.000000000000000e+00  0.000000000000000e+00  0.000000000000000e+00  0.000000000000000e+00  0.000000000000000e+00 1
1 1  1.000000000000000e-10  8.783594053719763e-01  4.780007840349924e-01  0.000000000000000e+00 -3.003367514632123e+00  5.518894933024432e+00  0.000000000000000e+00 0
2 0  1.000000000000000e+00  0.000000000000000e+00  0.000000000000000e+00  0.000000000000000e+00  0.000000000000000e+00  0.000000000000000e+00  0.000000000000000e+00 1
2 1  1.000000000000000e-10  8.778752225681289e-01  4.788894263755571e-01  0.000000000000000e+00 -3.008951030750387e+00  5.515852745446478e+00  0.000000000000000e+00 0
3 0  1.000000000000000e+00  0.000000000000000e+00  0.000000000000000e+00  0.000000000000000e+00  0.000000000000000e+00  0.000000000000000e+00  0.000000000000000e+00 1
3 1  1.000000000000000e-10  8.811341887229643e-01  4.728662866987835e-01  0.000000000000000e+00 -2.971106539172709e+00  5.536329456714193e+00  0.000000000000000e+00 0
4 0  1.000000000000000e+00  0.000000000000000e+00  0.000000000000000e+00  0.000000000000000e+00  0.000000000000000e+00  0.000000000000000e+00  0.000000000000000e+00 1
4 1  1.000000000000000e-10  8.806413113050496e-01  4.737835571080511e-01  0.000000000000000e+00 -2.976869930711205e+00  5.533232639390381e+00  0.000000000000000e+00 0
5 0  1.000000000000000e+00  0.000000000000000e+00  0.000000000000000e+00  0.000000000000000e+00  0.000000000000000e+00  0.000000000000000e+00  0.000000000000000e+00 1
5 1  1.000000000000000e-10  8.801408800050612e-01  4.747125488595352e-01  0.000000000000000e+00 -2.982706969647222e+00  5.530088359569220e+00  0.000000000000000e+00 0
6 0  1.000000000000000e+00  0.000000000000000e+00  0.000000000000000e+00  0.000000000000000e+00  0.000000000000000e+00  0.000000000000000e+00  0.000000000000000e+00 1
6 1  1.000000000000000e-10  8.796330108072240e-01  4.756529549377597e-01  0.000000000000000e+00 -2.988615726954198e+00  5.526897346013525e+00  0.000000000000000e+00 0
7 0  1.000000000000000e+00  0.000000000000000e+00  0.000000000000000e+00  0.000000000000000e+00  0.000000000000000e+00  0.000000000000000e+00  0.000000000000000e+00 1
7 1  1.000000000000000e-10  8.791177557821155e-01  4.766045879511270e-01  0.000000000000000e+00 -2.994595025220174e+00  5.523659925898804e+00  0.000000000000000e+00 0
8 0  1.000000000000000e+00  0.000000000000000e+00  0.000000000000000e+00  0.000000000000000e+00  0.000000000000000e+00  0.000000000000000e+00  0.000000000000000e+00 1
8 1  1.000000000000000e-10  8.785951290965428e-01  4.775673308152232e-01  0.000000000000000e+00 -3.000644128784047e+00  5.520376188238844e+00  0.000000000000000e+00 0
9 0  1.000000000000000e+00  0.000000000000000e+00  0.000000000000000e+00  0.000000000000000e+00  0.000000000000000e+00  0.000000000000000e+00  0.000000000000000e+00 1
9 1  1.000000000000000e-10  8.780651227255029e-01  4.785411070479443e-01  0.000000000000000e+00 -3.006762557098807e+00  5.517046082616561e+00  0.000000000000000e+00 0
10 0  1.000000000000000e+00  0.000000000000000e+00  0.000000000000000e+00  0.000000000000000e+00  0.000000000000000e+00  0.000000000000000e+00  0.000000000000000e+00 1
10 1  1.000000000000000e-10  8.775277160768299e-01  4.795258626468097e-01  0.000000000000000e+00 -3.012949970857242e+00  5.513669479645384e+00  0.000000000000000e+00 0
11 0  1.000000000000000e+00  0.000000000000000e+00  0.000000000000000e+00  0.000000000000000e+00  0.000000000000000e+00  0.000000000000000e+00  0.000000000000000e+00 1
11 1  1.000000000000000e-10  8.807398445536945e-01  4.736003232426516e-01  0.000000000000000e+00 -2.975718718686432e+00  5.533851901779750e+00  0.000000000000000e+00 0
12 0  1.000000000000000e+00  0.000000000000000e+00  0.000000000000000e+00  0.000000000000000e+00  0.000000000000000e+00  0.000000000000000e+00  0.000000000000000e+00 1
12 1  1.000000000000000e-10  8.801954909943953e-01  4.746112431676711e-01  0.000000000000000e+00 -2.982070527685785e+00  5.530431650122544e+00  0.000000000000000e+00 0
13 0  1.000000000000000e+00  0.000000000000000e+00  0.000000000000000e+00  0.000000000000000e+00  0.000000000000000e+00  0.000000000000000e+00  0.000000000000000e+00 1
13 1  1.000000000000000e-10  8.796437257975779e-01  4.756330988501744e-01  0.000000000000000e+00 -2.988491048130971e+00  5.526964829739814e+00  0.000000000000000e+00 0
14 0  1.000000000000000e+00  0.000000000000000e+00  0.000000000000000e+00  0.000000000000000e+00  0.000000000000000e+00  0.000000000000000e+00  0.000000000000000e+00 1
14 1  1.000000000000000e-10  8.790845113262323e-01  4.766658636326581e-01  0.000000000000000e+00 -2.994980112527858e+00  5.523451204151776e+00  0.000000000000000e+00 0
15 0  1.000000000000000e+00  0.000000000000000e+00  0.000000000000000e+00  0.000000000000000e+00  0.000000000000000e+00  0.000000000000000e+00  0.000000000000000e+00 1
15 1  1.000000000000000e-10  8.785178085831189e-01  4.777095123176634e-01  0.000000000000000e+00 -3.001537562558728e+00  5.519890528330730e+00  0.000000000000000e+00 0
16 0  1.000000000000000e+00  0.000000000000000e+00  0.000000000000000e+00  0.000000000000000e+00  0.000000000000000e+00  0.000000000000000e+00  0.000000000000000e+00 1
16 1  1.000000000000000e-10  8.779435781064612e-01  4.787640195009898e-01  0.000000000000000e+00 -3.008163238604232e+00  5.516282554331224e+00  0.000000000000000e+00 0
17 0  1.000000000000000e+00  0.000000000000000e+00  0.000000000000000e+00  0.000000000000000e+00  0.000000000000000e+00  0.000000000000000e+00  0.000000000000000e+00 1
17 1  1.000000000000000e-10  8.773617794299687e-01  4.798293605583404e-01  0.000000000000000e+00 -3.014856985946560e+00  5.512627027894741e+00  0.000000000000000e+00 0
18 0  1.000000000000000e+00  0.000000000000000e+00  0.000000000000000e+00  0.000000000000000e+00  0.000000000000000e+00  0.000000000000000e+00  0.000000000000000e+00 1
18 1  1.000000000000000e-10  8.767723717352828e-01  4.809055104401673e-01  0.000000000000000e+00 -3.021618647195358e+00  5.508923692552790e+00  0.000000000000000e+00 0
19 0  1.000000000000000e+00  0.000000000000000e+00  0.000000000000000e+00  0.000000000000000e+00  0.000000000000000e+00  0.000000000000000e+00  0.000000000000000e+00 1
19 1  1.000000000000000e-10  8.799438863149703e-01  4.750775234275791e-01  0.000000000000000e+00 -2.985000333650562e+00  5.528850930699682e+00  0.000000000000000e+00 0
20 0  1.000000000000000e+00  0.000000000000000e+00  0.000000000000000e+00  0.000000000000000e+00  0.000000000000000e+00  0.000000000000000e+00  0.000000000000000e+00 1
20 1  1.000000000000000e-10  8.793477991817980e-01  4.761799438812760e-01  0.000000000000000e+00 -2.991927057717073e+00  5.525105627240648e+00  0.000000000000000e+00 0
21 0  1.000000000000000e+00  0.000000000000000e+00  0.000000000000000e+00  0.000000000000000e+00  0.000000000000000e+00  0.000000000000000e+00  0.000000000000000e+00 1
21 1  1.000000000000000e-10  8.787440621978218e-01  4.772931579070847e-01  0.000000000000000e+00 -2.998921599858704e+00  5.521312258314016e+00  0.000000000000000e+00 0
22 0  1.000000000000000e+00  0.000000000000000e+00  0.000000000000000e+00  0.000000000000000e+00  0.000000000000000e+00  0.000000000000000e+00  0.000000000000000e+00 1
22 1  1.000000000000000e-10  8.781326324149930e-01  4.784171400285520e-01  0.000000000000000e+00 -3.005983800005379e+00  5.517470554071103e+00  0.000000000000000e+00 0
23 0  1.000000000000000e+00  0.000000000000000e+00  0.000000000000000e+00  0.000000000000000e+00  0.000000000000000e+00  0.000000000000000e+00  0.000000000000000e+00 1
23 1  1.000000000000000e-10  8.775134665301705e-01  4.795518643448172e-01  0.000000000000000e+00 -3.013113495415651e+00  5.513580242427175e+00  0.000000000000000e+00 0
24 0  1.000000000000000e+00  0.000000000000000e+00  0.000000000000000e+00  0.000000000000000e+00  0.000000000000000e+00  0.000000000000000e+00  0.000000000000000e+00 1
24 1  1.000000000000000e-10  8.768865210543753e-01  4.806973042208236e-01  0.000000000000000e+00 -3.020310518737929e+00  5.509641050134375e+00  0.000000000000000e+00 0
25 0  1.000000000000000e+00  0.000000000000000e+00  0.000000000000000e+00  0.000000000000000e+00  0.000000000000000e+00  0.000000000000000e+00  0.000000000000000e+00 1
25 1  1.000000000000000e-10  8.762517519915547e-01  4.818534328799510e-01  0.000000000000000e+00 -3.027574701730264e+00  5.505652700753844e+00  0.000000000000000e+00 0
26 0  1.000000000000000e+00  0.000000000000000e+00  0.000000000000000e+00  0.000000000000000e+00  0.000000000000000e+00  0.000000000000000e+00  0.000000000000000e+00 1
26 1  1.000000000000000e-10  8.756091147361427e-01  4.830202235854628e-01  0.000000000000000e+00 -3.034905876401945e+00  5.501614914021240e+00  0.000000000000000e+00 0
27 0  1.000000000000000e+00  0.000000000000000e+00  0.000000000000000e+00  0.000000000000000e+00  0.000000000000000e+00  0.000000000000000e+00  0.000000000000000e+00 1
27 1  1.000000000000000e-10  8.787445410994361e-01  4.772922419209408e-01  0.000000000000000e+00 -2.998915913925190e+00  5.521315403848286e+00  0.000000000000000e+00 0
28 0  1.000000000000000e+00  0.000000000000000e+00  0.000000000000000e+00  0.000000000000000e+00  0.000000000000000e+00  0.000000000000000e+00  0.000000000000000e+00 1
28 1  1.000000000000000e-10  8.780954084429725e-01  4.784854239531750e-01  0.000000000000000e+00 -3.006412910155966e+00  5.517236805336699e+00  0.000000000000000e+00 0
29 0  1.000000000000000e+00  0.000000000000000e+00  0.000000000000000e+00  0.000000000000000e+00  0.000000000000000e+00  0.000000000000000e+00  0.000000000000000e+00 1
29 1  1.000000000000000e-10  8.774383552890443e-01  4.796892478336723e-01  0.000000000000000e+00 -3.013976771160266e+00  5.513108440829057e+00  0.000000000000000e+00 0
30 0  1.000000000000000e+00  0.000000000000000e+00  0.000000000000000e+00  0.000000000000000e+00  0.000000000000000e+00  0.000000000000000e+00  0.000000000000000e+00 1
30 1  1.000000000000000e-10  8.767733356358139e-01  4.809036850487404e-01  0.000000000000000e+00 -3.021607317781181e+00  5.508930021289083e+00  0.000000000000000e+00 0
31 0  1.000000000000000e+00  0.000000000000000e+00  0.000000000000000e+00  0.000000000000000e+00  0.000000000000000e+00  0.000000000000000e+00  0.000000000000000e+00 1
31 1  1.000000000000000e-10  8.761003025556260e-01  4.821287077053281e-01  0.000000000000000e+00 -3.029304374764639e+00  5.504701251860179e+00  0.000000000000000e+00 0
32 0  1.000000000000000e+00  0.000000000000000e+00  0.000000000000000e+00  0.000000000000000e+00  0.000000000000000e+00  0.000000000000000e+00  0.000000000000000e+00 1
32 1  1.000000000000000e-10  8.754192091495279e-01  4.833642867866718e-01  0.000000000000000e+00 -3.037067759791537e+00  5.500421837866202e+00  0.000000000000000e+00 0
33 0  1.000000000000000e+00  0.000000000000000e+00  0.000000000000000e+00  0.000000000000000e+00  0.000000000000000e+00  0.000000000000000e+00  0.000000000000000e+00 1
33 1  1.000000000000000e-10  8.747300081477961e-01  4.846103928850815e-01  0.000000000000000e+00 -3.044897288089528e+00  5.496091482302916e+00  0.000000000000000e+00 0
34 0  1.000000000000000e+00  0.000000000000000e+00  0.000000000000000e+00  0.000000000000000e+00  0.000000000000000e+00  0.000000000000000e+00  0.000000000000000e+00 1
34 1  1.000000000000000e-10  8.740326516173144e-01  4.858669967304038e-01  0.000000000000000e+00 -3.052792775748833e+00  5.491709883995632e+00  0.000000000000000e+00 0
35 0  1.000000000000000e+00  0.000000000000000e+00  0.000000000000000e+00  0.000000000000000e+00  0.000000000000000e+00  0.000000000000000e+00  0.000000000000000e+00 1
35 1  1.000000000000000e-10  8.771362439113199e-01  4.802414171232656e-01  0.000000000000000e+00 -3.017446223370801e+00  5.511210355073223e+00  0.000000000000000e+00 0
36 0  1.000000000000000e+00  0.000000000000000e+00  0.000000000000000e+00  0.000000000000000e+00  0.000000000000000e+00  0.000000000000000e+00  0.000000000000000e+00 1
36 1  1.000000000000000e-10  8.764325150998753e-01  4.815245062690302e-01  0.000000000000000e+00 -3.025508123057358e+00  5.506788718564044e+00  0.000000000000000e+00 0
37 0  1.000000000000000e+00  0.000000000000000e+00  0.000000000000000e+00  0.000000000000000e+00  0.000000000000000e+00  0.000000000000000e+00  0.000000000000000e+00 1
37 1  1.000000000000000e-10  8.757205681635467e-01  4.828180658557165e-01  0.000000000000000e+00 -3.033635810539346e+00  5.502315446006482e+00  0.000000000000000e+00 0
38 0  1.000000000000000e+00  0.000000000000000e+00  0.000000000000000e+00  0.000000000000000e+00  0.000000000000000e+00  0.000000000000000e+00  0.000000000000000e+00 1
38 1  1.000000000000000e-10  8.750003536553654e-01  4.841220650667108e-01  0.000000000000000e+00 -3.041829092191622e+00  5.497790226715926e+00  0.000000000000000e+00 0
39 0  1.000000000000000e+00  0.000000000000000e+00  0.000000000000000e+00  0.000000000000000e+00  0.000000000000000e+00  0.000000000000000e+00  0.000000000000000e+00 1
39 1  1.000000000000000e-10  8.742718220158445e-01  4.854364722305186e-01  0.000000000000000e+00 -3.050087769016357e+00  5.493212749299436e+00  0.000000000000000e+00 0
40 0  1.000000000000000e+00  0.000000000000000e+00  0.000000000000000e+00  0.000000000000000e+00  0.000000000000000e+00  0.000000000000000e+00  0.000000000000000e+00 1
40 1  1.000000000000000e-10  8.724890873305767e-01  4.886333742305298e-01  0.000000000000000e+00 -3.070174511726039e+00  5.482011517612979e+00  0.000000000000000e+00 0
