0 0  1.000000000000000e+00  0.000000000000000e+00  0.000000000000000e+00  0.000000000000000e+00  0.000000000000000e+00  0.000000000000000e+00  0.000000000000000e+00 1
0 1  1.000000000000000e-25  8.775825618903725e-01  4.794255386042029e-01  0.000000000000000e+00 -3.012319500044585e+00  5.514013858706603e+00  0.000000000000000e+00 0
1 0  1.000000000000000e+00  0.000000000000000e+00  0.000000000000000e+00  0.000000000000000e+00  0.000000000000000e+00  0.000000000000000e+00  0.000000000000000e+00 1
1 1  1.000000000000000e-10  8.783595662846337e-01  4.780004885179158e-01  0.000000000000000e+00 -3.003365658172623e+00  5.518895943222605e+00  0.000000000000000e+00 0
2 0  1.000000000000000e+00  0.000000000000000e+00  0.000000000000000e+00  0.000000000000000e+00  0.000000000000000e+00  0.000000000000000e+00  0.000000000000000e+00 1
2 1  1.000000000000000e-10  8.778758611085605e-01  4.788882561694933e-01  0.000000000000000e+00 -3.008943678797591e+00  5.515856755852495e+00  0.000000000000000e+00 0
3 0  1.000000000000000e+00  0.000000000000000e+00  0.000000000000000e+00  0.000000000000000e+00  0.000000000000000e+00  0.000000000000000e+00  0.000000000000000e+00 1
3 1  1.000000000000000e-10  8.811355897412115e-01  4.728636765630963e-01  0.000000000000000e+00 -2.971090140213134e+00  5.536338257046850e+00  0.000000000000000e+00 0
4 0  1.000000000000000e+00  0.000000000000000e+00  0.000000000000000e+00  0.000000000000000e+00  0.000000000000000e+00  0.000000000000000e+00  0.000000000000000e+00 1
4 1  1.000000000000000e-10  8.806438215276412e-01  4.737788919251099e-01  0.000000000000000e+00 -2.976840619807269e+00  5.533248408161985e+00  0.000000000000000e+00 0
5 0  1.000000000000000e+00  0.000000000000000e+00  0.000000000000000e+00  0.000000000000000e+00  0.000000000000000e+00  0.000000000000000e+00  0.000000000000000e+00 1
5 1  1.000000000000000e-10  8.801448304436769e-01  4.747052253541688e-01  0.000000000000000e+00 -2.982660956326360e+00  5.530113176620506e+00  0.000000000000000e+00 0
6 0  1.000000000000000e+00  0.000000000000000e+00  0.000000000000000e+00  0.000000000000000e+00  0.000000000000000e+00  0.000000000000000e+00  0.000000000000000e+00 1
6 1  1.000000000000000e-10  8.796387282430523e-01  4.756423824860863e-01  0.000000000000000e+00 -2.988549300223268e+00  5.526933264589260e+00  0.000000000000000e+00 0
7 0  1.000000000000000e+00  0.000000000000000e+00  0.000000000000000e+00  0.000000000000000e+00  0.000000000000000e+00  0.000000000000000e+00  0.000000000000000e+00 1
7 1  1.000000000000000e-10  8.791255659742476e-01  4.765901826513221e-01  0.000000000000000e+00 -2.994504516319458e+00  5.523708992813270e+00  0.000000000000000e+00 0
8 0  1.000000000000000e+00  0.000000000000000e+00  0.000000000000000e+00  0.000000000000000e+00  0.000000000000000e+00  0.000000000000000e+00  0.000000000000000e+00 1
8 1  1.000000000000000e-10  8.786053582438218e-01  4.775485128464713e-01  0.000000000000000e+00 -3.000525894592847e+00  5.520440453067588e+00  0.000000000000000e+00 0
9 0  1.000000000000000e+00  0.000000000000000e+00  0.000000000000000e+00  0.000000000000000e+00  0.000000000000000e+00  0.000000000000000e+00  0.000000000000000e+00 1
9 1  1.000000000000000e-10  8.780780980240624e-01  4.785172997227118e-01  0.000000000000000e+00 -3.006612974182729e+00  5.517127601200142e+00  0.000000000000000e+00 0
10 0  1.000000000000000e+00  0.000000000000000e+00  0.000000000000000e+00  0.000000000000000e+00  0.000000000000000e+00  0.000000000000000e+00  0.000000000000000e+00 1
10 1  1.000000000000000e-10  8.775437661773569e-01  4.794964916602281e-01  0.000000000000000e+00 -3.012765430750257e+00  5.513770316957078e+00  0.000000000000000e+00 0
11 0  1.000000000000000e+00  0.000000000000000e+00  0.000000000000000e+00  0.000000000000000e+00  0.000000000000000e+00  0.000000000000000e+00  0.000000000000000e+00 1
11 1  1.000000000000000e-10  8.807590200289402e-01  4.735646633946071e-01  0.000000000000000e+00 -2.975494664866107e+00  5.533972375489743e+00  0.000000000000000e+00 0
12 0  1.000000000000000e+00  0.000000000000000e+00  0.000000000000000e+00  0.000000000000000e+00  0.000000000000000e+00  0.000000000000000e+00  0.000000000000000e+00 1
12 1  1.000000000000000e-10  8.802183519080938e-01  4.745688458483466e-01  0.000000000000000e+00 -2.981804141411440e+00  5.530575279303203e+00  0.000000000000000e+00 0
13 0  1.000000000000000e+00  0.000000000000000e+00  0.000000000000000e+00  0.000000000000000e+00  0.000000000000000e+00  0.000000000000000e+00  0.000000000000000e+00 1
13 1  1.000000000000000e-10  8.796706022625258e-01  4.755833919598002e-01  0.000000000000000e+00 -2.988178734791061e+00  5.527133688555691e+00  0.000000000000000e+00 0
14 0  1.000000000000000e+00  0.000000000000000e+00  0.000000000000000e+00  0.000000000000000e+00  0.000000000000000e+00  0.000000000000000e+00  0.000000000000000e+00 1
14 1  1.000000000000000e-10  8.791157353712566e-01  4.766082770180879e-01  0.000000000000000e+00 -2.994618289746367e+00  5.523647378807253e+00  0.000000000000000e+00 0
15 0  1.000000000000000e+00  0.000000000000000e+00  0.000000000000000e+00  0.000000000000000e+00  0.000000000000000e+00  0.000000000000000e+00  0.000000000000000e+00 1
15 1  1.000000000000000e-10  8.785537147047983e-01  4.776434768579492e-01  0.000000000000000e+00 -3.001122654439633e+00  5.520116120531465e+00  0.000000000000000e+00 0
16 0  1.000000000000000e+00  0.000000000000000e+00  0.000000000000000e+00  0.000000000000000e+00  0.000000000000000e+00  0.000000000000000e+00  0.000000000000000e+00 1
16 1  1.000000000000000e-10  8.779845030095732e-01  4.786889676902475e-01  0.000000000000000e+00 -3.007691679401473e+00  5.516539679660148e+00  0.000000000000000e+00 0
17 0  1.000000000000000e+00  0.000000000000000e+00  0.000000000000000e+00  0.000000000000000e+00  0.000000000000000e+00  0.000000000000000e+00  0.000000000000000e+00 1
17 1  1.000000000000000e-10  8.774080624120376e-01  4.797447259064366e-01  0.000000000000000e+00 -3.014325216294737e+00  5.512917818221430e+00  0.000000000000000e+00 0
18 0  1.000000000000000e+00  0.000000000000000e+00  0.000000000000000e+00  0.000000000000000e+00  0.000000000000000e+00  0.000000000000000e+00  0.000000000000000e+00 1
18 1  1.000000000000000e-10  8.768243546093640e-01  4.808107277210941e-01  0.000000000000000e+00 -3.021023115672996e+00  5.509250295555020e+00  0.000000000000000e+00 0
19 0  1.000000000000000e+00  0.000000000000000e+00  0.000000000000000e+00  0.000000000000000e+00  0.000000000000000e+00  0.000000000000000e+00  0.000000000000000e+00 1
19 1  1.000000000000000e-10  8.800010803414252e-01  4.749715760252510e-01  0.000000000000000e+00 -2.984334652745812e+00  5.529210275383420e+00  0.000000000000000e+00 0
20 0  1.000000000000000e+00  0.000000000000000e+00  0.000000000000000e+00  0.000000000000000e+00  0.000000000000000e+00  0.000000000000000e+00  0.000000000000000e+00 1
20 1  1.000000000000000e-10  8.794112945141633e-01  4.760626736286080e-01  0.000000000000000e+00 -2.991190233560221e+00  5.525504563393378e+00  0.000000000000000e+00 0
21 0  1.000000000000000e+00  0.000000000000000e+00  0.000000000000000e+00  0.000000000000000e+00  0.000000000000000e+00  0.000000000000000e+00  0.000000000000000e+00 1
21 1  1.000000000000000e-10  8.788142038279780e-01  4.771640011557258e-01  0.000000000000000e+00 -2.998110090940902e+00  5.521752953589528e+00  0.000000000000000e+00 0
22 0  1.000000000000000e+00  0.000000000000000e+00  0.000000000000000e+00  0.000000000000000e+00  0.000000000000000e+00  0.000000000000000e+00  0.000000000000000e+00 1
22 1  1.000000000000000e-10  8.782097679768093e-01  4.782755345884598e-01  0.000000000000000e+00 -3.005094073979796e+00  5.517955192719638e+00  0.000000000000000e+00 0
23 0  1.000000000000000e+00  0.000000000000000e+00  0.000000000000000e+00  0.000000000000000e+00  0.000000000000000e+00  0.000000000000000e+00  0.000000000000000e+00 1
23 1  1.000000000000000e-10  8.775979460177737e-01  4.793972501050500e-01  0.000000000000000e+00 -3.012142032999363e+00  5.514111023530371e+00  0.000000000000000e+00 0
24 0  1.000000000000000e+00  0.000000000000000e+00  0.000000000000000e+00  0.000000000000000e+00  0.000000000000000e+00  0.000000000000000e+00  0.000000000000000e+00 1
24 1  1.000000000000000e-10  8.769786974689159e-01  4.805291220687423e-01  0.000000000000000e+00 -3.019253806919300e+00  5.510220191664200e+00  0.000000000000000e+00 0
25 0  1.000000000000000e+00  0.000000000000000e+00  0.000000000000000e+00  0.000000000000000e+00  0.000000000000000e+00  0.000000000000000e+00  0.000000000000000e+00 1
25 1  1.000000000000000e-10  8.763519808605833e-01  4.816711256858033e-01  0.000000000000000e+00 -3.026429239958259e+00  5.506282436562214e+00  0.000000000000000e+00 0
26 0  1.000000000000000e+00  0.000000000000000e+00  0.000000000000000e+00  0.000000000000000e+00  0.000000000000000e+00  0.000000000000000e+00  0.000000000000000e+00 1
26 1  1.000000000000000e-10  8.757177543516551e-01  4.828232358719879e-01  0.000000000000000e+00 -3.033668174508506e+00  5.502297495328556e+00  0.000000000000000e+00 0
27 0  1.000000000000000e+00  0.000000000000000e+00  0.000000000000000e+00  0.000000000000000e+00  0.000000000000000e+00  0.000000000000000e+00  0.000000000000000e+00 1
27 1  1.000000000000000e-10  8.788602778545495e-01  4.770791015131111e-01  0.000000000000000e+00 -2.997576722064674e+00  5.522042576794989e+00  0.000000000000000e+00 0
28 0  1.000000000000000e+00  0.000000000000000e+00  0.000000000000000e+00  0.000000000000000e+00  0.000000000000000e+00  0.000000000000000e+00  0.000000000000000e+00 1
28 1  1.000000000000000e-10  8.782201568640242e-01  4.782564248139069e-01  0.000000000000000e+00 -3.004974075246268e+00  5.518020599468140e+00  0.000000000000000e+00 0
29 0  1.000000000000000e+00  0.000000000000000e+00  0.000000000000000e+00  0.000000000000000e+00  0.000000000000000e+00  0.000000000000000e+00  0.000000000000000e+00 1
29 1  1.000000000000000e-10  8.775724779651343e-01  4.794438365682202e-01  0.000000000000000e+00 -3.012434816116370e+00  5.513951134364663e+00  0.000000000000000e+00 0
30 0  1.000000000000000e+00  0.000000000000000e+00  0.000000000000000e+00  0.000000000000000e+00  0.000000000000000e+00  0.000000000000000e+00  0.000000000000000e+00 1
30 1  1.000000000000000e-10  8.769171981044496e-01  4.806413100023538e-01  0.000000000000000e+00 -3.019958776452436e+00  5.509833910971418e+00  0.000000000000000e+00 0
31 0  1.000000000000000e+00  0.000000000000000e+00  0.000000000000000e+00  0.000000000000000e+00  0.000000000000000e+00  0.000000000000000e+00  0.000000000000000e+00 1
31 1  1.000000000000000e-10  8.762542733364354e-01  4.818488190069010e-01  0.000000000000000e+00 -3.027545792205760e+00  5.505668653172471e+00  0.000000000000000e+00 0
32 0  1.000000000000000e+00  0.000000000000000e+00  0.000000000000000e+00  0.000000000000000e+00  0.000000000000000e+00  0.000000000000000e+00  0.000000000000000e+00 1
32 1  1.000000000000000e-10  8.755836598739224e-01  4.830663362183498e-01  0.000000000000000e+00 -3.035195691445211e+00  5.501455085840228e+00  0.000000000000000e+00 0
33 0  1.000000000000000e+00  0.000000000000000e+00  0.000000000000000e+00  0.000000000000000e+00  0.000000000000000e+00  0.000000000000000e+00  0.000000000000000e+00 1
33 1  1.000000000000000e-10  8.749053132545210e-01  4.842938345378906e-01  0.000000000000000e+00 -3.042908303905794e+00  5.497192929611181e+00  0.000000000000000e+00 0
34 0  1.000000000000000e+00  0.000000000000000e+00  0.000000000000000e+00  0.000000000000000e+00  0.000000000000000e+00  0.000000000000000e+00  0.000000000000000e+00 1
34 1  1.000000000000000e-10  8.742191889620625e-01  4.855312860052792e-01  0.000000000000000e+00 -3.050683453907069e+00  5.492881904779430e+00  0.000000000000000e+00 0
35 0  1.000000000000000e+00  0.000000000000000e+00  0.000000000000000e+00  0.000000000000000e+00  0.000000000000000e+00  0.000000000000000e+00  0.000000000000000e+00 1
35 1  1.000000000000000e-10  8.773315893415631e-01  4.798844622292969e-01  0.000000000000000e+00 -3.015203420893850e+00  5.512437717644449e+00  0.000000000000000e+00 0
36 0  1.000000000000000e+00  0.000000000000000e+00  0.000000000000000e+00  0.000000000000000e+00  0.000000000000000e+00  0.000000000000000e+00  0.000000000000000e+00 1
36 1  1.000000000000000e-10  8.766396979415041e-01  4.811472222159447e-01  0.000000000000000e+00 -3.023137588985208e+00  5.508090457026460e+00  0.000000000000000e+00 0
37 0  1.000000000000000e+00  0.000000000000000e+00  0.000000000000000e+00  0.000000000000000e+00  0.000000000000000e+00  0.000000000000000e+00  0.000000000000000e+00 1
37 1  1.000000000000000e-10  8.759399714794593e-01  4.824199109951500e-01  0.000000000000000e+00 -3.031134141593925e+00  5.503693967222649e+00  0.000000000000000e+00 0
38 0  1.000000000000000e+00  0.000000000000000e+00  0.000000000000000e+00  0.000000000000000e+00  0.000000000000000e+00  0.000000000000000e+00  0.000000000000000e+00 1
38 1  1.000000000000000e-10  8.752323634632764e-01  4.837025003178886e-01  0.000000000000000e+00 -3.039192901223875e+00  5.499247956109414e+00  0.000000000000000e+00 0
39 0  1.000000000000000e+00  0.000000000000000e+00  0.000000000000000e+00  0.000000000000000e+00  0.000000000000000e+00  0.000000000000000e+00  0.000000000000000e+00 1
39 1  1.000000000000000e-10  8.745168274137554e-01  4.849949609474878e-01  0.000000000000000e+00 -3.047313684178494e+00  5.494752131652155e+00  0.000000000000000e+00 0
40 0  1.000000000000000e+00  0.000000000000000e+00  0.000000000000000e+00  0.000000000000000e+00  0.000000000000000e+00  0.000000000000000e+00  0.000000000000000e+00 1
40 1  1.000000000000000e-10  8.727484806125224e-01  4.881699272489090e-01  0.000000000000000e+00 -3.067262601053992e+00  5.483641301060051e+00  0.000000000000000e+00 0
