0 1  9.999999999999991e-01  5.564461800918371e-16  0.000000000000000e+00  0.000000000000000e+00  0.000000000000000e+00  4.999999999999999e-01  9.999999999999987e-01  4.999999999999997e-01  4.999999999999994e-01
1 1  9.999999993705722e-01  1.002656781252032e-10  0.000000000000000e+00  0.000000000000000e+00  0.000000000000000e+00  4.928538858944370e-01  9.999999990058583e-01  4.928538858469971e-01  4.928538857995572e-01
1 1  9.999999972529021e-01  1.007849962385306e-10  0.000000000000000e+00  0.000000000000000e+00  0.000000000000000e+00  4.983768844272580e-01  9.999999958293533e-01  4.983768843790825e-01  4.983768843309072e-01
3 1  9.999999983117243e-01  1.005045499909588e-10  0.000000000000000e+00  0.000000000000000e+00  0.000000000000000e+00  4.995515752719353e-01  9.999999974175864e-01  4.995515752237900e-01  4.995515751756451e-01
2 1  9.999999946057103e-01  1.015601697169625e-10  0.000000000000000e+00  0.000000000000000e+00  0.000000000000000e+00  4.993878751273702e-01  9.999999918585655e-01  4.993878750787338e-01  4.993878750300978e-01
5 1  9.999999972529021e-01  1.007849962385306e-10  0.000000000000000e+00  0.000000000000000e+00  0.000000000000000e+00  4.983768844272580e-01  9.999999958293533e-01  4.983768843790825e-01  4.983768843309072e-01
3 1  9.999999919587338e-01  1.022965765032776e-10  0.000000000000000e+00  0.000000000000000e+00  0.000000000000000e+00  4.925379426983287e-01  9.999999878881006e-01  4.925379426499565e-01  4.925379426015841e-01
7 1  9.999999961940880e-01  1.011395332800228e-10  0.000000000000000e+00  0.000000000000000e+00  0.000000000000000e+00  4.972045127744995e-01  9.999999942411321e-01  4.972045127262590e-01  4.972045126780185e-01
4 1  9.999999893116994e-01  1.030340623026501e-10  0.000000000000000e+00  0.000000000000000e+00  0.000000000000000e+00  4.935769110577293e-01  9.999999839175492e-01  4.935769110089140e-01  4.935769109600987e-01
9 1  9.999999951351886e-01  1.014309213258033e-10  0.000000000000000e+00  0.000000000000000e+00  0.000000000000000e+00  4.960344481967446e-01  9.999999926527829e-01  4.960344481484695e-01  4.960344481001943e-01
5 1  9.999999866644851e-01  1.036704235325091e-10  0.000000000000000e+00  0.000000000000000e+00  0.000000000000000e+00  4.946290925307493e-01  9.999999799467277e-01  4.946290924815366e-01  4.946290924323237e-01

6 1  9.999999840173741e-01  1.042832696104959e-10  0.000000000000000e+00  0.000000000000000e+00  0.000000000000000e+00  4.956941761272979e-01  9.999999759760613e-01  4.956941760776962e-01  4.956941760280946e-01

7 1  9.999999813703307e-01  1.049464218205453e-10  0.000000000000000e+00  0.000000000000000e+00  0.000000000000000e+00  4.967719798291654e-01  9.999999720054963e-01  4.967719797791492e-01  4.967719797291327e-01

8 1  9.999999787233833e-01  1.057268891511709e-10  0.000000000000000e+00  0.000000000000000e+00  0.000000000000000e+00  4.978623985609999e-01  9.999999680350752e-01  4.978623985105100e-01  4.978623984600203e-01

9 1  9.999999760762525e-01  1.063893754143259e-10  0.000000000000000e+00  0.000000000000000e+00  0.000000000000000e+00  4.989653725085504e-01  9.999999640643789e-01  4.989653724576413e-01  4.989653724067322e-01

10 1  9.999999734292917e-01  1.073081819804280e-10  0.000000000000000e+00  0.000000000000000e+00  0.000000000000000e+00  5.000808668225168e-01  9.999999600939378e-01  5.000808667710628e-01  5.000808667196088e-01
16 1  9.999999914292713e-01  1.024541989690372e-10  0.000000000000000e+00  0.000000000000000e+00  0.000000000000000e+00  4.958947335923289e-01  9.999999870939070e-01  4.958947335435793e-01  4.958947334948297e-01
11 1  9.999999707822085e-01  1.082827487573774e-10  0.000000000000000e+00  0.000000000000000e+00  0.000000000000000e+00  4.933336733955961e-01  9.999999561233132e-01  4.933336733443174e-01  4.933336732930385e-01
18 1  9.999999903705027e-01  1.026805864027761e-10  0.000000000000000e+00  0.000000000000000e+00  0.000000000000000e+00  4.947347525015358e-01  9.999999855057541e-01  4.947347524527831e-01  4.947347524040305e-01
12 1  9.999999681351494e-01  1.090909287598789e-10  0.000000000000000e+00  0.000000000000000e+00  0.000000000000000e+00  4.944741577827965e-01  9.999999521527244e-01  4.944741577310253e-01  4.944741576792541e-01
20 1  9.999999893116994e-01  1.030340623026501e-10  0.000000000000000e+00  0.000000000000000e+00  0.000000000000000e+00  4.935769110577293e-01  9.999999839175492e-01  4.935769110089140e-01  4.935769109600987e-01
13 1  9.999999654880846e-01  1.099516609477518e-10  0.000000000000000e+00  0.000000000000000e+00  0.000000000000000e+00  4.956271251377936e-01  9.999999481821273e-01  4.956271250855023e-01  4.956271250332111e-01
22 1  9.999999882528562e-01  1.032961931732168e-10  0.000000000000000e+00  0.000000000000000e+00  0.000000000000000e+00  4.924211815356545e-01  9.999999823292842e-01  4.924211814868201e-01  4.924211814379857e-01
14 1  9.999999628407530e-01  1.107160236620744e-10  0.000000000000000e+00  0.000000000000000e+00  0.000000000000000e+00  4.967925722196103e-01  9.999999442111299e-01  4.967925721668420e-01  4.967925721140738e-01
24 1  9.999999871939470e-01  1.035128696789696e-10  0.000000000000000e+00  0.000000000000000e+00  0.000000000000000e+00  4.991427292863417e-01  9.999999807409204e-01  4.991427292367929e-01  4.991427291872441e-01
15 1  9.999999601936693e-01  1.114704741300952e-10  0.000000000000000e+00  0.000000000000000e+00  0.000000000000000e+00  4.979704967523738e-01  9.999999402405045e-01  4.979704966991305e-01  4.979704966458874e-01
26 1  9.999999861350637e-01  1.037666185764409e-10  0.000000000000000e+00  0.000000000000000e+00  0.000000000000000e+00  4.979911596783169e-01  9.999999791525958e-01  4.979911596287515e-01  4.979911595791861e-01
16 1  9.999999575465346e-01  1.121556391483273e-10  0.000000000000000e+00  0.000000000000000e+00  0.000000000000000e+00  4.991608972387590e-01  9.999999362698025e-01  4.991608971850716e-01  4.991608971313840e-01
28 1  9.999999850762895e-01  1.039829815640225e-10  0.000000000000000e+00  0.000000000000000e+00  0.000000000000000e+00  4.968416459192825e-01  9.999999775644344e-01  4.968416458697190e-01  4.968416458201553e-01
17 1  9.999999548995964e-01  1.129170209471794e-10  0.000000000000000e+00  0.000000000000000e+00  0.000000000000000e+00  5.003637727411931e-01  9.999999322993953e-01  5.003637726870217e-01  5.003637726328504e-01
30 1  9.999999840173741e-01  1.042832696104959e-10  0.000000000000000e+00  0.000000000000000e+00  0.000000000000000e+00  4.956941761272979e-01  9.999999759760613e-01  4.956941760776962e-01  4.956941760280946e-01
18 1  9.999999522524735e-01  1.137502097003128e-10  0.000000000000000e+00  0.000000000000000e+00  0.000000000000000e+00  5.015791224794889e-01  9.999999283287113e-01  5.015791224247964e-01  5.015791223701040e-01
32 1  9.999999829585463e-01  1.044936653974446e-10  0.000000000000000e+00  0.000000000000000e+00  0.000000000000000e+00  4.945487407503694e-01  9.999999743878196e-01  4.945487407007733e-01  4.945487406511769e-01
19 1  9.999999496051885e-01  1.145689242430335e-10  0.000000000000000e+00  0.000000000000000e+00  0.000000000000000e+00  4.949317586455165e-01  9.999999243577836e-01  4.949317585910994e-01  4.949317585366824e-01
34 1  9.999999818997812e-01  1.048252099267418e-10  0.000000000000000e+00  0.000000000000000e+00  0.000000000000000e+00  4.934053320430988e-01  9.999999727996720e-01  4.934053319934504e-01  4.934053319438023e-01
20 1  9.999999469582440e-01  1.154475198412747e-10  0.000000000000000e+00  0.000000000000000e+00  0.000000000000000e+00  4.961720576651351e-01  9.999999203873672e-01  4.961720576101749e-01  4.961720575552147e-01
36 1  9.999999808409387e-01  1.050649937054853e-10  0.000000000000000e+00  0.000000000000000e+00  0.000000000000000e+00  5.001391321210422e-01  9.999999712114082e-01  5.001391320706586e-01  5.001391320202749e-01
21 1  9.999999443112237e-01  1.163137210624033e-10  0.000000000000000e+00  0.000000000000000e+00  0.000000000000000e+00  4.974248305835299e-01  9.999999164168367e-01  4.974248305280292e-01  4.974248304725284e-01
38 1  9.999999797821448e-01  1.054002764708688e-10  0.000000000000000e+00  0.000000000000000e+00  0.000000000000000e+00  4.989997595134576e-01  9.999999696232174e-01  4.989997594630186e-01  4.989997594125796e-01
22 1  9.999999416640811e-01  1.171503289600073e-10  0.000000000000000e+00  0.000000000000000e+00  0.000000000000000e+00  4.986900774629925e-01  9.999999124461231e-01  4.986900774069625e-01  4.986900773509324e-01
40 1  9.999999787233833e-01  1.057268891511709e-10  0.000000000000000e+00  0.000000000000000e+00  0.000000000000000e+00  4.978623985609999e-01  9.999999680350752e-01  4.978623985105100e-01  4.978623984600203e-01
23 1  9.999999390169859e-01  1.180062977841163e-10  0.000000000000000e+00  0.000000000000000e+00  0.000000000000000e+00  4.999677989609105e-01  9.999999084754804e-01  4.999677989043386e-01  4.999677988477667e-01
42 1  9.999999776645281e-01  1.060040940860599e-10  0.000000000000000e+00  0.000000000000000e+00  0.000000000000000e+00  4.967270461756179e-01  9.999999664467923e-01  4.967270461251017e-01  4.967270460745854e-01
24 1  9.999999363700105e-01  1.189343784791227e-10  0.000000000000000e+00  0.000000000000000e+00  0.000000000000000e+00  5.012579940412785e-01  9.999999045050173e-01  5.012579939841271e-01  5.012579939269757e-01
44 1  9.999999766056770e-01  1.063000275884883e-10  0.000000000000000e+00  0.000000000000000e+00  0.000000000000000e+00  4.955936998941955e-01  9.999999648585157e-01  4.955936998436443e-01  4.955936997930929e-01
25 1  9.999999337229557e-01  1.198143572154714e-10  0.000000000000000e+00  0.000000000000000e+00  0.000000000000000e+00  5.025606630048127e-01  9.999999005344353e-01  5.025606629471017e-01  5.025606628893905e-01
46 1  9.999999755468573e-01  1.065880371273597e-10  0.000000000000000e+00  0.000000000000000e+00  0.000000000000000e+00  4.944623575379424e-01  9.999999632702862e-01  4.944623574873601e-01  4.944623574367779e-01
26 1  9.999999310757838e-01  1.206269695081615e-10  0.000000000000000e+00  0.000000000000000e+00  0.000000000000000e+00  5.038758062017560e-01  9.999998965636776e-01  5.038758061435147e-01  5.038758060852732e-01
48 1  9.999999744880836e-01  1.069269717433011e-10  0.000000000000000e+00  0.000000000000000e+00  0.000000000000000e+00  4.933330175118608e-01  9.999999616821257e-01  4.933330174612239e-01  4.933330174105871e-01
27 1  9.999999284287202e-01  1.215479946517883e-10  0.000000000000000e+00  0.000000000000000e+00  0.000000000000000e+00  4.973282346924113e-01  9.999998925930823e-01  4.973282346344233e-01  4.973282345764353e-01
50 1  9.999999734292917e-01  1.073081819804280e-10  0.000000000000000e+00  0.000000000000000e+00  0.000000000000000e+00  5.000808668225168e-01  9.999999600939378e-01  5.000808667710628e-01  5.000808667196088e-01
28 1  9.999999257815455e-01  1.224051245983984e-10  0.000000000000000e+00  0.000000000000000e+00  0.000000000000000e+00  4.986683263188498e-01  9.999998886223204e-01  4.986683262603088e-01  4.986683262017678e-01
52 1  9.999999723704459e-01  1.077073804724213e-10  0.000000000000000e+00  0.000000000000000e+00  0.000000000000000e+00  4.989555278440145e-01  9.999999585056691e-01  4.989555277924753e-01  4.989555277409364e-01
29 1  9.999999231344773e-01  1.232433747661150e-10  0.000000000000000e+00  0.000000000000000e+00  0.000000000000000e+00  5.000208924670332e-01  9.999998846517181e-01  5.000208924079448e-01  5.000208923488565e-01
54 1  9.999999713116504e-01  1.080594143763035e-10  0.000000000000000e+00  0.000000000000000e+00  0.000000000000000e+00  4.978321880065469e-01  9.999999569174759e-01  4.978321879549460e-01  4.978321879033453e-01
30 1  9.999999204872750e-01  1.241667709427790e-10  0.000000000000000e+00  0.000000000000000e+00  0.000000000000000e+00  5.013859327234162e-01  9.999998806809149e-01  5.013859326637367e-01  5.013859326040569e-01
56 1  9.999999702527562e-01  1.084711631863566e-10  0.000000000000000e+00  0.000000000000000e+00  0.000000000000000e+00  4.967108467873259e-01  9.999999553291348e-01  4.967108467356354e-01  4.967108466839449e-01
31 1  9.999999178400031e-01  1.249497765036329e-10  0.000000000000000e+00  0.000000000000000e+00  0.000000000000000e+00  5.027634478233295e-01  9.999998767100072e-01  5.027634477631224e-01  5.027634477029155e-01
58 1  9.999999691939548e-01  1.088799527656858e-10  0.000000000000000e+00  0.000000000000000e+00  0.000000000000000e+00  4.955915035302139e-01  9.999999537409326e-01  4.955915034784358e-01  4.955915034266577e-01
32 1  9.999999151928297e-01  1.257956116494235e-10  0.000000000000000e+00  0.000000000000000e+00  0.000000000000000e+00  5.041534374669872e-01  9.999998727392473e-01  5.041534374062194e-01  5.041534373454518e-01
60 1  9.999999681351494e-01  1.090909287598789e-10  0.000000000000000e+00  0.000000000000000e+00  0.000000000000000e+00  4.944741577827965e-01  9.999999521527244e-01  4.944741577310253e-01  4.944741576792541e-01
33 1  9.999999125456324e-01  1.265930911027670e-10  0.000000000000000e+00  0.000000000000000e+00  0.000000000000000e+00  5.055559020552262e-01  9.999998687684514e-01  5.055559019939178e-01  5.055559019326095e-01
62 1  9.999999670763393e-01  1.093888537862862e-10  0.000000000000000e+00  0.000000000000000e+00  0.000000000000000e+00  4.933588093327941e-01  9.999999505645095e-01  4.933588092809889e-01  4.933588092291838e-01
34 1  9.999999098983937e-01  1.275781377634007e-10  0.000000000000000e+00  0.000000000000000e+00  0.000000000000000e+00  5.069708414065228e-01  9.999998647975936e-01  5.069708413445795e-01  5.069708412826363e-01
64 1  9.999999660174639e-01  1.097087739026657e-10  0.000000000000000e+00  0.000000000000000e+00  0.000000000000000e+00  5.001206462884320e-01  9.999999489761963e-01  5.001206462358231e-01  5.001206461832143e-01
35 1  9.999999072512572e-01  1.286087034972055e-10  0.000000000000000e+00  0.000000000000000e+00  0.000000000000000e+00  5.005230660923115e-01  9.999998608268891e-01  5.005230660305940e-01  5.005230659688767e-01
66 1  9.999999649585917e-01  1.101131882727207e-10  0.000000000000000e+00  0.000000000000000e+00  0.000000000000000e+00  4.990092916203229e-01  9.999999473878879e-01  4.990092915676279e-01  4.990092915149326e-01
36 1  9.999999046042036e-01  1.296037588252509e-10  0.000000000000000e+00  0.000000000000000e+00  0.000000000000000e+00  5.019629540188962e-01  9.999998568563088e-01  5.019629539565377e-01  5.019629538941792e-01
68 1  9.999999638997010e-01  1.103900471551406e-10  0.000000000000000e+00  0.000000000000000e+00  0.000000000000000e+00  4.978999335902440e-01  9.999999457995520e-01  4.978999335375238e-01  4.978999334848036e-01
37 1  9.999999019570694e-01  1.304284189071615e-10  0.000000000000000e+00  0.000000000000000e+00  0.000000000000000e+00  5.034153157605735e-01  9.999998528856079e-01  5.034153156976522e-01  5.034153156347310e-01
70 1  9.999999628407530e-01  1.107160236620744e-10  0.000000000000000e+00  0.000000000000000e+00  0.000000000000000e+00  4.967925722196103e-01  9.999999442111299e-01  4.967925721668420e-01  4.967925721140738e-01
38 1  9.999998993099469e-01  1.314312335753010e-10  0.000000000000000e+00  0.000000000000000e+00  0.000000000000000e+00  5.048801520261502e-01  9.999998489149242e-01  5.048801519625766e-01  5.048801518990030e-01
72 1  9.999999617819556e-01  1.110375340883254e-10  0.000000000000000e+00  0.000000000000000e+00  0.000000000000000e+00  4.956872071618824e-01  9.999999426229339e-01  4.956872071090689e-01  4.956872070562554e-01
39 1  9.999998966627888e-01  1.323293397429164e-10  0.000000000000000e+00  0.000000000000000e+00  0.000000000000000e+00  5.063574628123025e-01  9.999998449441871e-01  5.063574627481234e-01  5.063574626839443e-01
74 1  9.999999607231020e-01  1.113087567601023e-10  0.000000000000000e+00  0.000000000000000e+00  0.000000000000000e+00  4.945838383388959e-01  9.999999410346536e-01  4.945838382860616e-01  4.945838382332272e-01
40 1  9.999998940156459e-01  1.333182141422197e-10  0.000000000000000e+00  0.000000000000000e+00  0.000000000000000e+00  5.099916723167678e-01  9.999998409734732e-01  5.099916722516860e-01  5.099916721866040e-01
76 1  9.999999596642427e-01  1.115858130359194e-10  0.000000000000000e+00  0.000000000000000e+00  0.000000000000000e+00  5.013576542016808e-01  9.999999394463649e-01  5.013576541480507e-01  5.013576540944207e-01
77 1  9.999999591348460e-01  1.117537599789572e-10  0.000000000000000e+00  0.000000000000000e+00  0.000000000000000e+00  4.968701221497070e-01  9.999999386522697e-01  4.968701220964366e-01  4.968701220431662e-01
78 1  9.999999586054372e-01  1.118513763305346e-10  0.000000000000000e+00  0.000000000000000e+00  0.000000000000000e+00  5.002582776602020e-01  9.999999378581564e-01  5.002582776065524e-01  5.002582775529026e-01
79 1  9.999999580759089e-01  1.120745101602686e-10  0.000000000000000e+00  0.000000000000000e+00  0.000000000000000e+00  4.957717436630921e-01  9.999999370638641e-01  4.957717436097771e-01  4.957717435564621e-01
80 1  9.999999575465346e-01  1.121556391483273e-10  0.000000000000000e+00  0.000000000000000e+00  0.000000000000000e+00  4.991608972387590e-01  9.999999362698025e-01  4.991608971850716e-01  4.991608971313840e-01
81 1  9.999999570170731e-01  1.123634374149148e-10  0.000000000000000e+00  0.000000000000000e+00  0.000000000000000e+00  4.946753612684831e-01  9.999999354756104e-01  4.946753612151389e-01  4.946753611617948e-01
82 1  9.999999564877319e-01  1.125082696869717e-10  0.000000000000000e+00  0.000000000000000e+00  0.000000000000000e+00  4.980655128651789e-01  9.999999346815985e-01  4.980655128114305e-01  4.980655127576823e-01
83 1  9.999999559583500e-01  1.125566498081013e-10  0.000000000000000e+00  0.000000000000000e+00  0.000000000000000e+00  5.014561634086373e-01  9.999999338875257e-01  5.014561633545309e-01  5.014561633004246e-01
84 1  9.999999554289476e-01  1.127921681525915e-10  0.000000000000000e+00  0.000000000000000e+00  0.000000000000000e+00  4.969721243224715e-01  9.999999330934222e-01  4.969721242686961e-01  4.969721242149206e-01
85 1  9.999999548995964e-01  1.129170209471794e-10  0.000000000000000e+00  0.000000000000000e+00  0.000000000000000e+00  5.003637727411931e-01  9.999999322993953e-01  5.003637726870217e-01  5.003637726328504e-01
86 1  9.999999543701773e-01  1.131215280948525e-10  0.000000000000000e+00  0.000000000000000e+00  0.000000000000000e+00  4.958807315309628e-01  9.999999315052668e-01  4.958807314771388e-01  4.958807314233148e-01
87 1  9.999999538407535e-01  1.132374947104015e-10  0.000000000000000e+00  0.000000000000000e+00  0.000000000000000e+00  4.992733779289912e-01  9.999999307111309e-01  4.992733778747744e-01  4.992733778205577e-01
88 1  9.999999533112851e-01  1.134488665850891e-10  0.000000000000000e+00  0.000000000000000e+00  0.000000000000000e+00  4.947913347352840e-01  9.999999299169287e-01  4.947913346814133e-01  4.947913346275423e-01
89 1  9.999999527818695e-01  1.135717487129503e-10  0.000000000000000e+00  0.000000000000000e+00  0.000000000000000e+00  4.981849791228024e-01  9.999999291228051e-01  4.981849790685343e-01  4.981849790142661e-01
90 1  9.999999522524735e-01  1.137502097003128e-10  0.000000000000000e+00  0.000000000000000e+00  0.000000000000000e+00  5.015791224794889e-01  9.999999283287113e-01  5.015791224247964e-01  5.015791223701040e-01
91 1  9.999999517229804e-01  1.139082318487521e-10  0.000000000000000e+00  0.000000000000000e+00  0.000000000000000e+00  4.970985762238186e-01  9.999999275344715e-01  4.970985761694985e-01  4.970985761151782e-01
92 1  9.999999511935306e-01  1.140347764787487e-10  0.000000000000000e+00  0.000000000000000e+00  0.000000000000000e+00  5.004937176416866e-01  9.999999267402967e-01  5.004937175869660e-01  5.004937175322455e-01
93 1  9.999999506640398e-01  1.142450841705641e-10  0.000000000000000e+00  0.000000000000000e+00  0.000000000000000e+00  4.960141694618251e-01  9.999999259460608e-01  4.960141694074531e-01  4.960141693530811e-01
94 1  9.999999501346528e-01  1.143783477764496e-10  0.000000000000000e+00  0.000000000000000e+00  0.000000000000000e+00  4.994103089009806e-01  9.999999251519802e-01  4.994103088462039e-01  4.994103087914272e-01
95 1  9.999999496051885e-01  1.145689242430335e-10  0.000000000000000e+00  0.000000000000000e+00  0.000000000000000e+00  4.949317586455165e-01  9.999999243577836e-01  4.949317585910994e-01  4.949317585366824e-01
96 1  9.999999490757815e-01  1.147178790174128e-10  0.000000000000000e+00  0.000000000000000e+00  0.000000000000000e+00  4.983288960506765e-01  9.999999235636733e-01  4.983288959958462e-01  4.983288959410158e-01
97 1  9.999999485464226e-01  1.148404883434393e-10  0.000000000000000e+00  0.000000000000000e+00  0.000000000000000e+00  5.017265323849682e-01  9.999999227696349e-01  5.017265323297369e-01  5.017265322745055e-01
98 1  9.999999480170534e-01  1.151008069757872e-10  0.000000000000000e+00  0.000000000000000e+00  0.000000000000000e+00  4.972494790105065e-01  9.999999219755812e-01  4.972494789556023e-01  4.972494789006981e-01
99 1  9.999999474876994e-01  1.151988238337941e-10  0.000000000000000e+00  0.000000000000000e+00  0.000000000000000e+00  5.006481131920236e-01  9.999999211815502e-01  5.006481131367290e-01  5.006481130814342e-01
100 1  9.999999469582440e-01  1.154475198412747e-10  0.000000000000000e+00  0.000000000000000e+00  0.000000000000000e+00  4.961720576651351e-01  9.999999203873672e-01  4.961720576101749e-01  4.961720575552147e-01
101 1  9.999999464288136e-01  1.155335685170863e-10  0.000000000000000e+00  0.000000000000000e+00  0.000000000000000e+00  4.995716898028153e-01  9.999999195932215e-01  4.995716897474691e-01  4.995716896921228e-01
102 1  9.999999458994233e-01  1.158059286678887e-10  0.000000000000000e+00  0.000000000000000e+00  0.000000000000000e+00  4.950966322126948e-01  9.999999187991361e-01  4.950966321576736e-01  4.950966321026523e-01
103 1  9.999999453699998e-01  1.159545000556204e-10  0.000000000000000e+00  0.000000000000000e+00  0.000000000000000e+00  4.984972623077034e-01  9.999999180050009e-01  4.984972622522647e-01  4.984972621968262e-01
104 1  9.999999448406417e-01  1.161003989467122e-10  0.000000000000000e+00  0.000000000000000e+00  0.000000000000000e+00  5.018983913379167e-01  9.999999172109637e-01  5.018983912820623e-01  5.018983912262075e-01
105 1  9.999999443112237e-01  1.163137210624033e-10  0.000000000000000e+00  0.000000000000000e+00  0.000000000000000e+00  4.974248305835299e-01  9.999999164168367e-01  4.974248305280292e-01  4.974248304725284e-01
106 1  9.999999437818217e-01  1.164405933033592e-10  0.000000000000000e+00  0.000000000000000e+00  0.000000000000000e+00  5.008269575317158e-01  9.999999156227337e-01  5.008269574758066e-01  5.008269574198976e-01
107 1  9.999999432524086e-01  1.166632560245145e-10  0.000000000000000e+00  0.000000000000000e+00  0.000000000000000e+00  4.963543946647328e-01  9.999999148286141e-01  4.963543946091751e-01  4.963543945536174e-01
108 1  9.999999427229447e-01  1.167864035796305e-10  0.000000000000000e+00  0.000000000000000e+00  0.000000000000000e+00  4.997575195235282e-01  9.999999140344182e-01  4.997575194675628e-01  4.997575194115973e-01
109 1  9.999999421935617e-01  1.170215386296606e-10  0.000000000000000e+00  0.000000000000000e+00  0.000000000000000e+00  4.952859546319677e-01  9.999999132403439e-01  4.952859545763494e-01  4.952859545207310e-01
110 1  9.999999416640811e-01  1.171503289600073e-10  0.000000000000000e+00  0.000000000000000e+00  0.000000000000000e+00  4.986900774629925e-01  9.999999124461231e-01  4.986900774069625e-01  4.986900773509324e-01
111 1  9.999999411345827e-01  1.172691043809935e-10  0.000000000000000e+00  0.000000000000000e+00  0.000000000000000e+00  5.020946993431140e-01  9.999999116518754e-01  5.020946992866767e-01  5.020946992302394e-01
112 1  9.999999406052091e-01  1.175133011231590e-10  0.000000000000000e+00  0.000000000000000e+00  0.000000000000000e+00  4.976246314375439e-01  9.999999108578151e-01  4.976246313814501e-01  4.976246313253563e-01
113 1  9.999999400757904e-01  1.176147069476364e-10  0.000000000000000e+00  0.000000000000000e+00  0.000000000000000e+00  5.010302512453380e-01  9.999999100636870e-01  5.010302511888440e-01  5.010302511323502e-01
114 1  9.999999395463733e-01  1.178638727864256e-10  0.000000000000000e+00  0.000000000000000e+00  0.000000000000000e+00  4.965611812533700e-01  9.999999092695615e-01  4.965611811972190e-01  4.965611811410681e-01
115 1  9.999999390169859e-01  1.180062977841163e-10  0.000000000000000e+00  0.000000000000000e+00  0.000000000000000e+00  4.999677989609105e-01  9.999999084754804e-01  4.999677989043386e-01  4.999677988477667e-01
116 1  9.999999384875937e-01  1.181513783247051e-10  0.000000000000000e+00  0.000000000000000e+00  0.000000000000000e+00  5.033749156192342e-01  9.999999076813920e-01  5.033749155622398e-01  5.033749155052454e-01
117 1  9.999999379581953e-01  1.183619855537297e-10  0.000000000000000e+00  0.000000000000000e+00  0.000000000000000e+00  4.989073424485321e-01  9.999999068872945e-01  4.989073423919001e-01  4.989073423352678e-01
118 1  9.999999374288396e-01  1.185161237833982e-10  0.000000000000000e+00  0.000000000000000e+00  0.000000000000000e+00  5.023154569735906e-01  9.999999060932609e-01  5.023154569165303e-01  5.023154568594700e-01
119 1  9.999999368994741e-01  1.187680203891689e-10  0.000000000000000e+00  0.000000000000000e+00  0.000000000000000e+00  4.978488816277893e-01  9.999999052992127e-01  4.978488815710733e-01  4.978488815143572e-01
120 1  9.999999363700105e-01  1.189343784791227e-10  0.000000000000000e+00  0.000000000000000e+00  0.000000000000000e+00  5.012579940412785e-01  9.999999045050173e-01  5.012579939841271e-01  5.012579939269757e-01
121 1  9.999999358405861e-01  1.191193144617058e-10  0.000000000000000e+00  0.000000000000000e+00  0.000000000000000e+00  4.967924166210318e-01  9.999999037108808e-01  4.967924165642584e-01  4.967924165074851e-01
122 1  9.999999353111608e-01  1.192713340884828e-10  0.000000000000000e+00  0.000000000000000e+00  0.000000000000000e+00  5.002025269960261e-01  9.999999029167428e-01  5.002025269388232e-01  5.002025268816203e-01
123 1  9.999999347817601e-01  1.194331456245179e-10  0.000000000000000e+00  0.000000000000000e+00  0.000000000000000e+00  5.036131363339971e-01  9.999999021226417e-01  5.036131362763593e-01  5.036131362187216e-01
124 1  9.999999342523819e-01  1.197150131941957e-10  0.000000000000000e+00  0.000000000000000e+00  0.000000000000000e+00  4.991490557793957e-01  9.999999013285745e-01  4.991490557220906e-01  4.991490556647856e-01
125 1  9.999999337229557e-01  1.198143572154714e-10  0.000000000000000e+00  0.000000000000000e+00  0.000000000000000e+00  5.025606630048127e-01  9.999999005344353e-01  5.025606629471017e-01  5.025606628893905e-01
126 1  9.999999331935181e-01  1.200310490895996e-10  0.000000000000000e+00  0.000000000000000e+00  0.000000000000000e+00  4.980975803727640e-01  9.999998997402787e-01  4.980975803154186e-01  4.980975802580731e-01
127 1  9.999999326640864e-01  1.201468392593773e-10  0.000000000000000e+00  0.000000000000000e+00  0.000000000000000e+00  5.015101855674836e-01  9.999998989461314e-01  5.015101855097229e-01  5.015101854519624e-01
128 1  9.999999321346428e-01  1.203877697552386e-10  0.000000000000000e+00  0.000000000000000e+00  0.000000000000000e+00  4.970481008792486e-01  9.999998981519659e-01  4.970481008218434e-01  4.970481007644386e-01
129 1  9.999999316052339e-01  1.205099890719060e-10  0.000000000000000e+00  0.000000000000000e+00  0.000000000000000e+00  5.004617040478845e-01  9.999998973578527e-01  5.004617039900601e-01  5.004617039322357e-01
130 1  9.999999310757838e-01  1.206269695081615e-10  0.000000000000000e+00  0.000000000000000e+00  0.000000000000000e+00  5.038758062017560e-01  9.999998965636776e-01  5.038758061435147e-01  5.038758060852732e-01
131 1  9.999999305463748e-01  1.208671337310518e-10  0.000000000000000e+00  0.000000000000000e+00  0.000000000000000e+00  4.994152184157049e-01  9.999998957695641e-01  4.994152183578202e-01  4.994152182999354e-01
132 1  9.999999300169442e-01  1.209631924846198e-10  0.000000000000000e+00  0.000000000000000e+00  0.000000000000000e+00  5.028303185048939e-01  9.999998949754182e-01  5.028303184466006e-01  5.028303183883076e-01
133 1  9.999999294875653e-01  1.211994879273235e-10  0.000000000000000e+00  0.000000000000000e+00  0.000000000000000e+00  4.983707286403432e-01  9.999998941813498e-01  4.983707285824103e-01  4.983707285244776e-01
134 1  9.999999289581080e-01  1.213413898319623e-10  0.000000000000000e+00  0.000000000000000e+00  0.000000000000000e+00  5.017868266372362e-01  9.999998933871639e-01  5.017868265788716e-01  5.017868265205073e-01
135 1  9.999999284287202e-01  1.215479946517883e-10  0.000000000000000e+00  0.000000000000000e+00  0.000000000000000e+00  4.973282346924113e-01  9.999998925930823e-01  4.973282346344233e-01  4.973282345764353e-01
136 1  9.999999278993369e-01  1.216623716860434e-10  0.000000000000000e+00  0.000000000000000e+00  0.000000000000000e+00  5.007453305939373e-01  9.999998917990073e-01  5.007453305355298e-01  5.007453304771222e-01
137 1  9.999999273698961e-01  1.217654936894590e-10  0.000000000000000e+00  0.000000000000000e+00  0.000000000000000e+00  5.041629254640556e-01  9.999998910048462e-01  5.041629254052339e-01  5.041629253464120e-01
138 1  9.999999268404207e-01  1.220570133382174e-10  0.000000000000000e+00  0.000000000000000e+00  0.000000000000000e+00  4.997058304331637e-01  9.999998902106331e-01  4.997058303746779e-01  4.997058303161922e-01
139 1  9.999999263109346e-01  1.221224999154173e-10  0.000000000000000e+00  0.000000000000000e+00  0.000000000000000e+00  5.031244233553053e-01  9.999998894164038e-01  5.031244232964219e-01  5.031244232375387e-01
140 1  9.999999257815455e-01  1.224051245983984e-10  0.000000000000000e+00  0.000000000000000e+00  0.000000000000000e+00  4.986683263188498e-01  9.999998886223204e-01  4.986683262603088e-01  4.986683262017678e-01
141 1  9.999999252521463e-01  1.225302345838502e-10  0.000000000000000e+00  0.000000000000000e+00  0.000000000000000e+00  5.020879171902738e-01  9.999998878282216e-01  5.020879171313051e-01  5.020879170723366e-01
142 1  9.999999247226495e-01  1.227534386778738e-10  0.000000000000000e+00  0.000000000000000e+00  0.000000000000000e+00  4.976328180866623e-01  9.999998870339764e-01  4.976328180280662e-01  4.976328179694703e-01
143 1  9.999999241932533e-01  1.228992537397286e-10  0.000000000000000e+00  0.000000000000000e+00  0.000000000000000e+00  5.010534069227340e-01  9.999998862398822e-01  5.010534068636995e-01  5.010534068046648e-01
144 1  9.999999236638499e-01  1.230408280978899e-10  0.000000000000000e+00  0.000000000000000e+00  0.000000000000000e+00  5.044744947162531e-01  9.999998854457770e-01  5.044744946567815e-01  5.044744945973101e-01
145 1  9.999999231344773e-01  1.232433747661150e-10  0.000000000000000e+00  0.000000000000000e+00  0.000000000000000e+00  5.000208924670332e-01  9.999998846517181e-01  5.000208924079448e-01  5.000208923488565e-01
146 1  9.999999226050489e-01  1.233725926732269e-10  0.000000000000000e+00  0.000000000000000e+00  0.000000000000000e+00  5.034429781548739e-01  9.999998838575757e-01  5.034429780953533e-01  5.034429780358329e-01
147 1  9.999999220756229e-01  1.236214356724554e-10  0.000000000000000e+00  0.000000000000000e+00  0.000000000000000e+00  4.989903738356700e-01  9.999998830634366e-01  4.989903737765123e-01  4.989903737173546e-01
148 1  9.999999215461562e-01  1.237809861944066e-10  0.000000000000000e+00  0.000000000000000e+00  0.000000000000000e+00  5.024134574612829e-01  9.999998822692368e-01  5.024134574016773e-01  5.024134573420715e-01
149 1  9.999999210166972e-01  1.240625512843524e-10  0.000000000000000e+00  0.000000000000000e+00  0.000000000000000e+00  4.979618510939550e-01  9.999998814750483e-01  4.979618510346983e-01  4.979618509754415e-01
150 1  9.999999204872750e-01  1.241667709427790e-10  0.000000000000000e+00  0.000000000000000e+00  0.000000000000000e+00  5.013859327234162e-01  9.999998806809149e-01  5.013859326637367e-01  5.013859326040569e-01
151 1  9.999999199578276e-01  1.242840211137438e-10  0.000000000000000e+00  0.000000000000000e+00  0.000000000000000e+00  5.048105133443559e-01  9.999998798867437e-01  5.048105132842471e-01  5.048105132241382e-01
152 1  9.999999194283897e-01  1.245359083221188e-10  0.000000000000000e+00  0.000000000000000e+00  0.000000000000000e+00  5.003604039374410e-01  9.999998790925871e-01  5.003604038776959e-01  5.003604038179508e-01
153 1  9.999999188989216e-01  1.246297777813762e-10  0.000000000000000e+00  0.000000000000000e+00  0.000000000000000e+00  5.037859825540486e-01  9.999998782983848e-01  5.037859824938845e-01  5.037859824337202e-01
154 1  9.999999183694417e-01  1.248624162453461e-10  0.000000000000000e+00  0.000000000000000e+00  0.000000000000000e+00  4.993368711622992e-01  9.999998775041651e-01  4.993368711025095e-01  4.993368710427200e-01
155 1  9.999999178400031e-01  1.249497765036329e-10  0.000000000000000e+00  0.000000000000000e+00  0.000000000000000e+00  5.027634478233295e-01  9.999998767100072e-01  5.027634477631224e-01  5.027634477029155e-01
156 1  9.999999173106187e-01  1.251908844456662e-10  0.000000000000000e+00  0.000000000000000e+00  0.000000000000000e+00  4.983153343982343e-01  9.999998759159306e-01  4.983153343383999e-01  4.983153342785653e-01
157 1  9.999999167812121e-01  1.253218027440312e-10  0.000000000000000e+00  0.000000000000000e+00  0.000000000000000e+00  5.017429089313580e-01  9.999998751218208e-01  5.017429088710842e-01  5.017429088108101e-01
158 1  9.999999162517360e-01  1.254222872331563e-10  0.000000000000000e+00  0.000000000000000e+00  0.000000000000000e+00  5.051709824480021e-01  9.999998743276066e-01  5.051709823873027e-01  5.051709823266037e-01
159 1  9.999999157223123e-01  1.256675877356449e-10  0.000000000000000e+00  0.000000000000000e+00  0.000000000000000e+00  5.007243659224324e-01  9.999998735334711e-01  5.007243658621043e-01  5.007243658017763e-01
160 1  9.999999151928297e-01  1.257956116494235e-10  0.000000000000000e+00  0.000000000000000e+00  0.000000000000000e+00  5.041534374669872e-01  9.999998727392473e-01  5.041534374062194e-01  5.041534373454518e-01
161 1  9.999999146633762e-01  1.260341958461151e-10  0.000000000000000e+00  0.000000000000000e+00  0.000000000000000e+00  4.997078189547390e-01  9.999998719450671e-01  4.997078188943473e-01  4.997078188339556e-01
162 1  9.999999141339133e-01  1.261269363997195e-10  0.000000000000000e+00  0.000000000000000e+00  0.000000000000000e+00  5.031378885382735e-01  9.999998711508727e-01  5.031378884774581e-01  5.031378884166426e-01
163 1  9.999999136044969e-01  1.262426548102945e-10  0.000000000000000e+00  0.000000000000000e+00  0.000000000000000e+00  5.065684570923942e-01  9.999998703567482e-01  5.065684570311437e-01  5.065684569698934e-01
164 1  9.999999130750616e-01  1.265076931884023e-10  0.000000000000000e+00  0.000000000000000e+00  0.000000000000000e+00  5.021243355251709e-01  9.999998695625955e-01  5.021243354642844e-01  5.021243354033976e-01
165 1  9.999999125456324e-01  1.265930911027670e-10  0.000000000000000e+00  0.000000000000000e+00  0.000000000000000e+00  5.055559020552262e-01  9.999998687684514e-01  5.055559019939178e-01  5.055559019326095e-01
166 1  9.999999120161565e-01  1.268885170211140e-10  0.000000000000000e+00  0.000000000000000e+00  0.000000000000000e+00  5.011127784619913e-01  9.999998679742376e-01  5.011127784010340e-01  5.011127783400765e-01
167 1  9.999999114867012e-01  1.270116409095724e-10  0.000000000000000e+00  0.000000000000000e+00  0.000000000000000e+00  5.045453429909663e-01  9.999998671800547e-01  5.045453429295677e-01  5.045453428681690e-01
168 1  9.999999109572498e-01  1.272893649022560e-10  0.000000000000000e+00  0.000000000000000e+00  0.000000000000000e+00  5.001032173941563e-01  9.999998663858778e-01  5.001032173331190e-01  5.001032172720817e-01
169 1  9.999999104278077e-01  1.273952475766857e-10  0.000000000000000e+00  0.000000000000000e+00  0.000000000000000e+00  5.035367799058907e-01  9.999998655917145e-01  5.035367798444192e-01  5.035367797829476e-01
170 1  9.999999098983937e-01  1.275781377634007e-10  0.000000000000000e+00  0.000000000000000e+00  0.000000000000000e+00  5.069708414065228e-01  9.999998647975936e-01  5.069708413445795e-01  5.069708412826363e-01
171 1  9.999999093689587e-01  1.278090341793814e-10  0.000000000000000e+00  0.000000000000000e+00  0.000000000000000e+00  5.025302127516560e-01  9.999998640034410e-01  5.025302126900976e-01  5.025302126285390e-01
172 1  9.999999088394859e-01  1.279616105445273e-10  0.000000000000000e+00  0.000000000000000e+00  0.000000000000000e+00  5.059652722236034e-01  9.999998632092320e-01  5.059652721615865e-01  5.059652720995697e-01
173 1  9.999999083100510e-01  1.282171841389728e-10  0.000000000000000e+00  0.000000000000000e+00  0.000000000000000e+00  5.015256415192171e-01  9.999998624150797e-01  5.015256414575748e-01  5.015256413959327e-01
174 1  9.999999077807261e-01  1.283351165206361e-10  0.000000000000000e+00  0.000000000000000e+00  0.000000000000000e+00  5.049616989085097e-01  9.999998616210923e-01  5.049616988464245e-01  5.049616987843393e-01
175 1  9.999999072512572e-01  1.286087034972055e-10  0.000000000000000e+00  0.000000000000000e+00  0.000000000000000e+00  5.005230660923115e-01  9.999998608268891e-01  5.005230660305940e-01  5.005230659688767e-01
176 1  9.999999067218655e-01  1.287247601412213e-10  0.000000000000000e+00  0.000000000000000e+00  0.000000000000000e+00  5.039601214141168e-01  9.999998600328015e-01  5.039601213519560e-01  5.039601212897952e-01
177 1  9.999999061924322e-01  1.288698606153068e-10  0.000000000000000e+00  0.000000000000000e+00  0.000000000000000e+00  5.073976756770121e-01  9.999998592386515e-01  5.073976756143938e-01  5.073976755517753e-01
178 1  9.999999056630213e-01  1.291546419127672e-10  0.000000000000000e+00  0.000000000000000e+00  0.000000000000000e+00  5.029605397646497e-01  9.999998584445353e-01  5.029605397023946e-01  5.029605396401393e-01
179 1  9.999999051335710e-01  1.292780060061553e-10  0.000000000000000e+00  0.000000000000000e+00  0.000000000000000e+00  5.063990920096527e-01  9.999998576503599e-01  5.063990919469487e-01  5.063990918842448e-01
180 1  9.999999046042036e-01  1.296037588252509e-10  0.000000000000000e+00  0.000000000000000e+00  0.000000000000000e+00  5.019629540188962e-01  9.999998568563088e-01  5.019629539565377e-01  5.019629538941792e-01
181 1  9.999999040748672e-01  1.297158572703260e-10  0.000000000000000e+00  0.000000000000000e+00  0.000000000000000e+00  5.054025041207590e-01  9.999998560623042e-01  5.054025040579558e-01  5.054025039951526e-01
182 1  9.999999035454106e-01  1.299912168018243e-10  0.000000000000000e+00  0.000000000000000e+00  0.000000000000000e+00  5.009673639431835e-01  9.999998552681194e-01  5.009673638807520e-01  5.009673638183206e-01
183 1  9.999999030159844e-01  1.300888917728867e-10  0.000000000000000e+00  0.000000000000000e+00  0.000000000000000e+00  5.044079119671394e-01  9.999998544739802e-01  5.044079119042687e-01  5.044079118413981e-01
184 1  9.999999024865394e-01  1.301568836383940e-10  0.000000000000000e+00  0.000000000000000e+00  0.000000000000000e+00  5.078489589657601e-01  9.999998536798126e-01  5.078489589024650e-01  5.078489588391698e-01
185 1  9.999999019570694e-01  1.304284189071615e-10  0.000000000000000e+00  0.000000000000000e+00  0.000000000000000e+00  5.034153157605735e-01  9.999998528856079e-01  5.034153156976522e-01  5.034153156347310e-01
186 1  9.999999014276519e-01  1.305551791201346e-10  0.000000000000000e+00  0.000000000000000e+00  0.000000000000000e+00  5.068573607606839e-01  9.999998520914816e-01  5.068573606973081e-01  5.068573606339325e-01
187 1  9.999999008982434e-01  1.308491599101416e-10  0.000000000000000e+00  0.000000000000000e+00  0.000000000000000e+00  5.024247155113162e-01  9.999998512973687e-01  5.024247154483056e-01  5.024247153852949e-01
188 1  9.999999003688317e-01  1.310092723016579e-10  0.000000000000000e+00  0.000000000000000e+00  0.000000000000000e+00  5.058677584447581e-01  9.999998505032514e-01  5.058677583812754e-01  5.058677583177926e-01
189 1  9.999998998393902e-01  1.312799619714430e-10  0.000000000000000e+00  0.000000000000000e+00  0.000000000000000e+00  5.014361111151320e-01  9.999998497090890e-01  5.014361110520278e-01  5.014361109889235e-01
190 1  9.999998993099469e-01  1.314312335753010e-10  0.000000000000000e+00  0.000000000000000e+00  0.000000000000000e+00  5.048801520261502e-01  9.999998489149242e-01  5.048801519625766e-01  5.048801518990030e-01
191 1  9.999998987805290e-01  1.315231542705633e-10  0.000000000000000e+00  0.000000000000000e+00  0.000000000000000e+00  5.083246919315497e-01  9.999998481207973e-01  5.083246918675353e-01  5.083246918035210e-01
192 1  9.999998982510933e-01  1.317823721832720e-10  0.000000000000000e+00  0.000000000000000e+00  0.000000000000000e+00  5.038945415381020e-01  9.999998473266437e-01  5.038945414744722e-01  5.038945414108424e-01
193 1  9.999998977216393e-01  1.318754391334237e-10  0.000000000000000e+00  0.000000000000000e+00  0.000000000000000e+00  5.073400794252420e-01  9.999998465324629e-01  5.073400793611700e-01  5.073400792970978e-01
194 1  9.999998971922118e-01  1.321635865344270e-10  0.000000000000000e+00  0.000000000000000e+00  0.000000000000000e+00  5.029109269984092e-01  9.999998457383218e-01  5.029109269347092e-01  5.029109268710092e-01
195 1  9.999998966627888e-01  1.323293397429164e-10  0.000000000000000e+00  0.000000000000000e+00  0.000000000000000e+00  5.063574628123025e-01  9.999998449441871e-01  5.063574627481234e-01  5.063574626839443e-01
196 1  9.999998961332922e-01  1.326518043418345e-10  0.000000000000000e+00  0.000000000000000e+00  0.000000000000000e+00  5.019293083639188e-01  9.999998441499425e-01  5.019293083000980e-01  5.019293082362768e-01
197 1  9.999998956039080e-01  1.327469714716924e-10  0.000000000000000e+00  0.000000000000000e+00  0.000000000000000e+00  5.053768421905335e-01  9.999998433558660e-01  5.053768421262659e-01  5.053768420619982e-01
198 1  9.999998950744547e-01  1.328821378175729e-10  0.000000000000000e+00  0.000000000000000e+00  0.000000000000000e+00  5.088248749583297e-01  9.999998425616863e-01  5.088248748935960e-01  5.088248748288623e-01
199 1  9.999998945450628e-01  1.331873636739762e-10  0.000000000000000e+00  0.000000000000000e+00  0.000000000000000e+00  5.043982173969812e-01  9.999998417675984e-01  5.043982173326145e-01  5.043982172682476e-01
200 1  9.999998940156459e-01  1.333182141422197e-10  0.000000000000000e+00  0.000000000000000e+00  0.000000000000000e+00  5.099916723167678e-01  9.999998409734732e-01  5.099916722516860e-01  5.099916721866040e-01
