# ******************************************************
# PLUTO 4.4-patch2 Grid File
# Generated on  Thu Nov 27 12:01:02 2025
# 
# DIMENSIONS: 2
# GEOMETRY:   POLAR
# X1: [ 0.500000,  1.800000], 150 point(s), 2 ghosts
# X2: [ 0.000000,  6.283185], 180 point(s), 2 ghosts
# ******************************************************
150 
 1   5.000000000000e-01    5.042880625077e-01
 2   5.042880625077e-01    5.086128999754e-01
 3   5.086128999754e-01    5.129748277900e-01
 4   5.129748277900e-01    5.173741640429e-01
 5   5.173741640429e-01    5.218112295534e-01
 6   5.218112295534e-01    5.262863478924e-01
 7   5.262863478924e-01    5.307998454058e-01
 8   5.307998454058e-01    5.353520512381e-01
 9   5.353520512381e-01    5.399432973567e-01
 10   5.399432973567e-01    5.445739185760e-01
 11   5.445739185760e-01    5.492442525818e-01
 12   5.492442525818e-01    5.539546399559e-01
 13   5.539546399559e-01    5.587054242009e-01
 14   5.587054242009e-01    5.634969517656e-01
 15   5.634969517656e-01    5.683295720697e-01
 16   5.683295720697e-01    5.732036375296e-01
 17   5.732036375296e-01    5.781195035843e-01
 18   5.781195035843e-01    5.830775287208e-01
 19   5.830775287208e-01    5.880780745008e-01
 20   5.880780745008e-01    5.931215055864e-01
 21   5.931215055864e-01    5.982081897676e-01
 22   5.982081897676e-01    6.033384979882e-01
 23   6.033384979882e-01    6.085128043735e-01
 24   6.085128043735e-01    6.137314862573e-01
 25   6.137314862573e-01    6.189949242092e-01
 26   6.189949242092e-01    6.243035020631e-01
 27   6.243035020631e-01    6.296576069443e-01
 28   6.296576069443e-01    6.350576292982e-01
 29   6.350576292982e-01    6.405039629190e-01
 30   6.405039629190e-01    6.459970049778e-01
 31   6.459970049778e-01    6.515371560520e-01
 32   6.515371560520e-01    6.571248201544e-01
 33   6.571248201544e-01    6.627604047627e-01
 34   6.627604047627e-01    6.684443208492e-01
 35   6.684443208492e-01    6.741769829105e-01
 36   6.741769829105e-01    6.799588089984e-01
 37   6.799588089984e-01    6.857902207496e-01
 38   6.857902207496e-01    6.916716434171e-01
 39   6.916716434171e-01    6.976035059005e-01
 40   6.976035059005e-01    7.035862407783e-01
 41   7.035862407783e-01    7.096202843382e-01
 42   7.096202843382e-01    7.157060766101e-01
 43   7.157060766101e-01    7.218440613973e-01
 44   7.218440613973e-01    7.280346863094e-01
 45   7.280346863094e-01    7.342784027947e-01
 46   7.342784027947e-01    7.405756661731e-01
 47   7.405756661731e-01    7.469269356695e-01
 48   7.469269356695e-01    7.533326744471e-01
 49   7.533326744471e-01    7.597933496412e-01
 50   7.597933496412e-01    7.663094323936e-01
 51   7.663094323936e-01    7.728813978862e-01
 52   7.728813978862e-01    7.795097253764e-01
 53   7.795097253764e-01    7.861948982319e-01
 54   7.861948982319e-01    7.929374039655e-01
 55   7.929374039655e-01    7.997377342713e-01
 56   7.997377342713e-01    8.065963850598e-01
 57   8.065963850598e-01    8.135138564950e-01
 58   8.135138564950e-01    8.204906530300e-01
 59   8.204906530300e-01    8.275272834442e-01
 60   8.275272834442e-01    8.346242608806e-01
 61   8.346242608806e-01    8.417821028827e-01
 62   8.417821028827e-01    8.490013314327e-01
 63   8.490013314327e-01    8.562824729892e-01
 64   8.562824729892e-01    8.636260585260e-01
 65   8.636260585260e-01    8.710326235704e-01
 66   8.710326235704e-01    8.785027082425e-01
 67   8.785027082425e-01    8.860368572947e-01
 68   8.860368572947e-01    8.936356201510e-01
 69   8.936356201510e-01    9.012995509476e-01
 70   9.012995509476e-01    9.090292085727e-01
 71   9.090292085727e-01    9.168251567080e-01
 72   9.168251567080e-01    9.246879638691e-01
 73   9.246879638691e-01    9.326182034474e-01
 74   9.326182034474e-01    9.406164537517e-01
 75   9.406164537517e-01    9.486832980505e-01
 76   9.486832980505e-01    9.568193246145e-01
 77   9.568193246145e-01    9.650251267595e-01
 78   9.650251267595e-01    9.733013028895e-01
 79   9.733013028895e-01    9.816484565406e-01
 80   9.816484565406e-01    9.900671964250e-01
 81   9.900671964250e-01    9.985581364751e-01
 82   9.985581364751e-01    1.007121895889e+00
 83   1.007121895889e+00    1.015759099173e+00
 84   1.015759099173e+00    1.024470376193e+00
 85   1.024470376193e+00    1.033256362214e+00
 86   1.033256362214e+00    1.042117697949e+00
 87   1.042117697949e+00    1.051055029607e+00
 88   1.051055029607e+00    1.060069008939e+00
 89   1.060069008939e+00    1.069160293285e+00
 90   1.069160293285e+00    1.078329545621e+00
 91   1.078329545621e+00    1.087577434612e+00
 92   1.087577434612e+00    1.096904634655e+00
 93   1.096904634655e+00    1.106311825932e+00
 94   1.106311825932e+00    1.115799694457e+00
 95   1.115799694457e+00    1.125368932129e+00
 96   1.125368932129e+00    1.135020236779e+00
 97   1.135020236779e+00    1.144754312225e+00
 98   1.144754312225e+00    1.154571868318e+00
 99   1.154571868318e+00    1.164473621000e+00
 100   1.164473621000e+00    1.174460292351e+00
 101   1.174460292351e+00    1.184532610643e+00
 102   1.184532610643e+00    1.194691310397e+00
 103   1.194691310397e+00    1.204937132430e+00
 104   1.204937132430e+00    1.215270823913e+00
 105   1.215270823913e+00    1.225693138426e+00
 106   1.225693138426e+00    1.236204836012e+00
 107   1.236204836012e+00    1.246806683230e+00
 108   1.246806683230e+00    1.257499453215e+00
 109   1.257499453215e+00    1.268283925733e+00
 110   1.268283925733e+00    1.279160887235e+00
 111   1.279160887235e+00    1.290131130918e+00
 112   1.290131130918e+00    1.301195456783e+00
 113   1.301195456783e+00    1.312354671690e+00
 114   1.312354671690e+00    1.323609589419e+00
 115   1.323609589419e+00    1.334961030729e+00
 116   1.334961030729e+00    1.346409823419e+00
 117   1.346409823419e+00    1.357956802387e+00
 118   1.357956802387e+00    1.369602809689e+00
 119   1.369602809689e+00    1.381348694606e+00
 120   1.381348694606e+00    1.393195313701e+00
 121   1.393195313701e+00    1.405143530882e+00
 122   1.405143530882e+00    1.417194217467e+00
 123   1.417194217467e+00    1.429348252247e+00
 124   1.429348252247e+00    1.441606521549e+00
 125   1.441606521549e+00    1.453969919301e+00
 126   1.453969919301e+00    1.466439347097e+00
 127   1.466439347097e+00    1.479015714265e+00
 128   1.479015714265e+00    1.491699937930e+00
 129   1.491699937930e+00    1.504492943083e+00
 130   1.504492943083e+00    1.517395662648e+00
 131   1.517395662648e+00    1.530409037548e+00
 132   1.530409037548e+00    1.543534016779e+00
 133   1.543534016779e+00    1.556771557472e+00
 134   1.556771557472e+00    1.570122624969e+00
 135   1.570122624969e+00    1.583588192890e+00
 136   1.583588192890e+00    1.597169243205e+00
 137   1.597169243205e+00    1.610866766306e+00
 138   1.610866766306e+00    1.624681761077e+00
 139   1.624681761077e+00    1.638615234970e+00
 140   1.638615234970e+00    1.652668204077e+00
 141   1.652668204077e+00    1.666841693204e+00
 142   1.666841693204e+00    1.681136735945e+00
 143   1.681136735945e+00    1.695554374761e+00
 144   1.695554374761e+00    1.710095661049e+00
 145   1.710095661049e+00    1.724761655226e+00
 146   1.724761655226e+00    1.739553426803e+00
 147   1.739553426803e+00    1.754472054462e+00
 148   1.754472054462e+00    1.769518626137e+00
 149   1.769518626137e+00    1.784694239091e+00
 150   1.784694239091e+00    1.800000000000e+00
180 
 1   0.000000000000e+00    3.490658503889e-02
 2   3.490658503889e-02    6.981317007778e-02
 3   6.981317007778e-02    1.047197551167e-01
 4   1.047197551167e-01    1.396263401556e-01
 5   1.396263401556e-01    1.745329251944e-01
 6   1.745329251944e-01    2.094395102333e-01
 7   2.094395102333e-01    2.443460952722e-01
 8   2.443460952722e-01    2.792526803111e-01
 9   2.792526803111e-01    3.141592653500e-01
 10   3.141592653500e-01    3.490658503889e-01
 11   3.490658503889e-01    3.839724354278e-01
 12   3.839724354278e-01    4.188790204667e-01
 13   4.188790204667e-01    4.537856055056e-01
 14   4.537856055056e-01    4.886921905444e-01
 15   4.886921905444e-01    5.235987755833e-01
 16   5.235987755833e-01    5.585053606222e-01
 17   5.585053606222e-01    5.934119456611e-01
 18   5.934119456611e-01    6.283185307000e-01
 19   6.283185307000e-01    6.632251157389e-01
 20   6.632251157389e-01    6.981317007778e-01
 21   6.981317007778e-01    7.330382858167e-01
 22   7.330382858167e-01    7.679448708556e-01
 23   7.679448708556e-01    8.028514558944e-01
 24   8.028514558944e-01    8.377580409333e-01
 25   8.377580409333e-01    8.726646259722e-01
 26   8.726646259722e-01    9.075712110111e-01
 27   9.075712110111e-01    9.424777960500e-01
 28   9.424777960500e-01    9.773843810889e-01
 29   9.773843810889e-01    1.012290966128e+00
 30   1.012290966128e+00    1.047197551167e+00
 31   1.047197551167e+00    1.082104136206e+00
 32   1.082104136206e+00    1.117010721244e+00
 33   1.117010721244e+00    1.151917306283e+00
 34   1.151917306283e+00    1.186823891322e+00
 35   1.186823891322e+00    1.221730476361e+00
 36   1.221730476361e+00    1.256637061400e+00
 37   1.256637061400e+00    1.291543646439e+00
 38   1.291543646439e+00    1.326450231478e+00
 39   1.326450231478e+00    1.361356816517e+00
 40   1.361356816517e+00    1.396263401556e+00
 41   1.396263401556e+00    1.431169986594e+00
 42   1.431169986594e+00    1.466076571633e+00
 43   1.466076571633e+00    1.500983156672e+00
 44   1.500983156672e+00    1.535889741711e+00
 45   1.535889741711e+00    1.570796326750e+00
 46   1.570796326750e+00    1.605702911789e+00
 47   1.605702911789e+00    1.640609496828e+00
 48   1.640609496828e+00    1.675516081867e+00
 49   1.675516081867e+00    1.710422666906e+00
 50   1.710422666906e+00    1.745329251944e+00
 51   1.745329251944e+00    1.780235836983e+00
 52   1.780235836983e+00    1.815142422022e+00
 53   1.815142422022e+00    1.850049007061e+00
 54   1.850049007061e+00    1.884955592100e+00
 55   1.884955592100e+00    1.919862177139e+00
 56   1.919862177139e+00    1.954768762178e+00
 57   1.954768762178e+00    1.989675347217e+00
 58   1.989675347217e+00    2.024581932256e+00
 59   2.024581932256e+00    2.059488517294e+00
 60   2.059488517294e+00    2.094395102333e+00
 61   2.094395102333e+00    2.129301687372e+00
 62   2.129301687372e+00    2.164208272411e+00
 63   2.164208272411e+00    2.199114857450e+00
 64   2.199114857450e+00    2.234021442489e+00
 65   2.234021442489e+00    2.268928027528e+00
 66   2.268928027528e+00    2.303834612567e+00
 67   2.303834612567e+00    2.338741197606e+00
 68   2.338741197606e+00    2.373647782644e+00
 69   2.373647782644e+00    2.408554367683e+00
 70   2.408554367683e+00    2.443460952722e+00
 71   2.443460952722e+00    2.478367537761e+00
 72   2.478367537761e+00    2.513274122800e+00
 73   2.513274122800e+00    2.548180707839e+00
 74   2.548180707839e+00    2.583087292878e+00
 75   2.583087292878e+00    2.617993877917e+00
 76   2.617993877917e+00    2.652900462956e+00
 77   2.652900462956e+00    2.687807047994e+00
 78   2.687807047994e+00    2.722713633033e+00
 79   2.722713633033e+00    2.757620218072e+00
 80   2.757620218072e+00    2.792526803111e+00
 81   2.792526803111e+00    2.827433388150e+00
 82   2.827433388150e+00    2.862339973189e+00
 83   2.862339973189e+00    2.897246558228e+00
 84   2.897246558228e+00    2.932153143267e+00
 85   2.932153143267e+00    2.967059728306e+00
 86   2.967059728306e+00    3.001966313344e+00
 87   3.001966313344e+00    3.036872898383e+00
 88   3.036872898383e+00    3.071779483422e+00
 89   3.071779483422e+00    3.106686068461e+00
 90   3.106686068461e+00    3.141592653500e+00
 91   3.141592653500e+00    3.176499238539e+00
 92   3.176499238539e+00    3.211405823578e+00
 93   3.211405823578e+00    3.246312408617e+00
 94   3.246312408617e+00    3.281218993656e+00
 95   3.281218993656e+00    3.316125578694e+00
 96   3.316125578694e+00    3.351032163733e+00
 97   3.351032163733e+00    3.385938748772e+00
 98   3.385938748772e+00    3.420845333811e+00
 99   3.420845333811e+00    3.455751918850e+00
 100   3.455751918850e+00    3.490658503889e+00
 101   3.490658503889e+00    3.525565088928e+00
 102   3.525565088928e+00    3.560471673967e+00
 103   3.560471673967e+00    3.595378259006e+00
 104   3.595378259006e+00    3.630284844044e+00
 105   3.630284844044e+00    3.665191429083e+00
 106   3.665191429083e+00    3.700098014122e+00
 107   3.700098014122e+00    3.735004599161e+00
 108   3.735004599161e+00    3.769911184200e+00
 109   3.769911184200e+00    3.804817769239e+00
 110   3.804817769239e+00    3.839724354278e+00
 111   3.839724354278e+00    3.874630939317e+00
 112   3.874630939317e+00    3.909537524356e+00
 113   3.909537524356e+00    3.944444109394e+00
 114   3.944444109394e+00    3.979350694433e+00
 115   3.979350694433e+00    4.014257279472e+00
 116   4.014257279472e+00    4.049163864511e+00
 117   4.049163864511e+00    4.084070449550e+00
 118   4.084070449550e+00    4.118977034589e+00
 119   4.118977034589e+00    4.153883619628e+00
 120   4.153883619628e+00    4.188790204667e+00
 121   4.188790204667e+00    4.223696789706e+00
 122   4.223696789706e+00    4.258603374744e+00
 123   4.258603374744e+00    4.293509959783e+00
 124   4.293509959783e+00    4.328416544822e+00
 125   4.328416544822e+00    4.363323129861e+00
 126   4.363323129861e+00    4.398229714900e+00
 127   4.398229714900e+00    4.433136299939e+00
 128   4.433136299939e+00    4.468042884978e+00
 129   4.468042884978e+00    4.502949470017e+00
 130   4.502949470017e+00    4.537856055056e+00
 131   4.537856055056e+00    4.572762640094e+00
 132   4.572762640094e+00    4.607669225133e+00
 133   4.607669225133e+00    4.642575810172e+00
 134   4.642575810172e+00    4.677482395211e+00
 135   4.677482395211e+00    4.712388980250e+00
 136   4.712388980250e+00    4.747295565289e+00
 137   4.747295565289e+00    4.782202150328e+00
 138   4.782202150328e+00    4.817108735367e+00
 139   4.817108735367e+00    4.852015320406e+00
 140   4.852015320406e+00    4.886921905444e+00
 141   4.886921905444e+00    4.921828490483e+00
 142   4.921828490483e+00    4.956735075522e+00
 143   4.956735075522e+00    4.991641660561e+00
 144   4.991641660561e+00    5.026548245600e+00
 145   5.026548245600e+00    5.061454830639e+00
 146   5.061454830639e+00    5.096361415678e+00
 147   5.096361415678e+00    5.131268000717e+00
 148   5.131268000717e+00    5.166174585756e+00
 149   5.166174585756e+00    5.201081170794e+00
 150   5.201081170794e+00    5.235987755833e+00
 151   5.235987755833e+00    5.270894340872e+00
 152   5.270894340872e+00    5.305800925911e+00
 153   5.305800925911e+00    5.340707510950e+00
 154   5.340707510950e+00    5.375614095989e+00
 155   5.375614095989e+00    5.410520681028e+00
 156   5.410520681028e+00    5.445427266067e+00
 157   5.445427266067e+00    5.480333851106e+00
 158   5.480333851106e+00    5.515240436144e+00
 159   5.515240436144e+00    5.550147021183e+00
 160   5.550147021183e+00    5.585053606222e+00
 161   5.585053606222e+00    5.619960191261e+00
 162   5.619960191261e+00    5.654866776300e+00
 163   5.654866776300e+00    5.689773361339e+00
 164   5.689773361339e+00    5.724679946378e+00
 165   5.724679946378e+00    5.759586531417e+00
 166   5.759586531417e+00    5.794493116456e+00
 167   5.794493116456e+00    5.829399701494e+00
 168   5.829399701494e+00    5.864306286533e+00
 169   5.864306286533e+00    5.899212871572e+00
 170   5.899212871572e+00    5.934119456611e+00
 171   5.934119456611e+00    5.969026041650e+00
 172   5.969026041650e+00    6.003932626689e+00
 173   6.003932626689e+00    6.038839211728e+00
 174   6.038839211728e+00    6.073745796767e+00
 175   6.073745796767e+00    6.108652381806e+00
 176   6.108652381806e+00    6.143558966844e+00
 177   6.143558966844e+00    6.178465551883e+00
 178   6.178465551883e+00    6.213372136922e+00
 179   6.213372136922e+00    6.248278721961e+00
 180   6.248278721961e+00    6.283185307000e+00
1 
 1   -1.000000000000e+00    1.000000000000e+00
