0 0  1.000000000000000e+00  0.000000000000000e+00  0.000000000000000e+00  0.000000000000000e+00  0.000000000000000e+00  0.000000000000000e+00  0.000000000000000e+00 1
0 1  3.000000000000000e-06  8.775825618903725e-01  4.794255386042029e-01  0.000000000000000e+00 -3.012324018520446e+00  5.514022129721188e+00  0.000000000000000e+00 0
1 0  1.000000000000000e+00  0.000000000000000e+00  0.000000000000000e+00  0.000000000000000e+00  0.000000000000000e+00  0.000000000000000e+00  0.000000000000000e+00 1
1 1  3.000000000000000e-06  8.767983322633501e-01  4.808429176310297e-01  0.000000000000000e+00 -3.021267694588163e+00  5.509164049732277e+00  0.000000000000000e+00 0
2 0  1.000000000000000e+00  0.000000000000000e+00  0.000000000000000e+00  0.000000000000000e+00  0.000000000000000e+00  0.000000000000000e+00  0.000000000000000e+00 1
2 1  3.000000000000000e-06  8.685842247588554e-01  4.955172732327096e-01  0.000000000000000e+00 -3.113492136581437e+00  5.457590800191811e+00  0.000000000000000e+00 0
3 0  1.000000000000000e+00  0.000000000000000e+00  0.000000000000000e+00  0.000000000000000e+00  0.000000000000000e+00  0.000000000000000e+00  0.000000000000000e+00 1
3 1  3.000000000000000e-06  8.596693748195622e-01  5.108181150007053e-01  0.000000000000000e+00 -3.209654390360219e+00  5.401613990014703e+00  0.000000000000000e+00 0
4 0  1.000000000000000e+00  0.000000000000000e+00  0.000000000000000e+00  0.000000000000000e+00  0.000000000000000e+00  0.000000000000000e+00  0.000000000000000e+00 1
4 1  3.000000000000000e-06  8.415962846421269e-01  5.400675046328379e-01  0.000000000000000e+00 -3.393462177047731e+00  5.288091725883278e+00  0.000000000000000e+00 0
5 0  1.000000000000000e+00  0.000000000000000e+00  0.000000000000000e+00  0.000000000000000e+00  0.000000000000000e+00  0.000000000000000e+00  0.000000000000000e+00 1
5 1  3.000000000000000e-06  8.174780097297164e-01  5.759145349950542e-01  0.000000000000000e+00 -3.618728388465480e+00  5.136583392961254e+00  0.000000000000000e+00 0
6 0  1.000000000000000e+00  0.000000000000000e+00  0.000000000000000e+00  0.000000000000000e+00  0.000000000000000e+00  0.000000000000000e+00  0.000000000000000e+00 1
6 1  3.000000000000000e-06  7.864053973012869e-01  6.176609450534054e-01  0.000000000000000e+00 -3.881066359928712e+00  4.941375501297729e+00  0.000000000000000e+00 0
7 0  1.000000000000000e+00  0.000000000000000e+00  0.000000000000000e+00  0.000000000000000e+00  0.000000000000000e+00  0.000000000000000e+00  0.000000000000000e+00 1
7 1  3.000000000000000e-06  7.525636929862567e-01  6.584656696545441e-01  0.000000000000000e+00 -4.137490893856871e+00  4.728765192904421e+00  0.000000000000000e+00 0
8 0  1.000000000000000e+00  0.000000000000000e+00  0.000000000000000e+00  0.000000000000000e+00  0.000000000000000e+00  0.000000000000000e+00  0.000000000000000e+00 1
8 1  3.000000000000000e-06  7.048431122480898e-01  7.093067315619042e-01  0.000000000000000e+00 -4.456982894972621e+00  4.428942998763912e+00  0.000000000000000e+00 0
9 0  1.000000000000000e+00  0.000000000000000e+00  0.000000000000000e+00  0.000000000000000e+00  0.000000000000000e+00  0.000000000000000e+00  0.000000000000000e+00 1
9 1  3.000000000000000e-06  6.469722105957096e-01  7.624549572773855e-01  0.000000000000000e+00 -4.790976562259782e+00  4.065335874458050e+00  0.000000000000000e+00 0
10 0  1.000000000000000e+00  0.000000000000000e+00  0.000000000000000e+00  0.000000000000000e+00  0.000000000000000e+00  0.000000000000000e+00  0.000000000000000e+00 1
10 1  3.000000000000000e-06  5.779879154339645e-01  8.159849164812178e-01  0.000000000000000e+00 -5.127373411160558e+00  3.631890877870092e+00  0.000000000000000e+00 0
