0 1  9.999999999999991e-01  5.551116994983022e-16  0.000000000000000e+00  0.000000000000000e+00  0.000000000000000e+00  4.999999999999999e-01  9.999985000033736e-01  4.999999999999997e-01  4.999999999999994e-01
1 1  9.999956367017809e-01  3.023300914615814e-06  0.000000000000000e+00  0.000000000000000e+00  4.995433451508750e-01  2.076514351603668e-03  9.999919550730031e-01  2.076508073807055e-03  2.076501795902808e-03
1 1  9.999956367017809e-01  3.023300914615814e-06  0.000000000000000e+00  0.000000000000000e+00  4.995433451508750e-01  2.076514351603668e-03  9.999919550730031e-01  2.076508073807055e-03  2.076501795902808e-03
2 1  9.999909842450705e-01  3.023095766615472e-06  0.000000000000000e+00  0.000000000000000e+00  4.995892624169959e-01  1.884786237827418e-02  9.999849764217477e-01  1.884780540283424e-02  1.884774842748698e-02
2 1  9.999909842450705e-01  3.023095766615472e-06  0.000000000000000e+00  0.000000000000000e+00  4.995892624169959e-01  1.884786237827418e-02  9.999849764217477e-01  1.884780540283424e-02  1.884774842748698e-02
3 1  9.999863112711482e-01  3.023158104238991e-06  0.000000000000000e+00  0.000000000000000e+00  4.996443599291464e-01  3.650173145009417e-02  9.999779670111650e-01  3.650162112425900e-02  3.650151079859017e-02
3 1  9.999863112711482e-01  3.023158104238991e-06  0.000000000000000e+00  0.000000000000000e+00  4.996443599291464e-01  3.650173145009417e-02  9.999779670111650e-01  3.650162112425900e-02  3.650151079859017e-02
4 1  9.999816232713569e-01  3.023172539371250e-06  0.000000000000000e+00  0.000000000000000e+00  4.998011748042277e-01  7.072986809646581e-02  9.999709350783972e-01  7.072965444643482e-02  7.072944079672680e-02
4 1  9.999816232713569e-01  3.023172539371250e-06  0.000000000000000e+00  0.000000000000000e+00  4.998011748042277e-01  7.072986809646581e-02  9.999709350783972e-01  7.072965444643482e-02  7.072944079672680e-02
5 1  9.999769271838420e-01  3.023115724254821e-06  0.000000000000000e+00  0.000000000000000e+00  5.000176850567356e-01  1.137230771479053e-01  9.999638910306853e-01  1.137227340909710e-01  1.137223910345527e-01
5 1  9.999769271838420e-01  3.023115724254821e-06  0.000000000000000e+00  0.000000000000000e+00  5.000176850567356e-01  1.137230771479053e-01  9.999638910306853e-01  1.137227340909710e-01  1.137223910345527e-01
6 1  9.999722270856669e-01  3.022976273341057e-06  0.000000000000000e+00  0.000000000000000e+00  5.002812701532059e-01  1.655078869482282e-01  9.999568409836158e-01  1.655073889036582e-01  1.655068908598299e-01
6 1  9.999722270856669e-01  3.022976273341057e-06  0.000000000000000e+00  0.000000000000000e+00  5.002812701532059e-01  1.655078869482282e-01  9.999568409836158e-01  1.655073889036582e-01  1.655068908598299e-01
7 1  9.999675253918550e-01  3.022776824454086e-06  0.000000000000000e+00  0.000000000000000e+00  5.005398643320949e-01  2.182693922552634e-01  9.999497885597017e-01  2.182687377029221e-01  2.182680831515467e-01
7 1  9.999675253918550e-01  3.022776824454086e-06  0.000000000000000e+00  0.000000000000000e+00  5.005398643320949e-01  2.182693922552634e-01  9.999497885597017e-01  2.182687377029221e-01  2.182680831515467e-01
8 1  9.999628234480219e-01  3.022394877806846e-06  0.000000000000000e+00  0.000000000000000e+00  5.008839361500044e-01  2.876706144648165e-01  9.999427357773434e-01  2.876697569542035e-01  2.876688994448333e-01
8 1  9.999628234480219e-01  3.022394877806846e-06  0.000000000000000e+00  0.000000000000000e+00  5.008839361500044e-01  2.876706144648165e-01  9.999427357773434e-01  2.876697569542035e-01  2.876688994448333e-01
9 1  9.999581222791666e-01  3.021851015878542e-06  0.000000000000000e+00  0.000000000000000e+00  5.012554593529752e-01  3.658960249855804e-01  9.999356841740069e-01  3.658949438106672e-01  3.658938626372793e-01
9 1  9.999581222791666e-01  3.021851015878542e-06  0.000000000000000e+00  0.000000000000000e+00  5.012554593529752e-01  3.658960249855804e-01  9.999356841740069e-01  3.658949438106672e-01  3.658938626372793e-01
10 1  9.999534224335003e-01  3.021131230853301e-06  0.000000000000000e+00  0.000000000000000e+00  5.016537775860873e-01  4.528467546353846e-01  9.999286345719808e-01  4.528454328103329e-01  4.528441109870768e-01
10 1  9.999534224335003e-01  3.021131230853301e-06  0.000000000000000e+00  0.000000000000000e+00  5.016537775860873e-01  4.528467546353846e-01  9.999286345719808e-01  4.528454328103329e-01  4.528441109870768e-01
