# ******************************************************
# PLUTO 4.4-patch2 Grid File
# Generated on  Fri Mar  6 23:51:01 2026
# 
# DIMENSIONS: 2
# GEOMETRY:   POLAR
# X1: [ 0.750000,  1.250000], 160 point(s), 2 ghosts
# X2: [ 0.000000,  6.283185], 180 point(s), 2 ghosts
# ******************************************************
160 
 1   7.500000000000e-01    7.523983215871e-01
 2   7.523983215871e-01    7.548043124361e-01
 3   7.548043124361e-01    7.572179970715e-01
 4   7.572179970715e-01    7.596394000962e-01
 5   7.596394000962e-01    7.620685461917e-01
 6   7.620685461917e-01    7.645054601186e-01
 7   7.645054601186e-01    7.669501667165e-01
 8   7.669501667165e-01    7.694026909046e-01
 9   7.694026909046e-01    7.718630576816e-01
 10   7.718630576816e-01    7.743312921263e-01
 11   7.743312921263e-01    7.768074193976e-01
 12   7.768074193976e-01    7.792914647349e-01
 13   7.792914647349e-01    7.817834534582e-01
 14   7.817834534582e-01    7.842834109687e-01
 15   7.842834109687e-01    7.867913627486e-01
 16   7.867913627486e-01    7.893073343617e-01
 17   7.893073343617e-01    7.918313514535e-01
 18   7.918313514535e-01    7.943634397515e-01
 19   7.943634397515e-01    7.969036250656e-01
 20   7.969036250656e-01    7.994519332880e-01
 21   7.994519332880e-01    8.020083903940e-01
 22   8.020083903940e-01    8.045730224416e-01
 23   8.045730224416e-01    8.071458555724e-01
 24   8.071458555724e-01    8.097269160115e-01
 25   8.097269160115e-01    8.123162300679e-01
 26   8.123162300679e-01    8.149138241348e-01
 27   8.149138241348e-01    8.175197246895e-01
 28   8.175197246895e-01    8.201339582943e-01
 29   8.201339582943e-01    8.227565515963e-01
 30   8.227565515963e-01    8.253875313277e-01
 31   8.253875313277e-01    8.280269243065e-01
 32   8.280269243065e-01    8.306747574362e-01
 33   8.306747574362e-01    8.333310577064e-01
 34   8.333310577064e-01    8.359958521929e-01
 35   8.359958521929e-01    8.386691680583e-01
 36   8.386691680583e-01    8.413510325518e-01
 37   8.413510325518e-01    8.440414730101e-01
 38   8.440414730101e-01    8.467405168569e-01
 39   8.467405168569e-01    8.494481916039e-01
 40   8.494481916039e-01    8.521645248506e-01
 41   8.521645248506e-01    8.548895442849e-01
 42   8.548895442849e-01    8.576232776831e-01
 43   8.576232776831e-01    8.603657529104e-01
 44   8.603657529104e-01    8.631169979210e-01
 45   8.631169979210e-01    8.658770407587e-01
 46   8.658770407587e-01    8.686459095569e-01
 47   8.686459095569e-01    8.714236325388e-01
 48   8.714236325388e-01    8.742102380180e-01
 49   8.742102380180e-01    8.770057543987e-01
 50   8.770057543987e-01    8.798102101757e-01
 51   8.798102101757e-01    8.826236339352e-01
 52   8.826236339352e-01    8.854460543546e-01
 53   8.854460543546e-01    8.882775002031e-01
 54   8.882775002031e-01    8.911180003418e-01
 55   8.911180003418e-01    8.939675837243e-01
 56   8.939675837243e-01    8.968262793966e-01
 57   8.968262793966e-01    8.996941164976e-01
 58   8.996941164976e-01    9.025711242594e-01
 59   9.025711242594e-01    9.054573320077e-01
 60   9.054573320077e-01    9.083527691617e-01
 61   9.083527691617e-01    9.112574652350e-01
 62   9.112574652350e-01    9.141714498354e-01
 63   9.141714498354e-01    9.170947526653e-01
 64   9.170947526653e-01    9.200274035223e-01
 65   9.200274035223e-01    9.229694322991e-01
 66   9.229694322991e-01    9.259208689840e-01
 67   9.259208689840e-01    9.288817436614e-01
 68   9.288817436614e-01    9.318520865116e-01
 69   9.318520865116e-01    9.348319278117e-01
 70   9.348319278117e-01    9.378212979354e-01
 71   9.378212979354e-01    9.408202273536e-01
 72   9.408202273536e-01    9.438287466347e-01
 73   9.438287466347e-01    9.468468864448e-01
 74   9.468468864448e-01    9.498746775481e-01
 75   9.498746775481e-01    9.529121508070e-01
 76   9.529121508070e-01    9.559593371828e-01
 77   9.559593371828e-01    9.590162677358e-01
 78   9.590162677358e-01    9.620829736255e-01
 79   9.620829736255e-01    9.651594861112e-01
 80   9.651594861112e-01    9.682458365519e-01
 81   9.682458365519e-01    9.713420564071e-01
 82   9.713420564071e-01    9.744481772368e-01
 83   9.744481772368e-01    9.775642307021e-01
 84   9.775642307021e-01    9.806902485651e-01
 85   9.806902485651e-01    9.838262626897e-01
 86   9.838262626897e-01    9.869723050413e-01
 87   9.869723050413e-01    9.901284076881e-01
 88   9.901284076881e-01    9.932946028003e-01
 89   9.932946028003e-01    9.964709226512e-01
 90   9.964709226512e-01    9.996573996175e-01
 91   9.996573996175e-01    1.002854066179e+00
 92   1.002854066179e+00    1.006060954920e+00
 93   1.006060954920e+00    1.009278098528e+00
 94   1.009278098528e+00    1.012505529796e+00
 95   1.012505529796e+00    1.015743281622e+00
 96   1.015743281622e+00    1.018991387007e+00
 97   1.018991387007e+00    1.022249879061e+00
 98   1.022249879061e+00    1.025518790998e+00
 99   1.025518790998e+00    1.028798156137e+00
 100   1.028798156137e+00    1.032088007906e+00
 101   1.032088007906e+00    1.035388379838e+00
 102   1.035388379838e+00    1.038699305575e+00
 103   1.038699305575e+00    1.042020818864e+00
 104   1.042020818864e+00    1.045352953563e+00
 105   1.045352953563e+00    1.048695743636e+00
 106   1.048695743636e+00    1.052049223156e+00
 107   1.052049223156e+00    1.055413426306e+00
 108   1.055413426306e+00    1.058788387378e+00
 109   1.058788387378e+00    1.062174140772e+00
 110   1.062174140772e+00    1.065570721000e+00
 111   1.065570721000e+00    1.068978162684e+00
 112   1.068978162684e+00    1.072396500555e+00
 113   1.072396500555e+00    1.075825769458e+00
 114   1.075825769458e+00    1.079266004347e+00
 115   1.079266004347e+00    1.082717240289e+00
 116   1.082717240289e+00    1.086179512463e+00
 117   1.086179512463e+00    1.089652856159e+00
 118   1.089652856159e+00    1.093137306782e+00
 119   1.093137306782e+00    1.096632899849e+00
 120   1.096632899849e+00    1.100139670992e+00
 121   1.100139670992e+00    1.103657655954e+00
 122   1.103657655954e+00    1.107186890595e+00
 123   1.107186890595e+00    1.110727410890e+00
 124   1.110727410890e+00    1.114279252926e+00
 125   1.114279252926e+00    1.117842452907e+00
 126   1.117842452907e+00    1.121417047155e+00
 127   1.121417047155e+00    1.125003072105e+00
 128   1.125003072105e+00    1.128600564309e+00
 129   1.128600564309e+00    1.132209560438e+00
 130   1.132209560438e+00    1.135830097278e+00
 131   1.135830097278e+00    1.139462211733e+00
 132   1.139462211733e+00    1.143105940827e+00
 133   1.143105940827e+00    1.146761321699e+00
 134   1.146761321699e+00    1.150428391610e+00
 135   1.150428391610e+00    1.154107187938e+00
 136   1.154107187938e+00    1.157797748181e+00
 137   1.157797748181e+00    1.161500109959e+00
 138   1.161500109959e+00    1.165214311008e+00
 139   1.165214311008e+00    1.168940389189e+00
 140   1.168940389189e+00    1.172678382482e+00
 141   1.172678382482e+00    1.176428328987e+00
 142   1.176428328987e+00    1.180190266930e+00
 143   1.180190266930e+00    1.183964234656e+00
 144   1.183964234656e+00    1.187750270632e+00
 145   1.187750270632e+00    1.191548413451e+00
 146   1.191548413451e+00    1.195358701827e+00
 147   1.195358701827e+00    1.199181174599e+00
 148   1.199181174599e+00    1.203015870729e+00
 149   1.203015870729e+00    1.206862829306e+00
 150   1.206862829306e+00    1.210722089541e+00
 151   1.210722089541e+00    1.214593690772e+00
 152   1.214593690772e+00    1.218477672463e+00
 153   1.218477672463e+00    1.222374074203e+00
 154   1.222374074203e+00    1.226282935709e+00
 155   1.226282935709e+00    1.230204296825e+00
 156   1.230204296825e+00    1.234138197520e+00
 157   1.234138197520e+00    1.238084677894e+00
 158   1.238084677894e+00    1.242043778174e+00
 159   1.242043778174e+00    1.246015538714e+00
 160   1.246015538714e+00    1.250000000000e+00
180 
 1   0.000000000000e+00    3.490658503889e-02
 2   3.490658503889e-02    6.981317007778e-02
 3   6.981317007778e-02    1.047197551167e-01
 4   1.047197551167e-01    1.396263401556e-01
 5   1.396263401556e-01    1.745329251944e-01
 6   1.745329251944e-01    2.094395102333e-01
 7   2.094395102333e-01    2.443460952722e-01
 8   2.443460952722e-01    2.792526803111e-01
 9   2.792526803111e-01    3.141592653500e-01
 10   3.141592653500e-01    3.490658503889e-01
 11   3.490658503889e-01    3.839724354278e-01
 12   3.839724354278e-01    4.188790204667e-01
 13   4.188790204667e-01    4.537856055056e-01
 14   4.537856055056e-01    4.886921905444e-01
 15   4.886921905444e-01    5.235987755833e-01
 16   5.235987755833e-01    5.585053606222e-01
 17   5.585053606222e-01    5.934119456611e-01
 18   5.934119456611e-01    6.283185307000e-01
 19   6.283185307000e-01    6.632251157389e-01
 20   6.632251157389e-01    6.981317007778e-01
 21   6.981317007778e-01    7.330382858167e-01
 22   7.330382858167e-01    7.679448708556e-01
 23   7.679448708556e-01    8.028514558944e-01
 24   8.028514558944e-01    8.377580409333e-01
 25   8.377580409333e-01    8.726646259722e-01
 26   8.726646259722e-01    9.075712110111e-01
 27   9.075712110111e-01    9.424777960500e-01
 28   9.424777960500e-01    9.773843810889e-01
 29   9.773843810889e-01    1.012290966128e+00
 30   1.012290966128e+00    1.047197551167e+00
 31   1.047197551167e+00    1.082104136206e+00
 32   1.082104136206e+00    1.117010721244e+00
 33   1.117010721244e+00    1.151917306283e+00
 34   1.151917306283e+00    1.186823891322e+00
 35   1.186823891322e+00    1.221730476361e+00
 36   1.221730476361e+00    1.256637061400e+00
 37   1.256637061400e+00    1.291543646439e+00
 38   1.291543646439e+00    1.326450231478e+00
 39   1.326450231478e+00    1.361356816517e+00
 40   1.361356816517e+00    1.396263401556e+00
 41   1.396263401556e+00    1.431169986594e+00
 42   1.431169986594e+00    1.466076571633e+00
 43   1.466076571633e+00    1.500983156672e+00
 44   1.500983156672e+00    1.535889741711e+00
 45   1.535889741711e+00    1.570796326750e+00
 46   1.570796326750e+00    1.605702911789e+00
 47   1.605702911789e+00    1.640609496828e+00
 48   1.640609496828e+00    1.675516081867e+00
 49   1.675516081867e+00    1.710422666906e+00
 50   1.710422666906e+00    1.745329251944e+00
 51   1.745329251944e+00    1.780235836983e+00
 52   1.780235836983e+00    1.815142422022e+00
 53   1.815142422022e+00    1.850049007061e+00
 54   1.850049007061e+00    1.884955592100e+00
 55   1.884955592100e+00    1.919862177139e+00
 56   1.919862177139e+00    1.954768762178e+00
 57   1.954768762178e+00    1.989675347217e+00
 58   1.989675347217e+00    2.024581932256e+00
 59   2.024581932256e+00    2.059488517294e+00
 60   2.059488517294e+00    2.094395102333e+00
 61   2.094395102333e+00    2.129301687372e+00
 62   2.129301687372e+00    2.164208272411e+00
 63   2.164208272411e+00    2.199114857450e+00
 64   2.199114857450e+00    2.234021442489e+00
 65   2.234021442489e+00    2.268928027528e+00
 66   2.268928027528e+00    2.303834612567e+00
 67   2.303834612567e+00    2.338741197606e+00
 68   2.338741197606e+00    2.373647782644e+00
 69   2.373647782644e+00    2.408554367683e+00
 70   2.408554367683e+00    2.443460952722e+00
 71   2.443460952722e+00    2.478367537761e+00
 72   2.478367537761e+00    2.513274122800e+00
 73   2.513274122800e+00    2.548180707839e+00
 74   2.548180707839e+00    2.583087292878e+00
 75   2.583087292878e+00    2.617993877917e+00
 76   2.617993877917e+00    2.652900462956e+00
 77   2.652900462956e+00    2.687807047994e+00
 78   2.687807047994e+00    2.722713633033e+00
 79   2.722713633033e+00    2.757620218072e+00
 80   2.757620218072e+00    2.792526803111e+00
 81   2.792526803111e+00    2.827433388150e+00
 82   2.827433388150e+00    2.862339973189e+00
 83   2.862339973189e+00    2.897246558228e+00
 84   2.897246558228e+00    2.932153143267e+00
 85   2.932153143267e+00    2.967059728306e+00
 86   2.967059728306e+00    3.001966313344e+00
 87   3.001966313344e+00    3.036872898383e+00
 88   3.036872898383e+00    3.071779483422e+00
 89   3.071779483422e+00    3.106686068461e+00
 90   3.106686068461e+00    3.141592653500e+00
 91   3.141592653500e+00    3.176499238539e+00
 92   3.176499238539e+00    3.211405823578e+00
 93   3.211405823578e+00    3.246312408617e+00
 94   3.246312408617e+00    3.281218993656e+00
 95   3.281218993656e+00    3.316125578694e+00
 96   3.316125578694e+00    3.351032163733e+00
 97   3.351032163733e+00    3.385938748772e+00
 98   3.385938748772e+00    3.420845333811e+00
 99   3.420845333811e+00    3.455751918850e+00
 100   3.455751918850e+00    3.490658503889e+00
 101   3.490658503889e+00    3.525565088928e+00
 102   3.525565088928e+00    3.560471673967e+00
 103   3.560471673967e+00    3.595378259006e+00
 104   3.595378259006e+00    3.630284844044e+00
 105   3.630284844044e+00    3.665191429083e+00
 106   3.665191429083e+00    3.700098014122e+00
 107   3.700098014122e+00    3.735004599161e+00
 108   3.735004599161e+00    3.769911184200e+00
 109   3.769911184200e+00    3.804817769239e+00
 110   3.804817769239e+00    3.839724354278e+00
 111   3.839724354278e+00    3.874630939317e+00
 112   3.874630939317e+00    3.909537524356e+00
 113   3.909537524356e+00    3.944444109394e+00
 114   3.944444109394e+00    3.979350694433e+00
 115   3.979350694433e+00    4.014257279472e+00
 116   4.014257279472e+00    4.049163864511e+00
 117   4.049163864511e+00    4.084070449550e+00
 118   4.084070449550e+00    4.118977034589e+00
 119   4.118977034589e+00    4.153883619628e+00
 120   4.153883619628e+00    4.188790204667e+00
 121   4.188790204667e+00    4.223696789706e+00
 122   4.223696789706e+00    4.258603374744e+00
 123   4.258603374744e+00    4.293509959783e+00
 124   4.293509959783e+00    4.328416544822e+00
 125   4.328416544822e+00    4.363323129861e+00
 126   4.363323129861e+00    4.398229714900e+00
 127   4.398229714900e+00    4.433136299939e+00
 128   4.433136299939e+00    4.468042884978e+00
 129   4.468042884978e+00    4.502949470017e+00
 130   4.502949470017e+00    4.537856055056e+00
 131   4.537856055056e+00    4.572762640094e+00
 132   4.572762640094e+00    4.607669225133e+00
 133   4.607669225133e+00    4.642575810172e+00
 134   4.642575810172e+00    4.677482395211e+00
 135   4.677482395211e+00    4.712388980250e+00
 136   4.712388980250e+00    4.747295565289e+00
 137   4.747295565289e+00    4.782202150328e+00
 138   4.782202150328e+00    4.817108735367e+00
 139   4.817108735367e+00    4.852015320406e+00
 140   4.852015320406e+00    4.886921905444e+00
 141   4.886921905444e+00    4.921828490483e+00
 142   4.921828490483e+00    4.956735075522e+00
 143   4.956735075522e+00    4.991641660561e+00
 144   4.991641660561e+00    5.026548245600e+00
 145   5.026548245600e+00    5.061454830639e+00
 146   5.061454830639e+00    5.096361415678e+00
 147   5.096361415678e+00    5.131268000717e+00
 148   5.131268000717e+00    5.166174585756e+00
 149   5.166174585756e+00    5.201081170794e+00
 150   5.201081170794e+00    5.235987755833e+00
 151   5.235987755833e+00    5.270894340872e+00
 152   5.270894340872e+00    5.305800925911e+00
 153   5.305800925911e+00    5.340707510950e+00
 154   5.340707510950e+00    5.375614095989e+00
 155   5.375614095989e+00    5.410520681028e+00
 156   5.410520681028e+00    5.445427266067e+00
 157   5.445427266067e+00    5.480333851106e+00
 158   5.480333851106e+00    5.515240436144e+00
 159   5.515240436144e+00    5.550147021183e+00
 160   5.550147021183e+00    5.585053606222e+00
 161   5.585053606222e+00    5.619960191261e+00
 162   5.619960191261e+00    5.654866776300e+00
 163   5.654866776300e+00    5.689773361339e+00
 164   5.689773361339e+00    5.724679946378e+00
 165   5.724679946378e+00    5.759586531417e+00
 166   5.759586531417e+00    5.794493116456e+00
 167   5.794493116456e+00    5.829399701494e+00
 168   5.829399701494e+00    5.864306286533e+00
 169   5.864306286533e+00    5.899212871572e+00
 170   5.899212871572e+00    5.934119456611e+00
 171   5.934119456611e+00    5.969026041650e+00
 172   5.969026041650e+00    6.003932626689e+00
 173   6.003932626689e+00    6.038839211728e+00
 174   6.038839211728e+00    6.073745796767e+00
 175   6.073745796767e+00    6.108652381806e+00
 176   6.108652381806e+00    6.143558966844e+00
 177   6.143558966844e+00    6.178465551883e+00
 178   6.178465551883e+00    6.213372136922e+00
 179   6.213372136922e+00    6.248278721961e+00
 180   6.248278721961e+00    6.283185307000e+00
1 
 1   -1.000000000000e+00    1.000000000000e+00
