# ******************************************************
# PLUTO 4.4-patch2 Grid File
# Generated on  Tue Jan 27 02:29:04 2026
# 
# DIMENSIONS: 2
# GEOMETRY:   POLAR
# X1: [ 0.850000,  1.150000], 120 point(s), 2 ghosts
# X2: [ 0.000000,  6.283185], 180 point(s), 2 ghosts
# ******************************************************
120 
 1   8.500000000000e-01    8.521438552356e-01
 2   8.521438552356e-01    8.542931176656e-01
 3   8.542931176656e-01    8.564478009280e-01
 4   8.564478009280e-01    8.586079186951e-01
 5   8.586079186951e-01    8.607734846737e-01
 6   8.607734846737e-01    8.629445126052e-01
 7   8.629445126052e-01    8.651210162656e-01
 8   8.651210162656e-01    8.673030094658e-01
 9   8.673030094658e-01    8.694905060513e-01
 10   8.694905060513e-01    8.716835199027e-01
 11   8.716835199027e-01    8.738820649356e-01
 12   8.738820649356e-01    8.760861551005e-01
 13   8.760861551005e-01    8.782958043834e-01
 14   8.782958043834e-01    8.805110268053e-01
 15   8.805110268053e-01    8.827318364227e-01
 16   8.827318364227e-01    8.849582473276e-01
 17   8.849582473276e-01    8.871902736474e-01
 18   8.871902736474e-01    8.894279295452e-01
 19   8.894279295452e-01    8.916712292198e-01
 20   8.916712292198e-01    8.939201869059e-01
 21   8.939201869059e-01    8.961748168740e-01
 22   8.961748168740e-01    8.984351334307e-01
 23   8.984351334307e-01    9.007011509185e-01
 24   9.007011509185e-01    9.029728837162e-01
 25   9.029728837162e-01    9.052503462390e-01
 26   9.052503462390e-01    9.075335529382e-01
 27   9.075335529382e-01    9.098225183016e-01
 28   9.098225183016e-01    9.121172568538e-01
 29   9.121172568538e-01    9.144177831556e-01
 30   9.144177831556e-01    9.167241118050e-01
 31   9.167241118050e-01    9.190362574364e-01
 32   9.190362574364e-01    9.213542347213e-01
 33   9.213542347213e-01    9.236780583683e-01
 34   9.236780583683e-01    9.260077431229e-01
 35   9.260077431229e-01    9.283433037680e-01
 36   9.283433037680e-01    9.306847551235e-01
 37   9.306847551235e-01    9.330321120470e-01
 38   9.330321120470e-01    9.353853894333e-01
 39   9.353853894333e-01    9.377446022150e-01
 40   9.377446022150e-01    9.401097653622e-01
 41   9.401097653622e-01    9.424808938828e-01
 42   9.424808938828e-01    9.448580028225e-01
 43   9.448580028225e-01    9.472411072652e-01
 44   9.472411072652e-01    9.496302223324e-01
 45   9.496302223324e-01    9.520253631842e-01
 46   9.520253631842e-01    9.544265450187e-01
 47   9.544265450187e-01    9.568337830722e-01
 48   9.568337830722e-01    9.592470926198e-01
 49   9.592470926198e-01    9.616664889748e-01
 50   9.616664889748e-01    9.640919874892e-01
 51   9.640919874892e-01    9.665236035539e-01
 52   9.665236035539e-01    9.689613525984e-01
 53   9.689613525984e-01    9.714052500911e-01
 54   9.714052500911e-01    9.738553115397e-01
 55   9.738553115397e-01    9.763115524907e-01
 56   9.763115524907e-01    9.787739885300e-01
 57   9.787739885300e-01    9.812426352826e-01
 58   9.812426352826e-01    9.837175084133e-01
 59   9.837175084133e-01    9.861986236259e-01
 60   9.861986236259e-01    9.886859966643e-01
 61   9.886859966643e-01    9.911796433117e-01
 62   9.911796433117e-01    9.936795793913e-01
 63   9.936795793913e-01    9.961858207664e-01
 64   9.961858207664e-01    9.986983833399e-01
 65   9.986983833399e-01    1.001217283055e+00
 66   1.001217283055e+00    1.003742535895e+00
 67   1.003742535895e+00    1.006274157884e+00
 68   1.006274157884e+00    1.008812165087e+00
 69   1.008812165087e+00    1.011356573606e+00
 70   1.011356573606e+00    1.013907399589e+00
 71   1.013907399589e+00    1.016464659221e+00
 72   1.016464659221e+00    1.019028368729e+00
 73   1.019028368729e+00    1.021598544380e+00
 74   1.021598544380e+00    1.024175202483e+00
 75   1.024175202483e+00    1.026758359389e+00
 76   1.026758359389e+00    1.029348031489e+00
 77   1.029348031489e+00    1.031944235214e+00
 78   1.031944235214e+00    1.034546987039e+00
 79   1.034546987039e+00    1.037156303480e+00
 80   1.037156303480e+00    1.039772201093e+00
 81   1.039772201093e+00    1.042394696478e+00
 82   1.042394696478e+00    1.045023806275e+00
 83   1.045023806275e+00    1.047659547168e+00
 84   1.047659547168e+00    1.050301935880e+00
 85   1.050301935880e+00    1.052950989179e+00
 86   1.052950989179e+00    1.055606723874e+00
 87   1.055606723874e+00    1.058269156817e+00
 88   1.058269156817e+00    1.060938304903e+00
 89   1.060938304903e+00    1.063614185067e+00
 90   1.063614185067e+00    1.066296814289e+00
 91   1.066296814289e+00    1.068986209593e+00
 92   1.068986209593e+00    1.071682388043e+00
 93   1.071682388043e+00    1.074385366747e+00
 94   1.074385366747e+00    1.077095162857e+00
 95   1.077095162857e+00    1.079811793568e+00
 96   1.079811793568e+00    1.082535276117e+00
 97   1.082535276117e+00    1.085265627787e+00
 98   1.085265627787e+00    1.088002865902e+00
 99   1.088002865902e+00    1.090747007832e+00
 100   1.090747007832e+00    1.093498070989e+00
 101   1.093498070989e+00    1.096256072830e+00
 102   1.096256072830e+00    1.099021030855e+00
 103   1.099021030855e+00    1.101792962609e+00
 104   1.101792962609e+00    1.104571885681e+00
 105   1.104571885681e+00    1.107357817705e+00
 106   1.107357817705e+00    1.110150776358e+00
 107   1.110150776358e+00    1.112950779363e+00
 108   1.112950779363e+00    1.115757844487e+00
 109   1.115757844487e+00    1.118571989542e+00
 110   1.118571989542e+00    1.121393232384e+00
 111   1.121393232384e+00    1.124221590917e+00
 112   1.124221590917e+00    1.127057083086e+00
 113   1.127057083086e+00    1.129899726884e+00
 114   1.129899726884e+00    1.132749540349e+00
 115   1.132749540349e+00    1.135606541564e+00
 116   1.135606541564e+00    1.138470748657e+00
 117   1.138470748657e+00    1.141342179805e+00
 118   1.141342179805e+00    1.144220853225e+00
 119   1.144220853225e+00    1.147106787186e+00
 120   1.147106787186e+00    1.150000000000e+00
180 
 1   0.000000000000e+00    3.490658503889e-02
 2   3.490658503889e-02    6.981317007778e-02
 3   6.981317007778e-02    1.047197551167e-01
 4   1.047197551167e-01    1.396263401556e-01
 5   1.396263401556e-01    1.745329251944e-01
 6   1.745329251944e-01    2.094395102333e-01
 7   2.094395102333e-01    2.443460952722e-01
 8   2.443460952722e-01    2.792526803111e-01
 9   2.792526803111e-01    3.141592653500e-01
 10   3.141592653500e-01    3.490658503889e-01
 11   3.490658503889e-01    3.839724354278e-01
 12   3.839724354278e-01    4.188790204667e-01
 13   4.188790204667e-01    4.537856055056e-01
 14   4.537856055056e-01    4.886921905444e-01
 15   4.886921905444e-01    5.235987755833e-01
 16   5.235987755833e-01    5.585053606222e-01
 17   5.585053606222e-01    5.934119456611e-01
 18   5.934119456611e-01    6.283185307000e-01
 19   6.283185307000e-01    6.632251157389e-01
 20   6.632251157389e-01    6.981317007778e-01
 21   6.981317007778e-01    7.330382858167e-01
 22   7.330382858167e-01    7.679448708556e-01
 23   7.679448708556e-01    8.028514558944e-01
 24   8.028514558944e-01    8.377580409333e-01
 25   8.377580409333e-01    8.726646259722e-01
 26   8.726646259722e-01    9.075712110111e-01
 27   9.075712110111e-01    9.424777960500e-01
 28   9.424777960500e-01    9.773843810889e-01
 29   9.773843810889e-01    1.012290966128e+00
 30   1.012290966128e+00    1.047197551167e+00
 31   1.047197551167e+00    1.082104136206e+00
 32   1.082104136206e+00    1.117010721244e+00
 33   1.117010721244e+00    1.151917306283e+00
 34   1.151917306283e+00    1.186823891322e+00
 35   1.186823891322e+00    1.221730476361e+00
 36   1.221730476361e+00    1.256637061400e+00
 37   1.256637061400e+00    1.291543646439e+00
 38   1.291543646439e+00    1.326450231478e+00
 39   1.326450231478e+00    1.361356816517e+00
 40   1.361356816517e+00    1.396263401556e+00
 41   1.396263401556e+00    1.431169986594e+00
 42   1.431169986594e+00    1.466076571633e+00
 43   1.466076571633e+00    1.500983156672e+00
 44   1.500983156672e+00    1.535889741711e+00
 45   1.535889741711e+00    1.570796326750e+00
 46   1.570796326750e+00    1.605702911789e+00
 47   1.605702911789e+00    1.640609496828e+00
 48   1.640609496828e+00    1.675516081867e+00
 49   1.675516081867e+00    1.710422666906e+00
 50   1.710422666906e+00    1.745329251944e+00
 51   1.745329251944e+00    1.780235836983e+00
 52   1.780235836983e+00    1.815142422022e+00
 53   1.815142422022e+00    1.850049007061e+00
 54   1.850049007061e+00    1.884955592100e+00
 55   1.884955592100e+00    1.919862177139e+00
 56   1.919862177139e+00    1.954768762178e+00
 57   1.954768762178e+00    1.989675347217e+00
 58   1.989675347217e+00    2.024581932256e+00
 59   2.024581932256e+00    2.059488517294e+00
 60   2.059488517294e+00    2.094395102333e+00
 61   2.094395102333e+00    2.129301687372e+00
 62   2.129301687372e+00    2.164208272411e+00
 63   2.164208272411e+00    2.199114857450e+00
 64   2.199114857450e+00    2.234021442489e+00
 65   2.234021442489e+00    2.268928027528e+00
 66   2.268928027528e+00    2.303834612567e+00
 67   2.303834612567e+00    2.338741197606e+00
 68   2.338741197606e+00    2.373647782644e+00
 69   2.373647782644e+00    2.408554367683e+00
 70   2.408554367683e+00    2.443460952722e+00
 71   2.443460952722e+00    2.478367537761e+00
 72   2.478367537761e+00    2.513274122800e+00
 73   2.513274122800e+00    2.548180707839e+00
 74   2.548180707839e+00    2.583087292878e+00
 75   2.583087292878e+00    2.617993877917e+00
 76   2.617993877917e+00    2.652900462956e+00
 77   2.652900462956e+00    2.687807047994e+00
 78   2.687807047994e+00    2.722713633033e+00
 79   2.722713633033e+00    2.757620218072e+00
 80   2.757620218072e+00    2.792526803111e+00
 81   2.792526803111e+00    2.827433388150e+00
 82   2.827433388150e+00    2.862339973189e+00
 83   2.862339973189e+00    2.897246558228e+00
 84   2.897246558228e+00    2.932153143267e+00
 85   2.932153143267e+00    2.967059728306e+00
 86   2.967059728306e+00    3.001966313344e+00
 87   3.001966313344e+00    3.036872898383e+00
 88   3.036872898383e+00    3.071779483422e+00
 89   3.071779483422e+00    3.106686068461e+00
 90   3.106686068461e+00    3.141592653500e+00
 91   3.141592653500e+00    3.176499238539e+00
 92   3.176499238539e+00    3.211405823578e+00
 93   3.211405823578e+00    3.246312408617e+00
 94   3.246312408617e+00    3.281218993656e+00
 95   3.281218993656e+00    3.316125578694e+00
 96   3.316125578694e+00    3.351032163733e+00
 97   3.351032163733e+00    3.385938748772e+00
 98   3.385938748772e+00    3.420845333811e+00
 99   3.420845333811e+00    3.455751918850e+00
 100   3.455751918850e+00    3.490658503889e+00
 101   3.490658503889e+00    3.525565088928e+00
 102   3.525565088928e+00    3.560471673967e+00
 103   3.560471673967e+00    3.595378259006e+00
 104   3.595378259006e+00    3.630284844044e+00
 105   3.630284844044e+00    3.665191429083e+00
 106   3.665191429083e+00    3.700098014122e+00
 107   3.700098014122e+00    3.735004599161e+00
 108   3.735004599161e+00    3.769911184200e+00
 109   3.769911184200e+00    3.804817769239e+00
 110   3.804817769239e+00    3.839724354278e+00
 111   3.839724354278e+00    3.874630939317e+00
 112   3.874630939317e+00    3.909537524356e+00
 113   3.909537524356e+00    3.944444109394e+00
 114   3.944444109394e+00    3.979350694433e+00
 115   3.979350694433e+00    4.014257279472e+00
 116   4.014257279472e+00    4.049163864511e+00
 117   4.049163864511e+00    4.084070449550e+00
 118   4.084070449550e+00    4.118977034589e+00
 119   4.118977034589e+00    4.153883619628e+00
 120   4.153883619628e+00    4.188790204667e+00
 121   4.188790204667e+00    4.223696789706e+00
 122   4.223696789706e+00    4.258603374744e+00
 123   4.258603374744e+00    4.293509959783e+00
 124   4.293509959783e+00    4.328416544822e+00
 125   4.328416544822e+00    4.363323129861e+00
 126   4.363323129861e+00    4.398229714900e+00
 127   4.398229714900e+00    4.433136299939e+00
 128   4.433136299939e+00    4.468042884978e+00
 129   4.468042884978e+00    4.502949470017e+00
 130   4.502949470017e+00    4.537856055056e+00
 131   4.537856055056e+00    4.572762640094e+00
 132   4.572762640094e+00    4.607669225133e+00
 133   4.607669225133e+00    4.642575810172e+00
 134   4.642575810172e+00    4.677482395211e+00
 135   4.677482395211e+00    4.712388980250e+00
 136   4.712388980250e+00    4.747295565289e+00
 137   4.747295565289e+00    4.782202150328e+00
 138   4.782202150328e+00    4.817108735367e+00
 139   4.817108735367e+00    4.852015320406e+00
 140   4.852015320406e+00    4.886921905444e+00
 141   4.886921905444e+00    4.921828490483e+00
 142   4.921828490483e+00    4.956735075522e+00
 143   4.956735075522e+00    4.991641660561e+00
 144   4.991641660561e+00    5.026548245600e+00
 145   5.026548245600e+00    5.061454830639e+00
 146   5.061454830639e+00    5.096361415678e+00
 147   5.096361415678e+00    5.131268000717e+00
 148   5.131268000717e+00    5.166174585756e+00
 149   5.166174585756e+00    5.201081170794e+00
 150   5.201081170794e+00    5.235987755833e+00
 151   5.235987755833e+00    5.270894340872e+00
 152   5.270894340872e+00    5.305800925911e+00
 153   5.305800925911e+00    5.340707510950e+00
 154   5.340707510950e+00    5.375614095989e+00
 155   5.375614095989e+00    5.410520681028e+00
 156   5.410520681028e+00    5.445427266067e+00
 157   5.445427266067e+00    5.480333851106e+00
 158   5.480333851106e+00    5.515240436144e+00
 159   5.515240436144e+00    5.550147021183e+00
 160   5.550147021183e+00    5.585053606222e+00
 161   5.585053606222e+00    5.619960191261e+00
 162   5.619960191261e+00    5.654866776300e+00
 163   5.654866776300e+00    5.689773361339e+00
 164   5.689773361339e+00    5.724679946378e+00
 165   5.724679946378e+00    5.759586531417e+00
 166   5.759586531417e+00    5.794493116456e+00
 167   5.794493116456e+00    5.829399701494e+00
 168   5.829399701494e+00    5.864306286533e+00
 169   5.864306286533e+00    5.899212871572e+00
 170   5.899212871572e+00    5.934119456611e+00
 171   5.934119456611e+00    5.969026041650e+00
 172   5.969026041650e+00    6.003932626689e+00
 173   6.003932626689e+00    6.038839211728e+00
 174   6.038839211728e+00    6.073745796767e+00
 175   6.073745796767e+00    6.108652381806e+00
 176   6.108652381806e+00    6.143558966844e+00
 177   6.143558966844e+00    6.178465551883e+00
 178   6.178465551883e+00    6.213372136922e+00
 179   6.213372136922e+00    6.248278721961e+00
 180   6.248278721961e+00    6.283185307000e+00
1 
 1   -1.000000000000e+00    1.000000000000e+00
